Archive member included to satisfy reference by file (symbol)

lib/libopenthread-rcp.a(ncp_hdlc.cpp.obj)
                              openthread/examples/apps/ncp/CMakeFiles/ot-rcp.dir/ncp.c.obj (otNcpHdlcInit)
lib/libopenthread-rcp.a(ncp_base.cpp.obj)
                              lib/libopenthread-rcp.a(ncp_hdlc.cpp.obj) (ot::Ncp::NcpBase::NcpBase(ot::Instance*))
lib/libopenthread-rcp.a(ncp_base_dispatcher.cpp.obj)
                              lib/libopenthread-rcp.a(ncp_base.cpp.obj) (ot::Ncp::NcpBase::FindGetPropertyHandler(unsigned long))
lib/libopenthread-rcp.a(ncp_base_radio.cpp.obj)
                              lib/libopenthread-rcp.a(ncp_base_dispatcher.cpp.obj) (otError ot::Ncp::NcpBase::HandlePropertyGet<176ul>())
lib/libopenthread-rcp.a(changed_props_set.cpp.obj)
                              lib/libopenthread-rcp.a(ncp_base.cpp.obj) (ot::Ncp::ChangedPropsSet::GetNumEntries() const)
lib/libopenthread-k32w061.a(alarm.c.obj)
                              lib/libopenthread-rcp.a(ncp_base.cpp.obj) (otPlatAlarmMilliGetNow)
lib/libopenthread-k32w061.a(misc.c.obj)
                              lib/libopenthread-rcp.a(ncp_base.cpp.obj) (otPlatGetResetReason)
lib/libopenthread-k32w061.a(system.c.obj)
                              openthread/examples/apps/ncp/CMakeFiles/ot-rcp.dir/main.c.obj (otSysInit)
lib/libopenthread-k32w061.a(uart.c.obj)
                              openthread/examples/apps/ncp/CMakeFiles/ot-rcp.dir/ncp.c.obj (otPlatUartEnable)
lib/libopenthread-k32w061.a(radio.c.obj)
                              lib/libopenthread-k32w061.a(system.c.obj) (K32WRadioInit)
lib/libopenthread-k32w061.a(link_metrics.cpp.obj)
                              lib/libopenthread-k32w061.a(radio.c.obj) (otLinkMetricsConfigureEnhAckProbing)
lib/libopenthread-k32w061.a(mac_frame.cpp.obj)
                              lib/libopenthread-k32w061.a(radio.c.obj) (otMacFrameIsData)
lib/libopenthread-k32w061.a(entropy.c.obj)
                              lib/libopenthread-k32w061.a(system.c.obj) (K32WRandomInit)
lib/libopenthread-radio.a(instance_api.cpp.obj)
                              openthread/examples/apps/ncp/CMakeFiles/ot-rcp.dir/main.c.obj (otInstanceInitSingle)
lib/libopenthread-radio.a(link_raw_api.cpp.obj)
                              lib/libopenthread-rcp.a(ncp_base_radio.cpp.obj) (otLinkRawSetReceiveDone)
lib/libopenthread-radio.a(logging_api.cpp.obj)
                              lib/libopenthread-rcp.a(ncp_base.cpp.obj) (otLoggingGetLevel)
lib/libopenthread-radio.a(tasklet_api.cpp.obj)
                              openthread/examples/apps/ncp/CMakeFiles/ot-rcp.dir/main.c.obj (otTaskletsProcess)
lib/libopenthread-radio.a(instance.cpp.obj)
                              lib/libopenthread-radio.a(instance_api.cpp.obj) (ot::Instance::InitSingle())
lib/libopenthread-radio.a(random.cpp.obj)
                              lib/libopenthread-radio.a(instance.cpp.obj) (ot::Random::Manager::~Manager())
lib/libopenthread-radio.a(tasklet.cpp.obj)
                              lib/libopenthread-rcp.a(ncp_hdlc.cpp.obj) (ot::Tasklet::Post())
lib/libopenthread-radio.a(timer.cpp.obj)
                              lib/libopenthread-k32w061.a(alarm.c.obj) (otPlatAlarmMilliFired)
lib/libopenthread-radio.a(link_raw.cpp.obj)
                              lib/libopenthread-radio.a(instance.cpp.obj) (ot::Mac::LinkRaw::Init())
lib/libopenthread-radio.a(mac_frame.cpp.obj)
                              lib/libopenthread-k32w061.a(mac_frame.cpp.obj) (ot::Mac::Frame::GetFrameControlField() const)
lib/libopenthread-radio.a(mac_types.cpp.obj)
                              lib/libopenthread-radio.a(link_raw_api.cpp.obj) (ot::Mac::ExtAddress::CopyAddress(unsigned char*, unsigned char const*, ot::Mac::ExtAddress::CopyByteOrder))
lib/libopenthread-radio.a(sub_mac.cpp.obj)
                              lib/libopenthread-radio.a(link_raw.cpp.obj) (ot::Mac::SubMac::Init())
lib/libopenthread-radio.a(sub_mac_callbacks.cpp.obj)
                              lib/libopenthread-radio.a(sub_mac.cpp.obj) (ot::Mac::SubMac::Callbacks::Callbacks(ot::Instance&))
lib/libopenthread-radio.a(radio.cpp.obj)
                              lib/libopenthread-radio.a(instance.cpp.obj) (ot::Radio::Init())
lib/libopenthread-radio.a(radio_platform.cpp.obj)
                              lib/libopenthread-k32w061.a(radio.c.obj) (otPlatRadioReceiveDone)
lib/libopenthread-radio.a(link_quality.cpp.obj)
                              lib/libopenthread-k32w061.a(link_metrics.cpp.obj) (ot::ComputeLinkMargin(signed char, signed char))
lib/libopenthread-radio.a(string.cpp.obj)
                              lib/libopenthread-radio.a(mac_types.cpp.obj) (ot::StringWriter::StringWriter(char*, unsigned short))
lib/libopenthread-radio.a(aes_ccm.cpp.obj)
                              lib/libopenthread-radio.a(mac_frame.cpp.obj) (ot::Crypto::AesCcm::SetKey(ot::Mac::KeyMaterial const&))
lib/libopenthread-radio.a(aes_ecb.cpp.obj)
[...]
Memory Configuration

Name             Origin             Length             Attributes
Flash640         0x0000000000000000 0x00000000000a0000 xr
RAM0             0x0000000004000400 0x0000000000015c00 xrw
RAM1             0x0000000004020000 0x0000000000010000 xrw
*default*        0x0000000000000000 0xffffffffffffffff

Linker script and memory map

LOAD /opt/bamboo/agent-home/xml-data/build-dir/IOTS-CT-JOB1/connectivity_toolbox/matter/.environment/cipd/packages/arm/bin/../lib/gcc/arm-none-eabi/10.3.1/thumb/v7e-m/nofp/crti.o
LOAD /opt/bamboo/agent-home/xml-data/build-dir/IOTS-CT-JOB1/connectivity_toolbox/matter/.environment/cipd/packages/arm/bin/../lib/gcc/arm-none-eabi/10.3.1/thumb/v7e-m/nofp/crtbegin.o
LOAD /opt/bamboo/agent-home/xml-data/build-dir/IOTS-CT-JOB1/connectivity_toolbox/matter/.environment/cipd/packages/arm/bin/../lib/gcc/arm-none-eabi/10.3.1/../../../../arm-none-eabi/lib/thumb/v7e-m/nofp/crt0.o
LOAD openthread/examples/apps/ncp/CMakeFiles/ot-rcp.dir/main.c.obj
LOAD openthread/examples/apps/ncp/CMakeFiles/ot-rcp.dir/ncp.c.obj
LOAD openthread/examples/apps/ncp/CMakeFiles/ot-rcp.dir/__/__/__/__/SDK_2_6_11_K32W061DK6/middleware/wireless/framework/MWSCoexistence/Source/MWS.c.obj
LOAD openthread/examples/apps/ncp/CMakeFiles/ot-rcp.dir/__/__/__/__/SDK_2_6_11_K32W061DK6/middleware/wireless/framework/TimersManager/Source/TimersManager.c.obj
LOAD openthread/examples/apps/ncp/CMakeFiles/ot-rcp.dir/__/__/__/__/SDK_2_6_11_K32W061DK6/middleware/wireless/framework/GPIO/GPIO_Adapter.c.obj
LOAD lib/libopenthread-rcp.a
LOAD lib/libopenthread-k32w061.a
LOAD lib/libopenthread-radio.a
LOAD lib/libopenthread-k32w061.a
LOAD lib/libopenthread-rcp.a
LOAD lib/libopenthread-radio.a
LOAD lib/libopenthread-spinel-rcp.a
LOAD lib/libopenthread-hdlc.a
LOAD lib/libopenthread-k32w061.a
LOAD lib/libopenthread-k32w061.a
START GROUP
LOAD lib/libnxp-k32w061-driver.a
LOAD ../../SDK_2_6_11_K32W061DK6/middleware/wireless/framework/PDM/Library/libPDM.a
LOAD ../../SDK_2_6_11_K32W061DK6/middleware/wireless/framework/XCVR/lib/libRadio.a
LOAD ../../SDK_2_6_11_K32W061DK6/middleware/wireless/framework/SecLib/lib_crypto_m4.a
LOAD ../../SDK_2_6_11_K32W061DK6/middleware/wireless/ieee-802.15.4/lib/libMiniMac_Sched.a
LOAD lib/libmbedtls.a
LOAD lib/libmbedx509.a
LOAD lib/libmbedcrypto.a
END GROUP
LOAD /opt/bamboo/agent-home/xml-data/build-dir/IOTS-CT-JOB1/connectivity_toolbox/matter/.environment/cipd/packages/arm/bin/../lib/gcc/arm-none-eabi/10.3.1/../../../../arm-none-eabi/lib/thumb/v7e-m/nofp/libstdc++_nano.a
LOAD /opt/bamboo/agent-home/xml-data/build-dir/IOTS-CT-JOB1/connectivity_toolbox/matter/.environment/cipd/packages/arm/bin/../lib/gcc/arm-none-eabi/10.3.1/../../../../arm-none-eabi/lib/thumb/v7e-m/nofp/libm.a
START GROUP
LOAD /opt/bamboo/agent-home/xml-data/build-dir/IOTS-CT-JOB1/connectivity_toolbox/matter/.environment/cipd/packages/arm/bin/../lib/gcc/arm-none-eabi/10.3.1/thumb/v7e-m/nofp/libgcc.a
LOAD /opt/bamboo/agent-home/xml-data/build-dir/IOTS-CT-JOB1/connectivity_toolbox/matter/.environment/cipd/packages/arm/bin/../lib/gcc/arm-none-eabi/10.3.1/../../../../arm-none-eabi/lib/thumb/v7e-m/nofp/libc_nano.a
END GROUP
START GROUP
LOAD /opt/bamboo/agent-home/xml-data/build-dir/IOTS-CT-JOB1/connectivity_toolbox/matter/.environment/cipd/packages/arm/bin/../lib/gcc/arm-none-eabi/10.3.1/thumb/v7e-m/nofp/libgcc.a
LOAD /opt/bamboo/agent-home/xml-data/build-dir/IOTS-CT-JOB1/connectivity_toolbox/matter/.environment/cipd/packages/arm/bin/../lib/gcc/arm-none-eabi/10.3.1/../../../../arm-none-eabi/lib/thumb/v7e-m/nofp/libc_nano.a
LOAD /opt/bamboo/agent-home/xml-data/build-dir/IOTS-CT-JOB1/connectivity_toolbox/matter/.environment/cipd/packages/arm/bin/../lib/gcc/arm-none-eabi/10.3.1/../../../../arm-none-eabi/lib/thumb/v7e-m/nofp/libnosys.a
END GROUP
START GROUP
LOAD /opt/bamboo/agent-home/xml-data/build-dir/IOTS-CT-JOB1/connectivity_toolbox/matter/.environment/cipd/packages/arm/bin/../lib/gcc/arm-none-eabi/10.3.1/thumb/v7e-m/nofp/libgcc.a
LOAD /opt/bamboo/agent-home/xml-data/build-dir/IOTS-CT-JOB1/connectivity_toolbox/matter/.environment/cipd/packages/arm/bin/../lib/gcc/arm-none-eabi/10.3.1/../../../../arm-none-eabi/lib/thumb/v7e-m/nofp/libc_nano.a
LOAD /opt/bamboo/agent-home/xml-data/build-dir/IOTS-CT-JOB1/connectivity_toolbox/matter/.environment/cipd/packages/arm/bin/../lib/gcc/arm-none-eabi/10.3.1/../../../../arm-none-eabi/lib/thumb/v7e-m/nofp/libnosys.a
END GROUP
LOAD /opt/bamboo/agent-home/xml-data/build-dir/IOTS-CT-JOB1/connectivity_toolbox/matter/.environment/cipd/packages/arm/bin/../lib/gcc/arm-none-eabi/10.3.1/thumb/v7e-m/nofp/crtend.o
LOAD /opt/bamboo/agent-home/xml-data/build-dir/IOTS-CT-JOB1/connectivity_toolbox/matter/.environment/cipd/packages/arm/bin/../lib/gcc/arm-none-eabi/10.3.1/thumb/v7e-m/nofp/crtn.o
                0x0000000000000400                BOOT_RESUME_STACK_SIZE = 0x400
                0x0000000000000fe0                STACK_SIZE = 0xfe0
                0x0000000004000400                MEM_RAM0_BASE = 0x4000400
                0x0000000000015c00                MEM_RAM0_SIZE = 0x15c00
                0x0000000004016000                __top_RAM0 = (MEM_RAM0_BASE + MEM_RAM0_SIZE)
                0x0000000004030000                __top_RAM1 = 0x4030000
                0x00000000000002f4                HEAP_SIZE = DEFINED (HEAP_SIZE)?HEAP_SIZE:0x2f4
                0x0000000000000000                m_flash_start = 0x0
                0x000000000009ffff                m_flash_end = 0x9ffff
                0x00000000000a0000                m_flash_size = 0xa0000
                0x0000000000000200                m_sector_size = 0x200
                0x0000000000000200                m_fsl_prodInfo_size = m_sector_size
                0x000000000009ddff                m_fsl_prodInfo_end = ((m_flash_size - (0x11 * m_sector_size)) - 0x1)
                0x000000000009dc00                m_fsl_prodInfo_start = ((m_fsl_prodInfo_end - m_fsl_prodInfo_size) + 0x1)
                0x000000000000003f                NV_STORAGE_MAX_SECTORS = 0x3f
                0x0000000000007e00                NV_STORAGE_SIZE = (NV_STORAGE_MAX_SECTORS * m_sector_size)
                0x000000000009ddff                NV_STORAGE_START_ADDRESS = ((m_flash_size - (0x11 * m_sector_size)) - 0x1)
                0x0000000000096000                NV_STORAGE_END_ADDRESS = ((NV_STORAGE_START_ADDRESS - NV_STORAGE_SIZE) + 0x1)
                0x000000000009ddfe                INT_STORAGE_END = (NV_STORAGE_START_ADDRESS - 0x1)
                0x0000000000048000                INT_STORAGE_START = 0x48000
                0x0000000000055dfe                INT_STORAGE_SIZE = (INT_STORAGE_END - INT_STORAGE_START)
                0x000000000009dc00                FREESCALE_PROD_DATA_BASE_ADDR = m_fsl_prodInfo_start
                0x0000000000000200                INT_STORAGE_SECTOR_SIZE = m_sector_size
                0x0000000000096000                m_app_size = 0x96000
                0x0000000000000001                __ram_vector_table__ = 0x1
                0x0000000000000120                vector_table_size = 0x120
                0x0000000000000120                M_VECTOR_RAM_SIZE = DEFINED (__ram_vector_table__)?vector_table_size:0x0

.header         0x0000000000000000      0x150
                0x0000000000000000                _flash_start = ABSOLUTE (.)
                0x0000000000000000                _flash_beg = ABSOLUTE (.)
 FILL mask 0xff
                0x0000000000000000                __vectors_start__ = ABSOLUTE (.)
                0x0000000000000000                __VECTOR_TABLE = .
                0x0000000000000000                __Vectors = .
 *(.isr_vector)
 .isr_vector    0x0000000000000000      0x120 lib/libnxp-k32w061-driver.a(startup_K32W061.c.obj)
                0x0000000000000000                g_pfnVectors
                0x0000000000000120                . = ALIGN (0x4)
                0x0000000000000120                __section_table_start = .
                0x0000000000000120                __data_section_table = .
                0x0000000000000120        0x4 LONG 0x11154 LOADADDR (.data)
                0x0000000000000124        0x4 LONG 0x4000520 ADDR (.data)
                0x0000000000000128        0x4 LONG 0x140 SIZEOF (.data)
                0x000000000000012c        0x4 LONG 0x11154 LOADADDR (.data_RAM2)
                0x0000000000000130        0x4 LONG 0x4020000 ADDR (.data_RAM2)
                0x0000000000000134        0x4 LONG 0x0 SIZEOF (.data_RAM2)
                0x0000000000000138                __data_section_table_end = .
                0x0000000000000138                __bss_section_table = .
                0x0000000000000138        0x4 LONG 0x4000660 ADDR (.bss)
                0x000000000000013c        0x4 LONG 0x428c SIZEOF (.bss)
                0x0000000000000140        0x4 LONG 0x4020000 ADDR (.bss_RAM2)
                0x0000000000000144        0x4 LONG 0x0 SIZEOF (.bss_RAM2)
                0x0000000000000148                __bss_section_table_end = .
                0x0000000000000148                __section_table_end = .
 FILL mask 0xff
                0x0000000000000150                . = ALIGN (0x10)
 *fill*         0x0000000000000148        0x8 ff

.eh_frame       0x0000000000000150        0x0
 .eh_frame      0x0000000000000150        0x0 /opt/bamboo/agent-home/xml-data/build-dir/IOTS-CT-JOB1/connectivity_toolbox/matter/.environment/cipd/packages/arm/bin/../lib/gcc/arm-none-eabi/10.3.1/thumb/v7e-m/nofp/crtbegin.o

.ro_nonce       0x0000000000000150        0x0
                0x0000000000000150                _FlsNonceStart = ABSOLUTE (.)
 *(.ro_nonce)
 FILL mask 0xff
                0x0000000000000150                . = ALIGN (0x10)

.ro_ota_header  0x0000000000000150        0x0
                0x0000000000000150                _enc_start = ABSOLUTE (.)
                0x0000000000000150                _enc_offset = (_enc_start & 0xf)
                0x0000000000000150                _FlsOtaHeader = ABSOLUTE (.)
 *(.ro_ota_header)
 FILL mask 0xff
                0x0000000000000150                . = ALIGN (0x10)

.ro_se_lnkKey   0x0000000000000150        0x0
                0x0000000000000150                _FlsLinkKey = ABSOLUTE (.)
 *(.ro_se_lnkKey)
 FILL mask 0xff
                0x0000000000000150                . = ALIGN (0x10)

.filler         0x0000000000000150       0x30
                0x0000000000000150        0x1 BYTE 0xff
 FILL mask 0xff
                0x0000000000000180                . = ALIGN (0x40)
 *fill*         0x0000000000000151       0x2f ff

.text           0x0000000000000180    0x10fcc
 FILL mask 0xff
 *(.after_vectors*)
 .after_vectors
                0x0000000000000180       0x1c lib/libnxp-k32w061-driver.a(board.c.obj)
                0x0000000000000180                BusFault_Handler
 .after_vectors.reset
                0x000000000000019c       0x20 lib/libnxp-k32w061-driver.a(startup_K32W061.c.obj)
                0x000000000000019c                ResetISR
 .after_vectors
                0x00000000000001bc      0x184 lib/libnxp-k32w061-driver.a(startup_K32W061.c.obj)
                0x00000000000001bc                PWM5_IRQHandler
                0x00000000000001bc                DMA0_DriverIRQHandler
                0x00000000000001bc                CIC_IRB_DriverIRQHandler
                0x00000000000001bc                PWM9_IRQHandler
                0x00000000000001bc                BLE_DP1_IRQHandler
                0x00000000000001bc                PWM1_IRQHandler
                0x00000000000001bc                BLE_DP_IRQHandler
                0x00000000000001bc                ADC_SEQB_IRQHandler
                0x00000000000001bc                PWM3_IRQHandler
                0x00000000000001bc                NFCTag_IRQHandler
                0x00000000000001bc                BLE_LL_ALL_IRQHandler
                0x00000000000001bc                IntDefaultHandler
                0x00000000000001bc                ISO7816_IRQHandler
                0x00000000000001bc                PVT_RED1_IRQHandler
                0x00000000000001bc                DMIC0_DriverIRQHandler
                0x00000000000001bc                RTC_IRQHandler
                0x00000000000001bc                RFP_AGC_IRQHandler
                0x00000000000001bc                WAKE_UP_TIMER0_IRQHandler
                0x00000000000001bc                PWM2_IRQHandler
                0x00000000000001bc                CTIMER0_DriverIRQHandler
                0x00000000000001bc                CTIMER1_DriverIRQHandler
                0x00000000000001bc                PVT_RED0_IRQHandler
                0x00000000000001bc                HWVAD0_DriverIRQHandler
                0x00000000000001bc                PVT_AMBER1_IRQHandler
                0x00000000000001bc                PWM10_IRQHandler
                0x00000000000001bc                PWM4_IRQHandler
                0x00000000000001bc                PWM7_IRQHandler
                0x00000000000001bc                MAILBOX_IRQHandler
                0x00000000000001bc                ADC_SEQA_IRQHandler
                0x00000000000001bc                ANA_COMP_IRQHandler
                0x00000000000001bc                SPIFI_IRQHandler
                0x00000000000001bc                System_IRQHandler
                0x00000000000001bc                PWM0_IRQHandler
                0x00000000000001bc                BLE_WakeupTimer_IRQHandler
                0x00000000000001bc                BLE_DP0_IRQHandler
                0x00000000000001bc                PVT_AMBER0_IRQHandler
                0x00000000000001bc                GINT0_DriverIRQHandler
                0x00000000000001bc                ADC_THCMP_OVR_IRQHandler
                0x00000000000001bc                PWM6_IRQHandler
                0x00000000000001bc                BLE_DP2_IRQHandler
                0x00000000000001bc                PWM8_IRQHandler
                0x00000000000001bc                SHA_IRQHandler
                0x00000000000001be                NMI_Handler
                0x00000000000001c0                HardFault_Handler
                0x00000000000001c2                MemManage_Handler
                0x00000000000001c6                UsageFault_Handler
                0x00000000000001c8                SVC_Handler
                0x00000000000001ca                DebugMon_Handler
                0x00000000000001cc                PendSV_Handler
                0x00000000000001ce                SysTick_Handler
                0x00000000000001d0                MAC_154_IRQHandler
                0x00000000000001f4                MODEM_154_IRQHandler
                0x0000000000000218                data_init(unsigned int, unsigned int, unsigned int)
                0x000000000000022a                bss_init(unsigned int, unsigned int)
                0x0000000000000240                ResetISR2
 *(.text*)
 .text          0x0000000000000340       0x40 /opt/bamboo/agent-home/xml-data/build-dir/IOTS-CT-JOB1/connectivity_toolbox/matter/.environment/cipd/packages/arm/bin/../lib/gcc/arm-none-eabi/10.3.1/thumb/v7e-m/nofp/crtbegin.o
 .text.otTaskletsSignalPending
                0x0000000000000380        0x2 openthread/examples/apps/ncp/CMakeFiles/ot-rcp.dir/main.c.obj
                0x0000000000000380                otTaskletsSignalPending
 .text.startup.main
                0x0000000000000382       0x34 openthread/examples/apps/ncp/CMakeFiles/ot-rcp.dir/main.c.obj
                0x0000000000000382                main
 .text.NcpSend  0x00000000000003b6        0xc openthread/examples/apps/ncp/CMakeFiles/ot-rcp.dir/ncp.c.obj
 .text.otPlatUartReceived
                0x00000000000003c2        0x4 openthread/examples/apps/ncp/CMakeFiles/ot-rcp.dir/ncp.c.obj
                0x00000000000003c2                otPlatUartReceived
 .text.otPlatUartSendDone
                0x00000000000003c6        0x4 openthread/examples/apps/ncp/CMakeFiles/ot-rcp.dir/ncp.c.obj
                0x00000000000003c6                otPlatUartSendDone
 *fill*         0x00000000000003ca        0x2 ff
 .text.otAppNcpInit
                0x00000000000003cc       0x18 openthread/examples/apps/ncp/CMakeFiles/ot-rcp.dir/ncp.c.obj
                0x00000000000003cc                otAppNcpInit
 .text.MWS_SetPriority
                0x00000000000003e4       0x3c openthread/examples/apps/ncp/CMakeFiles/ot-rcp.dir/__/__/__/__/SDK_2_6_11_K32W061DK6/middleware/wireless/framework/MWSCoexistence/Source/MWS.c.obj
 .text.MWS_DisableRfDenyPinInterrupt
                0x0000000000000420       0x18 openthread/examples/apps/ncp/CMakeFiles/ot-rcp.dir/__/__/__/__/SDK_2_6_11_K32W061DK6/middleware/wireless/framework/MWSCoexistence/Source/MWS.c.obj
 .text.MWS_EnableRfDenyPinInterrupt
                0x0000000000000438       0x1c openthread/examples/apps/ncp/CMakeFiles/ot-rcp.dir/__/__/__/__/SDK_2_6_11_K32W061DK6/middleware/wireless/framework/MWSCoexistence/Source/MWS.c.obj
 .text.rf_deny_pin_changed
                0x0000000000000454       0x68 openthread/examples/apps/ncp/CMakeFiles/ot-rcp.dir/__/__/__/__/SDK_2_6_11_K32W061DK6/middleware/wireless/framework/MWSCoexistence/Source/MWS.c.obj
 .text.MWS_CoexistenceEnable
                0x00000000000004bc       0x6c openthread/examples/apps/ncp/CMakeFiles/ot-rcp.dir/__/__/__/__/SDK_2_6_11_K32W061DK6/middleware/wireless/framework/MWSCoexistence/Source/MWS.c.obj
                0x00000000000004bc                MWS_CoexistenceEnable
 .text.MWS_CoexistenceRegister
                0x0000000000000528       0x54 openthread/examples/apps/ncp/CMakeFiles/ot-rcp.dir/__/__/__/__/SDK_2_6_11_K32W061DK6/middleware/wireless/framework/MWSCoexistence/Source/MWS.c.obj
                0x0000000000000528                MWS_CoexistenceRegister
 .text.MWS_CoexistenceSetPriority
                0x000000000000057c       0x34 openthread/examples/apps/ncp/CMakeFiles/ot-rcp.dir/__/__/__/__/SDK_2_6_11_K32W061DK6/middleware/wireless/framework/MWSCoexistence/Source/MWS.c.obj
                0x000000000000057c                MWS_CoexistenceSetPriority
 .text.MWS_CoexistenceChangeAccess
                0x00000000000005b0       0x20 openthread/examples/apps/ncp/CMakeFiles/ot-rcp.dir/__/__/__/__/SDK_2_6_11_K32W061DK6/middleware/wireless/framework/MWSCoexistence/Source/MWS.c.obj
                0x00000000000005b0                MWS_CoexistenceChangeAccess
 .text.MWS_CoexistenceReleaseAccess
                0x00000000000005d0       0x44 openthread/examples/apps/ncp/CMakeFiles/ot-rcp.dir/__/__/__/__/SDK_2_6_11_K32W061DK6/middleware/wireless/framework/MWSCoexistence/Source/MWS.c.obj
                0x00000000000005d0                MWS_CoexistenceReleaseAccess
 .text.MWS_CoexistenceInit
                0x0000000000000614       0x80 openthread/examples/apps/ncp/CMakeFiles/ot-rcp.dir/__/__/__/__/SDK_2_6_11_K32W061DK6/middleware/wireless/framework/MWSCoexistence/Source/MWS.c.obj
                0x0000000000000614                MWS_CoexistenceInit
 .text.MWS_CoexistenceDisable
                0x0000000000000694       0x38 openthread/examples/apps/ncp/CMakeFiles/ot-rcp.dir/__/__/__/__/SDK_2_6_11_K32W061DK6/middleware/wireless/framework/MWSCoexistence/Source/MWS.c.obj
                0x0000000000000694                MWS_CoexistenceDisable
 .text.MWS_CoexistenceRequestAccess
                0x00000000000006cc       0xe8 openthread/examples/apps/ncp/CMakeFiles/ot-rcp.dir/__/__/__/__/SDK_2_6_11_K32W061DK6/middleware/wireless/framework/MWSCoexistence/Source/MWS.c.obj
                0x00000000000006cc                MWS_CoexistenceRequestAccess
 .text.MWS_CoexistenceIsEnabled
                0x00000000000007b4        0xc openthread/examples/apps/ncp/CMakeFiles/ot-rcp.dir/__/__/__/__/SDK_2_6_11_K32W061DK6/middleware/wireless/framework/MWSCoexistence/Source/MWS.c.obj
                0x00000000000007b4                MWS_CoexistenceIsEnabled
 .text.TMR_TimeStampInit
                0x00000000000007c0        0x4 openthread/examples/apps/ncp/CMakeFiles/ot-rcp.dir/__/__/__/__/SDK_2_6_11_K32W061DK6/middleware/wireless/framework/TimersManager/Source/TimersManager.c.obj
                0x00000000000007c0                TMR_TimeStampInit
 .text.TMR_GetTimestamp
                0x00000000000007c4        0x4 openthread/examples/apps/ncp/CMakeFiles/ot-rcp.dir/__/__/__/__/SDK_2_6_11_K32W061DK6/middleware/wireless/framework/TimersManager/Source/TimersManager.c.obj
                0x00000000000007c4                TMR_GetTimestamp
 .text.__NVIC_SetPriority
                0x00000000000007c8       0x28 openthread/examples/apps/ncp/CMakeFiles/ot-rcp.dir/__/__/__/__/SDK_2_6_11_K32W061DK6/middleware/wireless/framework/GPIO/GPIO_Adapter.c.obj
 .text.Gpio_CommonIsr
                0x00000000000007f0       0x54 openthread/examples/apps/ncp/CMakeFiles/ot-rcp.dir/__/__/__/__/SDK_2_6_11_K32W061DK6/middleware/wireless/framework/GPIO/GPIO_Adapter.c.obj
                0x00000000000007f0                Gpio_CommonIsr
 .text.GpioSetInterruptType
                0x0000000000000844       0x70 openthread/examples/apps/ncp/CMakeFiles/ot-rcp.dir/__/__/__/__/SDK_2_6_11_K32W061DK6/middleware/wireless/framework/GPIO/GPIO_Adapter.c.obj
                0x0000000000000844                GpioSetInterruptType
 .text.GpioSetPinInterrupt
                0x00000000000008b4        0x4 openthread/examples/apps/ncp/CMakeFiles/ot-rcp.dir/__/__/__/__/SDK_2_6_11_K32W061DK6/middleware/wireless/framework/GPIO/GPIO_Adapter.c.obj
                0x00000000000008b4                GpioSetPinInterrupt
 .text.GpioSetPinPullMode
                0x00000000000008b8       0x24 openthread/examples/apps/ncp/CMakeFiles/ot-rcp.dir/__/__/__/__/SDK_2_6_11_K32W061DK6/middleware/wireless/framework/GPIO/GPIO_Adapter.c.obj
                0x00000000000008b8                GpioSetPinPullMode
 .text.GpioSetPinMux
                0x00000000000008dc       0x24 openthread/examples/apps/ncp/CMakeFiles/ot-rcp.dir/__/__/__/__/SDK_2_6_11_K32W061DK6/middleware/wireless/framework/GPIO/GPIO_Adapter.c.obj
                0x00000000000008dc                GpioSetPinMux
 .text.GpioClearPinIntFlag
                0x0000000000000900        0xc openthread/examples/apps/ncp/CMakeFiles/ot-rcp.dir/__/__/__/__/SDK_2_6_11_K32W061DK6/middleware/wireless/framework/GPIO/GPIO_Adapter.c.obj
                0x0000000000000900                GpioClearPinIntFlag
 .text.GpioSetPinOutput
                0x000000000000090c       0x18 openthread/examples/apps/ncp/CMakeFiles/ot-rcp.dir/__/__/__/__/SDK_2_6_11_K32W061DK6/middleware/wireless/framework/GPIO/GPIO_Adapter.c.obj
                0x000000000000090c                GpioSetPinOutput
 .text.GpioClearPinOutput
                0x0000000000000924       0x18 openthread/examples/apps/ncp/CMakeFiles/ot-rcp.dir/__/__/__/__/SDK_2_6_11_K32W061DK6/middleware/wireless/framework/GPIO/GPIO_Adapter.c.obj
                0x0000000000000924                GpioClearPinOutput
 .text.GpioReadPinInput
                0x000000000000093c       0x14 openthread/examples/apps/ncp/CMakeFiles/ot-rcp.dir/__/__/__/__/SDK_2_6_11_K32W061DK6/middleware/wireless/framework/GPIO/GPIO_Adapter.c.obj
                0x000000000000093c                GpioReadPinInput
 .text.GpioInputPinInit
                0x0000000000000950       0xe4 openthread/examples/apps/ncp/CMakeFiles/ot-rcp.dir/__/__/__/__/SDK_2_6_11_K32W061DK6/middleware/wireless/framework/GPIO/GPIO_Adapter.c.obj
                0x0000000000000950                GpioInputPinInit
 .text.GpioOutputPinInit
                0x0000000000000a34       0x60 openthread/examples/apps/ncp/CMakeFiles/ot-rcp.dir/__/__/__/__/SDK_2_6_11_K32W061DK6/middleware/wireless/framework/GPIO/GPIO_Adapter.c.obj
                0x0000000000000a34                GpioOutputPinInit
 .text.GpioInstallIsr
                0x0000000000000a94      0x164 openthread/examples/apps/ncp/CMakeFiles/ot-rcp.dir/__/__/__/__/SDK_2_6_11_K32W061DK6/middleware/wireless/framework/GPIO/GPIO_Adapter.c.obj
                0x0000000000000a94                GpioInstallIsr
 .text._ZN2ot3Ncp7NcpHdlcC2EPNS_8InstanceEPFiPKhtE
                0x0000000000000bf8       0x88 lib/libopenthread-rcp.a(ncp_hdlc.cpp.obj)
                0x0000000000000bf8                ot::Ncp::NcpHdlc::NcpHdlc(ot::Instance*, int (*)(unsigned char const*, unsigned short))
                0x0000000000000bf8                ot::Ncp::NcpHdlc::NcpHdlc(ot::Instance*, int (*)(unsigned char const*, unsigned short))
 .text.otNcpHdlcInit
                0x0000000000000c80       0x20 lib/libopenthread-rcp.a(ncp_hdlc.cpp.obj)
                0x0000000000000c80                otNcpHdlcInit
 .text._ZN2ot3Ncp7NcpHdlc27HandleFrameAddedToNcpBufferEv
                0x0000000000000ca0       0x1e lib/libopenthread-rcp.a(ncp_hdlc.cpp.obj)
                0x0000000000000ca0                ot::Ncp::NcpHdlc::HandleFrameAddedToNcpBuffer()
 .text._ZN2ot3Ncp7NcpHdlc27HandleFrameAddedToNcpBufferEPvPKvNS_6Spinel6Buffer8PriorityEPS6_
                0x0000000000000cbe        0x4 lib/libopenthread-rcp.a(ncp_hdlc.cpp.obj)
                0x0000000000000cbe                ot::Ncp::NcpHdlc::HandleFrameAddedToNcpBuffer(void*, void const*, ot::Spinel::Buffer::Priority, ot::Spinel::Buffer*)
 .text._ZN2ot3Ncp7NcpHdlc13EncodeAndSendEv
                0x0000000000000cc2       0xe2 lib/libopenthread-rcp.a(ncp_hdlc.cpp.obj)
                0x0000000000000cc2                ot::Ncp::NcpHdlc::EncodeAndSend()
 .text._ZN2ot3Ncp7NcpHdlc13EncodeAndSendERNS_7TaskletE
                0x0000000000000da4        0xe lib/libopenthread-rcp.a(ncp_hdlc.cpp.obj)
                0x0000000000000da4                ot::Ncp::NcpHdlc::EncodeAndSend(ot::Tasklet&)
 .text._ZN2ot3Ncp7NcpHdlc18HandleHdlcSendDoneEv
                0x0000000000000db2       0x20 lib/libopenthread-rcp.a(ncp_hdlc.cpp.obj)
                0x0000000000000db2                ot::Ncp::NcpHdlc::HandleHdlcSendDone()
 .text.otNcpHdlcSendDone
                0x0000000000000dd2       0x12 lib/libopenthread-rcp.a(ncp_hdlc.cpp.obj)
                0x0000000000000dd2                otNcpHdlcSendDone
 .text.otNcpHdlcReceive
                0x0000000000000de4       0x20 lib/libopenthread-rcp.a(ncp_hdlc.cpp.obj)
                0x0000000000000de4                otNcpHdlcReceive
 .text._ZN2ot3Ncp7NcpHdlc11HandleErrorE7otErrorPht
                0x0000000000000e04       0x8c lib/libopenthread-rcp.a(ncp_hdlc.cpp.obj)
                0x0000000000000e04                ot::Ncp::NcpHdlc::HandleError(otError, unsigned char*, unsigned short)
 .text._ZN2ot3Ncp7NcpHdlc11HandleFrameE7otError
                0x0000000000000e90       0x34 lib/libopenthread-rcp.a(ncp_hdlc.cpp.obj)
                0x0000000000000e90                ot::Ncp::NcpHdlc::HandleFrame(otError)
 .text._ZN2ot3Ncp7NcpHdlc11HandleFrameEPv7otError
                0x0000000000000ec4        0x4 lib/libopenthread-rcp.a(ncp_hdlc.cpp.obj)
                0x0000000000000ec4                ot::Ncp::NcpHdlc::HandleFrame(void*, otError)
 .text._ZN2ot6Spinel7Encoder10WriteUint8Eh.isra.0
                0x0000000000000ec8        0x4 lib/libopenthread-rcp.a(ncp_base.cpp.obj)
 .text._ZN2ot6Spinel7Encoder9WriteBoolEb.isra.0
                0x0000000000000ecc        0x4 lib/libopenthread-rcp.a(ncp_base.cpp.obj)
 .text._ZN2ot3Ncp7NcpBase25ThreadErrorToSpinelStatusE7otError
                0x0000000000000ed0       0x6c lib/libopenthread-rcp.a(ncp_base.cpp.obj)
                0x0000000000000ed0                ot::Ncp::NcpBase::ThreadErrorToSpinelStatus(otError)
 .text._ZN2ot3Ncp7NcpBaseC2EPNS_8InstanceE
                0x0000000000000f3c       0xf8 lib/libopenthread-rcp.a(ncp_base.cpp.obj)
                0x0000000000000f3c                ot::Ncp::NcpBase::NcpBase(ot::Instance*)
                0x0000000000000f3c                ot::Ncp::NcpBase::NcpBase(ot::Instance*)
 .text._ZN2ot3Ncp7NcpBase14GetNcpInstanceEv
                0x0000000000001034        0xc lib/libopenthread-rcp.a(ncp_base.cpp.obj)
                0x0000000000001034                ot::Ncp::NcpBase::GetNcpInstance()
 .text._ZN2ot3Ncp7NcpBase14ShouldWakeHostEv
                0x0000000000001040       0x14 lib/libopenthread-rcp.a(ncp_base.cpp.obj)
                0x0000000000001040                ot::Ncp::NcpBase::ShouldWakeHost()
 .text._ZN2ot3Ncp7NcpBase19ShouldDeferHostSendEv
                0x0000000000001054       0x14 lib/libopenthread-rcp.a(ncp_base.cpp.obj)
                0x0000000000001054                ot::Ncp::NcpBase::ShouldDeferHostSend()
 .text._ZN2ot3Ncp7NcpBase26IncrementFrameErrorCounterEv
                0x0000000000001068       0x10 lib/libopenthread-rcp.a(ncp_base.cpp.obj)
                0x0000000000001068                ot::Ncp::NcpBase::IncrementFrameErrorCounter()
 .text._ZN2ot3Ncp7NcpBase11StreamWriteEiPKhi
                0x0000000000001078       0x7e lib/libopenthread-rcp.a(ncp_base.cpp.obj)
                0x0000000000001078                ot::Ncp::NcpBase::StreamWrite(int, unsigned char const*, int)
 *fill*         0x00000000000010f6        0x2 ff
 .text._ZN2ot3Ncp7NcpBase15ConvertLogLevelEi
                0x00000000000010f8       0x14 lib/libopenthread-rcp.a(ncp_base.cpp.obj)
                0x00000000000010f8                ot::Ncp::NcpBase::ConvertLogLevel(int)
 .text._ZN2ot3Ncp7NcpBase15EnqueueResponseEhNS1_12ResponseTypeEj
                0x000000000000110c       0xc8 lib/libopenthread-rcp.a(ncp_base.cpp.obj)
                0x000000000000110c                ot::Ncp::NcpBase::EnqueueResponse(unsigned char, ot::Ncp::NcpBase::ResponseType, unsigned int)
 .text._ZN2ot3Ncp7NcpBase25PrepareLastStatusResponseEhm
                0x00000000000011d4        0x8 lib/libopenthread-rcp.a(ncp_base.cpp.obj)
                0x00000000000011d4                ot::Ncp::NcpBase::PrepareLastStatusResponse(unsigned char, unsigned long)
 .text._ZN2ot3Ncp7NcpBase20WriteLastStatusFrameEhm
                0x00000000000011dc       0x34 lib/libopenthread-rcp.a(ncp_base.cpp.obj)
                0x00000000000011dc                ot::Ncp::NcpBase::WriteLastStatusFrame(unsigned char, unsigned long)
 .text._ZN2ot3Ncp7NcpBase25WritePropertyValueIsFrameEhmb
                0x0000000000001210       0x72 lib/libopenthread-rcp.a(ncp_base.cpp.obj)
                0x0000000000001210                ot::Ncp::NcpBase::WritePropertyValueIsFrame(unsigned char, unsigned long, bool)
 .text._ZN2ot3Ncp7NcpBase19SendQueuedResponsesEv
                0x0000000000001282       0x8c lib/libopenthread-rcp.a(ncp_base.cpp.obj)
                0x0000000000001282                ot::Ncp::NcpBase::SendQueuedResponses()
 *fill*         0x000000000000130e        0x2 ff
 .text._ZN2ot3Ncp7NcpBase18UpdateChangedPropsEv
                0x0000000000001310       0xc8 lib/libopenthread-rcp.a(ncp_base.cpp.obj)
                0x0000000000001310                ot::Ncp::NcpBase::UpdateChangedProps()
 .text._ZN2ot3Ncp7NcpBase18UpdateChangedPropsERNS_7TaskletE
                0x00000000000013d8        0xc lib/libopenthread-rcp.a(ncp_base.cpp.obj)
                0x00000000000013d8                ot::Ncp::NcpBase::UpdateChangedProps(ot::Tasklet&)
 .text._ZN2ot3Ncp7NcpBase31HandleFrameRemovedFromNcpBufferEPKv
                0x00000000000013e4       0x5a lib/libopenthread-rcp.a(ncp_base.cpp.obj)
                0x00000000000013e4                ot::Ncp::NcpBase::HandleFrameRemovedFromNcpBuffer(void const*)
 .text._ZN2ot3Ncp7NcpBase31HandleFrameRemovedFromNcpBufferEPvPKvNS_6Spinel6Buffer8PriorityEPS6_
                0x000000000000143e        0x4 lib/libopenthread-rcp.a(ncp_base.cpp.obj)
                0x000000000000143e                ot::Ncp::NcpBase::HandleFrameRemovedFromNcpBuffer(void*, void const*, ot::Spinel::Buffer::Priority, ot::Spinel::Buffer*)
 .text._ZN2ot3Ncp7NcpBase38WritePropertyValueInsertedRemovedFrameEhjmPKht
                0x0000000000001442       0x2e lib/libopenthread-rcp.a(ncp_base.cpp.obj)
                0x0000000000001442                ot::Ncp::NcpBase::WritePropertyValueInsertedRemovedFrame(unsigned char, unsigned int, unsigned long, unsigned char const*, unsigned short)
 .text._ZN2ot3Ncp7NcpBase33HandleCommandPropertyInsertRemoveEhmj
                0x0000000000001470       0xc2 lib/libopenthread-rcp.a(ncp_base.cpp.obj)
                0x0000000000001470                ot::Ncp::NcpBase::HandleCommandPropertyInsertRemove(unsigned char, unsigned long, unsigned int)
 .text._ZN2ot3Ncp7NcpBase19CommandHandler_NOOPEh
                0x0000000000001532        0xa lib/libopenthread-rcp.a(ncp_base.cpp.obj)
                0x0000000000001532                ot::Ncp::NcpBase::CommandHandler_NOOP(unsigned char)
 .text._ZN2ot3Ncp7NcpBase20CommandHandler_RESETEh
                0x000000000000153c       0x74 lib/libopenthread-rcp.a(ncp_base.cpp.obj)
                0x000000000000153c                ot::Ncp::NcpBase::CommandHandler_RESET(unsigned char)
 .text._ZN2ot3Ncp7NcpBase17HandlePropertyGetILm32EEE7otErrorv
                0x00000000000015b0       0x16 lib/libopenthread-rcp.a(ncp_base.cpp.obj)
                0x00000000000015b0                otError ot::Ncp::NcpBase::HandlePropertyGet<32ul>()
 .text._ZN2ot3Ncp7NcpBase17HandlePropertyGetILm33EEE7otErrorv
                0x00000000000015c6       0x16 lib/libopenthread-rcp.a(ncp_base.cpp.obj)
                0x00000000000015c6                otError ot::Ncp::NcpBase::HandlePropertyGet<33ul>()
 .text._ZN2ot3Ncp7NcpBase17HandlePropertySetILm33EEE7otErrorv
                0x00000000000015dc       0x42 lib/libopenthread-rcp.a(ncp_base.cpp.obj)
                0x00000000000015dc                otError ot::Ncp::NcpBase::HandlePropertySet<33ul>()
 .text._ZN2ot3Ncp7NcpBase17HandlePropertyGetILm56EEE7otErrorv
                0x000000000000161e       0x1e lib/libopenthread-rcp.a(ncp_base.cpp.obj)
                0x000000000000161e                otError ot::Ncp::NcpBase::HandlePropertyGet<56ul>()
 .text._ZN2ot3Ncp7NcpBase17HandlePropertySetILm56EEE7otErrorv
                0x000000000000163c       0x36 lib/libopenthread-rcp.a(ncp_base.cpp.obj)
                0x000000000000163c                otError ot::Ncp::NcpBase::HandlePropertySet<56ul>()
 .text._ZN2ot3Ncp7NcpBase17HandlePropertyGetILm54EEE7otErrorv
                0x0000000000001672       0x18 lib/libopenthread-rcp.a(ncp_base.cpp.obj)
                0x0000000000001672                otError ot::Ncp::NcpBase::HandlePropertyGet<54ul>()
 .text._ZN2ot3Ncp7NcpBase17HandlePropertySetILm54EEE7otErrorv
                0x000000000000168a       0x1e lib/libopenthread-rcp.a(ncp_base.cpp.obj)
                0x000000000000168a                otError ot::Ncp::NcpBase::HandlePropertySet<54ul>()
 .text._ZN2ot3Ncp7NcpBase17HandlePropertyGetILm52EEE7otErrorv
                0x00000000000016a8       0x18 lib/libopenthread-rcp.a(ncp_base.cpp.obj)
                0x00000000000016a8                otError ot::Ncp::NcpBase::HandlePropertyGet<52ul>()
 .text._ZN2ot3Ncp7NcpBase17HandlePropertySetILm52EEE7otErrorv
                0x00000000000016c0       0x1c lib/libopenthread-rcp.a(ncp_base.cpp.obj)
                0x00000000000016c0                otError ot::Ncp::NcpBase::HandlePropertySet<52ul>()
 .text._ZN2ot3Ncp7NcpBase17HandlePropertyGetILm53EEE7otErrorv
                0x00000000000016dc       0x18 lib/libopenthread-rcp.a(ncp_base.cpp.obj)
                0x00000000000016dc                otError ot::Ncp::NcpBase::HandlePropertyGet<53ul>()
 .text._ZN2ot3Ncp7NcpBase17HandlePropertyGetILm55EEE7otErrorv
                0x00000000000016f4        0xe lib/libopenthread-rcp.a(ncp_base.cpp.obj)
                0x00000000000016f4                otError ot::Ncp::NcpBase::HandlePropertyGet<55ul>()
 .text._ZN2ot3Ncp7NcpBase17HandlePropertySetILm55EEE7otErrorv
                0x0000000000001702       0x46 lib/libopenthread-rcp.a(ncp_base.cpp.obj)
                0x0000000000001702                otError ot::Ncp::NcpBase::HandlePropertySet<55ul>()
 .text._ZN2ot3Ncp7NcpBase17HandlePropertyGetILm2052EEE7otErrorv
                0x0000000000001748       0x16 lib/libopenthread-rcp.a(ncp_base.cpp.obj)
                0x0000000000001748                otError ot::Ncp::NcpBase::HandlePropertyGet<2052ul>()
 .text._ZN2ot3Ncp7NcpBase17HandlePropertyGetILm2053EEE7otErrorv
                0x000000000000175e       0x16 lib/libopenthread-rcp.a(ncp_base.cpp.obj)
                0x000000000000175e                otError ot::Ncp::NcpBase::HandlePropertyGet<2053ul>()
 .text._ZN2ot3Ncp7NcpBase17EncodeChannelMaskEm
                0x0000000000001774       0x2a lib/libopenthread-rcp.a(ncp_base.cpp.obj)
                0x0000000000001774                ot::Ncp::NcpBase::EncodeChannelMask(unsigned long)
 .text._ZN2ot3Ncp7NcpBase17DecodeChannelMaskERm
                0x000000000000179e       0x46 lib/libopenthread-rcp.a(ncp_base.cpp.obj)
                0x000000000000179e                ot::Ncp::NcpBase::DecodeChannelMask(unsigned long&)
 .text._ZN2ot3Ncp7NcpBase17HandlePropertyGetILm49EEE7otErrorv
                0x00000000000017e4        0x8 lib/libopenthread-rcp.a(ncp_base.cpp.obj)
                0x00000000000017e4                otError ot::Ncp::NcpBase::HandlePropertyGet<49ul>()
 .text._ZN2ot3Ncp7NcpBase17HandlePropertySetILm49EEE7otErrorv
                0x00000000000017ec       0x1a lib/libopenthread-rcp.a(ncp_base.cpp.obj)
                0x00000000000017ec                otError ot::Ncp::NcpBase::HandlePropertySet<49ul>()
 .text._ZN2ot3Ncp7NcpBase17HandlePropertyGetILm50EEE7otErrorv
                0x0000000000001806        0xa lib/libopenthread-rcp.a(ncp_base.cpp.obj)
                0x0000000000001806                otError ot::Ncp::NcpBase::HandlePropertyGet<50ul>()
 .text._ZN2ot3Ncp7NcpBase17HandlePropertySetILm50EEE7otErrorv
                0x0000000000001810        0xa lib/libopenthread-rcp.a(ncp_base.cpp.obj)
                0x0000000000001810                otError ot::Ncp::NcpBase::HandlePropertySet<50ul>()
 .text._ZN2ot3Ncp7NcpBase17HandlePropertyGetILm48EEE7otErrorv
                0x000000000000181a       0x28 lib/libopenthread-rcp.a(ncp_base.cpp.obj)
                0x000000000000181a                otError ot::Ncp::NcpBase::HandlePropertyGet<48ul>()
 *fill*         0x0000000000001842        0x2 ff
 .text._ZN2ot3Ncp7NcpBase17HandlePropertySetILm48EEE7otErrorv
                0x0000000000001844       0x78 lib/libopenthread-rcp.a(ncp_base.cpp.obj)
                0x0000000000001844                otError ot::Ncp::NcpBase::HandlePropertySet<48ul>()
 .text._ZN2ot3Ncp7NcpBase20HandlePropertyInsertILm4104EEE7otErrorv
                0x00000000000018bc       0x1e lib/libopenthread-rcp.a(ncp_base.cpp.obj)
                0x00000000000018bc                otError ot::Ncp::NcpBase::HandlePropertyInsert<4104ul>()
 .text._ZN2ot3Ncp7NcpBase20HandlePropertyRemoveILm4104EEE7otErrorv
                0x00000000000018da       0x1e lib/libopenthread-rcp.a(ncp_base.cpp.obj)
                0x00000000000018da                otError ot::Ncp::NcpBase::HandlePropertyRemove<4104ul>()
 .text._ZN2ot3Ncp7NcpBase17HandlePropertyGetILm0EEE7otErrorv
                0x00000000000018f8        0xa lib/libopenthread-rcp.a(ncp_base.cpp.obj)
                0x00000000000018f8                otError ot::Ncp::NcpBase::HandlePropertyGet<0ul>()
 .text._ZN2ot3Ncp7NcpBase17HandlePropertyGetILm1EEE7otErrorv
                0x0000000000001902       0x1e lib/libopenthread-rcp.a(ncp_base.cpp.obj)
                0x0000000000001902                otError ot::Ncp::NcpBase::HandlePropertyGet<1ul>()
 .text._ZN2ot3Ncp7NcpBase17HandlePropertyGetILm3EEE7otErrorv
                0x0000000000001920        0x8 lib/libopenthread-rcp.a(ncp_base.cpp.obj)
                0x0000000000001920                otError ot::Ncp::NcpBase::HandlePropertyGet<3ul>()
 .text._ZN2ot3Ncp7NcpBase17HandlePropertyGetILm4EEE7otErrorv
                0x0000000000001928        0x8 lib/libopenthread-rcp.a(ncp_base.cpp.obj)
                0x0000000000001928                otError ot::Ncp::NcpBase::HandlePropertyGet<4ul>()
 .text._ZN2ot3Ncp7NcpBase17HandlePropertyGetILm5EEE7otErrorv
                0x0000000000001930       0x48 lib/libopenthread-rcp.a(ncp_base.cpp.obj)
                0x0000000000001930                otError ot::Ncp::NcpBase::HandlePropertyGet<5ul>()
 .text._ZN2ot3Ncp7NcpBase17HandlePropertyGetILm2EEE7otErrorv
                0x0000000000001978       0x16 lib/libopenthread-rcp.a(ncp_base.cpp.obj)
                0x0000000000001978                otError ot::Ncp::NcpBase::HandlePropertyGet<2ul>()
 .text._ZN2ot3Ncp7NcpBase17HandlePropertyGetILm6EEE7otErrorv
                0x000000000000198e        0x8 lib/libopenthread-rcp.a(ncp_base.cpp.obj)
                0x000000000000198e                otError ot::Ncp::NcpBase::HandlePropertyGet<6ul>()
 .text._ZN2ot3Ncp7NcpBase17HandlePropertyGetILm13EEE7otErrorv
                0x0000000000001996        0x8 lib/libopenthread-rcp.a(ncp_base.cpp.obj)
                0x0000000000001996                otError ot::Ncp::NcpBase::HandlePropertyGet<13ul>()
 .text._ZN2ot3Ncp7NcpBase17HandlePropertyGetILm7EEE7otErrorv
                0x000000000000199e        0x8 lib/libopenthread-rcp.a(ncp_base.cpp.obj)
                0x000000000000199e                otError ot::Ncp::NcpBase::HandlePropertyGet<7ul>()
 .text._ZN2ot3Ncp7NcpBase17HandlePropertySetILm7EEE7otErrorv
                0x00000000000019a6        0x4 lib/libopenthread-rcp.a(ncp_base.cpp.obj)
                0x00000000000019a6                otError ot::Ncp::NcpBase::HandlePropertySet<7ul>()
 .text._ZN2ot3Ncp7NcpBase17HandlePropertyGetILm8EEE7otErrorv
                0x00000000000019aa       0x1a lib/libopenthread-rcp.a(ncp_base.cpp.obj)
                0x00000000000019aa                otError ot::Ncp::NcpBase::HandlePropertyGet<8ul>()
 .text._ZN2ot3Ncp7NcpBase17HandlePropertyGetILm9EEE7otErrorv
                0x00000000000019c4        0x8 lib/libopenthread-rcp.a(ncp_base.cpp.obj)
                0x00000000000019c4                otError ot::Ncp::NcpBase::HandlePropertyGet<9ul>()
 .text._ZN2ot3Ncp7NcpBase17HandlePropertyGetILm12EEE7otErrorv
                0x00000000000019cc        0xa lib/libopenthread-rcp.a(ncp_base.cpp.obj)
                0x00000000000019cc                otError ot::Ncp::NcpBase::HandlePropertyGet<12ul>()
 *fill*         0x00000000000019d6        0x2 ff
 .text._ZN2ot3Ncp7NcpBase46HandlePropertySet_SPINEL_PROP_HOST_POWER_STATEEh
                0x00000000000019d8       0x8c lib/libopenthread-rcp.a(ncp_base.cpp.obj)
                0x00000000000019d8                ot::Ncp::NcpBase::HandlePropertySet_SPINEL_PROP_HOST_POWER_STATE(unsigned char)
 .text._ZN2ot3Ncp7NcpBase37HandlePropertySetForSpecialPropertiesEhmR7otError
                0x0000000000001a64       0x20 lib/libopenthread-rcp.a(ncp_base.cpp.obj)
                0x0000000000001a64                ot::Ncp::NcpBase::HandlePropertySetForSpecialProperties(unsigned char, unsigned long, otError&)
 .text._ZN2ot3Ncp7NcpBase24HandleCommandPropertySetEhm
                0x0000000000001a84       0x82 lib/libopenthread-rcp.a(ncp_base.cpp.obj)
                0x0000000000001a84                ot::Ncp::NcpBase::HandleCommandPropertySet(unsigned char, unsigned long)
 .text._ZN2ot3Ncp7NcpBase32CommandHandler_PROP_VALUE_updateEhj
                0x0000000000001b06       0x66 lib/libopenthread-rcp.a(ncp_base.cpp.obj)
                0x0000000000001b06                ot::Ncp::NcpBase::CommandHandler_PROP_VALUE_update(unsigned char, unsigned int)
 .text._ZN2ot3Ncp7NcpBase13HandleCommandEh
                0x0000000000001b6c       0x4a lib/libopenthread-rcp.a(ncp_base.cpp.obj)
                0x0000000000001b6c                ot::Ncp::NcpBase::HandleCommand(unsigned char)
 .text._ZN2ot3Ncp7NcpBase13HandleReceiveEPKht
                0x0000000000001bb6       0xb8 lib/libopenthread-rcp.a(ncp_base.cpp.obj)
                0x0000000000001bb6                ot::Ncp::NcpBase::HandleReceive(unsigned char const*, unsigned short)
 .text._ZN2ot3Ncp7NcpBase17HandlePropertyGetILm38EEE7otErrorv
                0x0000000000001c6e       0x16 lib/libopenthread-rcp.a(ncp_base.cpp.obj)
                0x0000000000001c6e                otError ot::Ncp::NcpBase::HandlePropertyGet<38ul>()
 .text._ZN2ot3Ncp7NcpBase17HandlePropertyGetILm39EEE7otErrorv
                0x0000000000001c84       0x16 lib/libopenthread-rcp.a(ncp_base.cpp.obj)
                0x0000000000001c84                otError ot::Ncp::NcpBase::HandlePropertyGet<39ul>()
 *fill*         0x0000000000001c9a        0x2 ff
 .text._ZN2ot3Ncp7NcpBase17HandlePropertyGetILm35EEE7otErrorv
                0x0000000000001c9c       0x4c lib/libopenthread-rcp.a(ncp_base.cpp.obj)
                0x0000000000001c9c                otError ot::Ncp::NcpBase::HandlePropertyGet<35ul>()
 .text._ZN2ot3Ncp7NcpBase17HandlePropertyGetILm36EEE7otErrorv
                0x0000000000001ce8       0x2e lib/libopenthread-rcp.a(ncp_base.cpp.obj)
                0x0000000000001ce8                otError ot::Ncp::NcpBase::HandlePropertyGet<36ul>()
 .text._ZN2ot3Ncp7NcpBase17HandlePropertySetILm36EEE7otErrorv
                0x0000000000001d16       0x24 lib/libopenthread-rcp.a(ncp_base.cpp.obj)
                0x0000000000001d16                otError ot::Ncp::NcpBase::HandlePropertySet<36ul>()
 .text._ZN2ot3Ncp7NcpBase17HandlePropertyGetILm37EEE7otErrorv
                0x0000000000001d3a       0x2e lib/libopenthread-rcp.a(ncp_base.cpp.obj)
                0x0000000000001d3a                otError ot::Ncp::NcpBase::HandlePropertyGet<37ul>()
 .text._ZN2ot3Ncp7NcpBase17HandlePropertySetILm37EEE7otErrorv
                0x0000000000001d68       0x24 lib/libopenthread-rcp.a(ncp_base.cpp.obj)
                0x0000000000001d68                otError ot::Ncp::NcpBase::HandlePropertySet<37ul>()
 .text._ZN2ot3Ncp7NcpBase17HandlePropertyGetILm42EEE7otErrorv
                0x0000000000001d8c       0x2e lib/libopenthread-rcp.a(ncp_base.cpp.obj)
                0x0000000000001d8c                otError ot::Ncp::NcpBase::HandlePropertyGet<42ul>()
 .text._ZN2ot3Ncp7NcpBase17HandlePropertySetILm42EEE7otErrorv
                0x0000000000001dba       0x24 lib/libopenthread-rcp.a(ncp_base.cpp.obj)
                0x0000000000001dba                otError ot::Ncp::NcpBase::HandlePropertySet<42ul>()
 .text._ZN2ot3Ncp7NcpBase17HandlePropertySetILm43EEE7otErrorv
                0x0000000000001dde       0x32 lib/libopenthread-rcp.a(ncp_base.cpp.obj)
                0x0000000000001dde                otError ot::Ncp::NcpBase::HandlePropertySet<43ul>()
 .text._ZN2ot3Ncp7NcpBase17HandlePropertyGetILm44EEE7otErrorv
                0x0000000000001e10       0x2e lib/libopenthread-rcp.a(ncp_base.cpp.obj)
                0x0000000000001e10                otError ot::Ncp::NcpBase::HandlePropertyGet<44ul>()
 .text._ZN2ot3Ncp7NcpBase17HandlePropertySetILm44EEE7otErrorv
                0x0000000000001e3e       0x1e lib/libopenthread-rcp.a(ncp_base.cpp.obj)
                0x0000000000001e3e                otError ot::Ncp::NcpBase::HandlePropertySet<44ul>()
 .text._ZN2ot3Ncp7NcpBase17HandlePropertyGetILm16384EEE7otErrorv
                0x0000000000001e5c        0x2 lib/libopenthread-rcp.a(ncp_base.cpp.obj)
                0x0000000000001e5c                otError ot::Ncp::NcpBase::HandlePropertyGet<16384ul>()
 .text._ZN2ot3Ncp7NcpBase17HandlePropertyGetILm16386EEE7otErrorv
                0x0000000000001e5e        0x2 lib/libopenthread-rcp.a(ncp_base.cpp.obj)
                0x0000000000001e5e                otError ot::Ncp::NcpBase::HandlePropertyGet<16386ul>()
 .text._ZN2ot3Ncp7NcpBase17HandlePropertyGetILm16385EEE7otErrorv
                0x0000000000001e60       0x18 lib/libopenthread-rcp.a(ncp_base.cpp.obj)
                0x0000000000001e60                otError ot::Ncp::NcpBase::HandlePropertyGet<16385ul>()
 .text._ZN2ot3Ncp7NcpBase17HandlePropertySetILm16387EEE7otErrorv
                0x0000000000001e78       0x44 lib/libopenthread-rcp.a(ncp_base.cpp.obj)
                0x0000000000001e78                otError ot::Ncp::NcpBase::HandlePropertySet<16387ul>()
 .text._ZN2ot3Ncp7NcpBase17HandlePropertyGetILm16387EEE7otErrorv
                0x0000000000001ebc       0x10 lib/libopenthread-rcp.a(ncp_base.cpp.obj)
                0x0000000000001ebc                otError ot::Ncp::NcpBase::HandlePropertyGet<16387ul>()
 .text._ZN2ot3Ncp7NcpBase17HandlePropertyGetILm34EEE7otErrorv
                0x0000000000001ecc       0x16 lib/libopenthread-rcp.a(ncp_base.cpp.obj)
                0x0000000000001ecc                otError ot::Ncp::NcpBase::HandlePropertyGet<34ul>()
 .text._ZN2ot3Ncp7NcpBase17HandlePropertyGetILm41EEE7otErrorv
                0x0000000000001ee2       0x16 lib/libopenthread-rcp.a(ncp_base.cpp.obj)
                0x0000000000001ee2                otError ot::Ncp::NcpBase::HandlePropertyGet<41ul>()
 .text._ZN2ot3Ncp7NcpBase17HandlePropertySetILm4621EEE7otErrorv
                0x0000000000001ef8       0x1e lib/libopenthread-rcp.a(ncp_base.cpp.obj)
                0x0000000000001ef8                otError ot::Ncp::NcpBase::HandlePropertySet<4621ul>()
 .text._ZN2ot3Ncp7NcpBase17HandlePropertyGetILm4621EEE7otErrorv
                0x0000000000001f16       0x16 lib/libopenthread-rcp.a(ncp_base.cpp.obj)
                0x0000000000001f16                otError ot::Ncp::NcpBase::HandlePropertyGet<4621ul>()
 .text._ZN2ot3Ncp7NcpBase17HandlePropertyGetILm4620EEE7otErrorv
                0x0000000000001f2c      0x132 lib/libopenthread-rcp.a(ncp_base.cpp.obj)
                0x0000000000001f2c                otError ot::Ncp::NcpBase::HandlePropertyGet<4620ul>()
 .text._ZN2ot3Ncp7NcpBase17DecodeLinkMetricsEP13otLinkMetricsb
                0x000000000000205e       0x5c lib/libopenthread-rcp.a(ncp_base.cpp.obj)
                0x000000000000205e                ot::Ncp::NcpBase::DecodeLinkMetrics(otLinkMetrics*, bool)
 *fill*         0x00000000000020ba        0x2 ff
 .text.otNcpStreamWrite
                0x00000000000020bc       0x20 lib/libopenthread-rcp.a(ncp_base.cpp.obj)
                0x00000000000020bc                otNcpStreamWrite
 .text._ZN2ot3Ncp7NcpBase19FindPropertyHandlerEPKNS1_12HandlerEntryEjm.part.0
                0x00000000000020dc       0x40 lib/libopenthread-rcp.a(ncp_base_dispatcher.cpp.obj)
 .text._ZN2ot3Ncp7NcpBase22FindGetPropertyHandlerEm
                0x000000000000211c       0x18 lib/libopenthread-rcp.a(ncp_base_dispatcher.cpp.obj)
                0x000000000000211c                ot::Ncp::NcpBase::FindGetPropertyHandler(unsigned long)
 .text._ZN2ot3Ncp7NcpBase22FindSetPropertyHandlerEm
                0x0000000000002134       0x18 lib/libopenthread-rcp.a(ncp_base_dispatcher.cpp.obj)
                0x0000000000002134                ot::Ncp::NcpBase::FindSetPropertyHandler(unsigned long)
 .text._ZN2ot3Ncp7NcpBase25FindInsertPropertyHandlerEm
                0x000000000000214c       0x18 lib/libopenthread-rcp.a(ncp_base_dispatcher.cpp.obj)
                0x000000000000214c                ot::Ncp::NcpBase::FindInsertPropertyHandler(unsigned long)
 .text._ZN2ot3Ncp7NcpBase25FindRemovePropertyHandlerEm
                0x0000000000002164       0x18 lib/libopenthread-rcp.a(ncp_base_dispatcher.cpp.obj)
                0x0000000000002164                ot::Ncp::NcpBase::FindRemovePropertyHandler(unsigned long)
 .text._ZN2ot6Spinel7Encoder10WriteUint8Eh.isra.0
                0x000000000000217c        0x4 lib/libopenthread-rcp.a(ncp_base_radio.cpp.obj)
 .text._ZN2ot3Ncp7NcpBase17HandlePropertyGetILm176EEE7otErrorv
                0x0000000000002180        0x8 lib/libopenthread-rcp.a(ncp_base_radio.cpp.obj)
                0x0000000000002180                otError ot::Ncp::NcpBase::HandlePropertyGet<176ul>()
 .text._ZN2ot3Ncp7NcpBase14PackRadioFrameEP12otRadioFrame7otError
                0x0000000000002188      0x11e lib/libopenthread-rcp.a(ncp_base_radio.cpp.obj)
                0x0000000000002188                ot::Ncp::NcpBase::PackRadioFrame(otRadioFrame*, otError)
 .text._ZN2ot3Ncp7NcpBase18LinkRawReceiveDoneEP12otRadioFrame7otError
                0x00000000000022a6       0x32 lib/libopenthread-rcp.a(ncp_base_radio.cpp.obj)
                0x00000000000022a6                ot::Ncp::NcpBase::LinkRawReceiveDone(otRadioFrame*, otError)
 .text._ZN2ot3Ncp7NcpBase18LinkRawReceiveDoneEP10otInstanceP12otRadioFrame7otError
                0x00000000000022d8        0xc lib/libopenthread-rcp.a(ncp_base_radio.cpp.obj)
                0x00000000000022d8                ot::Ncp::NcpBase::LinkRawReceiveDone(otInstance*, otRadioFrame*, otError)
 .text._ZN2ot3Ncp7NcpBase19LinkRawTransmitDoneEP12otRadioFrameS3_7otError
                0x00000000000022e4       0xd2 lib/libopenthread-rcp.a(ncp_base_radio.cpp.obj)
                0x00000000000022e4                ot::Ncp::NcpBase::LinkRawTransmitDone(otRadioFrame*, otRadioFrame*, otError)
 *fill*         0x00000000000023b6        0x2 ff
 .text._ZN2ot3Ncp7NcpBase19LinkRawTransmitDoneEP10otInstanceP12otRadioFrameS5_7otError
                0x00000000000023b8        0xc lib/libopenthread-rcp.a(ncp_base_radio.cpp.obj)
                0x00000000000023b8                ot::Ncp::NcpBase::LinkRawTransmitDone(otInstance*, otRadioFrame*, otRadioFrame*, otError)
 .text._ZN2ot3Ncp7NcpBase21LinkRawEnergyScanDoneEa
                0x00000000000023c4       0x6c lib/libopenthread-rcp.a(ncp_base_radio.cpp.obj)
                0x00000000000023c4                ot::Ncp::NcpBase::LinkRawEnergyScanDone(signed char)
 .text._ZN2ot3Ncp7NcpBase21LinkRawEnergyScanDoneEP10otInstancea
                0x0000000000002430        0xc lib/libopenthread-rcp.a(ncp_base_radio.cpp.obj)
                0x0000000000002430                ot::Ncp::NcpBase::LinkRawEnergyScanDone(otInstance*, signed char)
 .text._ZN2ot3Ncp7NcpBase17HandlePropertyGetILm4619EEE7otErrorv
                0x000000000000243c       0x18 lib/libopenthread-rcp.a(ncp_base_radio.cpp.obj)
                0x000000000000243c                otError ot::Ncp::NcpBase::HandlePropertyGet<4619ul>()
 .text._ZN2ot3Ncp7NcpBase17HandlePropertyGetILm4867EEE7otErrorv
                0x0000000000002454        0xe lib/libopenthread-rcp.a(ncp_base_radio.cpp.obj)
                0x0000000000002454                otError ot::Ncp::NcpBase::HandlePropertyGet<4867ul>()
 .text._ZN2ot3Ncp7NcpBase17HandlePropertyGetILm2050EEE7otErrorv
                0x0000000000002462       0x1a lib/libopenthread-rcp.a(ncp_base_radio.cpp.obj)
                0x0000000000002462                otError ot::Ncp::NcpBase::HandlePropertyGet<2050ul>()
 .text._ZN2ot3Ncp7NcpBase17HandlePropertySetILm4867EEE7otErrorv
                0x000000000000247c       0x26 lib/libopenthread-rcp.a(ncp_base_radio.cpp.obj)
                0x000000000000247c                otError ot::Ncp::NcpBase::HandlePropertySet<4867ul>()
 .text._ZN2ot3Ncp7NcpBase17HandlePropertySetILm4868EEE7otErrorv
                0x00000000000024a2       0x44 lib/libopenthread-rcp.a(ncp_base_radio.cpp.obj)
                0x00000000000024a2                otError ot::Ncp::NcpBase::HandlePropertySet<4868ul>()
 .text._ZN2ot3Ncp7NcpBase17HandlePropertySetILm4869EEE7otErrorv
                0x00000000000024e6       0x42 lib/libopenthread-rcp.a(ncp_base_radio.cpp.obj)
                0x00000000000024e6                otError ot::Ncp::NcpBase::HandlePropertySet<4869ul>()
 .text._ZN2ot3Ncp7NcpBase20HandlePropertyRemoveILm4868EEE7otErrorv
                0x0000000000002528       0x1e lib/libopenthread-rcp.a(ncp_base_radio.cpp.obj)
                0x0000000000002528                otError ot::Ncp::NcpBase::HandlePropertyRemove<4868ul>()
 .text._ZN2ot3Ncp7NcpBase20HandlePropertyRemoveILm4869EEE7otErrorv
                0x0000000000002546       0x1c lib/libopenthread-rcp.a(ncp_base_radio.cpp.obj)
                0x0000000000002546                otError ot::Ncp::NcpBase::HandlePropertyRemove<4869ul>()
 .text._ZN2ot3Ncp7NcpBase20HandlePropertyInsertILm4868EEE7otErrorv
                0x0000000000002562       0x1e lib/libopenthread-rcp.a(ncp_base_radio.cpp.obj)
                0x0000000000002562                otError ot::Ncp::NcpBase::HandlePropertyInsert<4868ul>()
 .text._ZN2ot3Ncp7NcpBase20HandlePropertyInsertILm4869EEE7otErrorv
                0x0000000000002580       0x20 lib/libopenthread-rcp.a(ncp_base_radio.cpp.obj)
                0x0000000000002580                otError ot::Ncp::NcpBase::HandlePropertyInsert<4869ul>()
 .text._ZN2ot3Ncp7NcpBase17HandlePropertySetILm32EEE7otErrorv
                0x00000000000025a0       0x34 lib/libopenthread-rcp.a(ncp_base_radio.cpp.obj)
                0x00000000000025a0                otError ot::Ncp::NcpBase::HandlePropertySet<32ul>()
 .text._ZN2ot3Ncp7NcpBase17HandlePropertySetILm53EEE7otErrorv
                0x00000000000025d4       0x1e lib/libopenthread-rcp.a(ncp_base_radio.cpp.obj)
                0x00000000000025d4                otError ot::Ncp::NcpBase::HandlePropertySet<53ul>()
 .text._ZN2ot3Ncp7NcpBase24DecodeStreamRawTxRequestER12otRadioFrame
                0x00000000000025f2       0xea lib/libopenthread-rcp.a(ncp_base_radio.cpp.obj)
                0x00000000000025f2                ot::Ncp::NcpBase::DecodeStreamRawTxRequest(otRadioFrame&)
 .text._ZN2ot3Ncp7NcpBase40HandlePropertySet_SPINEL_PROP_STREAM_RAWEh
                0x00000000000026dc       0x5c lib/libopenthread-rcp.a(ncp_base_radio.cpp.obj)
                0x00000000000026dc                ot::Ncp::NcpBase::HandlePropertySet_SPINEL_PROP_STREAM_RAW(unsigned char)
 .text._ZN2ot3Ncp7NcpBase17HandlePropertySetILm2048EEE7otErrorv
                0x0000000000002738       0x92 lib/libopenthread-rcp.a(ncp_base_radio.cpp.obj)
                0x0000000000002738                otError ot::Ncp::NcpBase::HandlePropertySet<2048ul>()
 .text._ZN2ot3Ncp7NcpBase17HandlePropertySetILm2049EEE7otErrorv
                0x00000000000027ca       0x1a lib/libopenthread-rcp.a(ncp_base_radio.cpp.obj)
                0x00000000000027ca                otError ot::Ncp::NcpBase::HandlePropertySet<2049ul>()
 .text._ZN2ot3Ncp7NcpBase17HandlePropertySetILm2051EEE7otErrorv
                0x00000000000027e4       0x46 lib/libopenthread-rcp.a(ncp_base_radio.cpp.obj)
                0x00000000000027e4                otError ot::Ncp::NcpBase::HandlePropertySet<2051ul>()
 .text._ZNK2ot3Ncp15ChangedPropsSet13GetNumEntriesEv
                0x000000000000282a        0x4 lib/libopenthread-rcp.a(changed_props_set.cpp.obj)
                0x000000000000282a                ot::Ncp::ChangedPropsSet::GetNumEntries() const
 *fill*         0x000000000000282e        0x2 ff
 .text._ZN2ot3Ncp15ChangedPropsSet3AddEmm
                0x0000000000002830       0x6c lib/libopenthread-rcp.a(changed_props_set.cpp.obj)
                0x0000000000002830                ot::Ncp::ChangedPropsSet::Add(unsigned long, unsigned long)
 .text._ZN2ot3Ncp15ChangedPropsSet20EnablePropertyFilterEmb
                0x000000000000289c       0x84 lib/libopenthread-rcp.a(changed_props_set.cpp.obj)
                0x000000000000289c                ot::Ncp::ChangedPropsSet::EnablePropertyFilter(unsigned long, bool)
 .text._ZNK2ot3Ncp15ChangedPropsSet18IsPropertyFilteredEm
                0x0000000000002920       0x48 lib/libopenthread-rcp.a(changed_props_set.cpp.obj)
                0x0000000000002920                ot::Ncp::ChangedPropsSet::IsPropertyFiltered(unsigned long) const
 .text.App_NotifyWakeup
                0x0000000000002968        0x2 lib/libopenthread-k32w061.a(alarm.c.obj)
                0x0000000000002968                App_NotifyWakeup
 *fill*         0x000000000000296a        0x2 ff
 .text.TMR_ScheduleActivityCallback
                0x000000000000296c       0x18 lib/libopenthread-k32w061.a(alarm.c.obj)
 .text.MicroTimerCallback
                0x0000000000002984       0x18 lib/libopenthread-k32w061.a(alarm.c.obj)
                0x0000000000002984                MicroTimerCallback
 .text.K32WAlarmInit
                0x000000000000299c       0x24 lib/libopenthread-k32w061.a(alarm.c.obj)
                0x000000000000299c                K32WAlarmInit
 .text.K32WAlarmProcess
                0x00000000000029c0       0x38 lib/libopenthread-k32w061.a(alarm.c.obj)
                0x00000000000029c0                K32WAlarmProcess
 .text.otPlatAlarmMilliStop
                0x00000000000029f8       0x14 lib/libopenthread-k32w061.a(alarm.c.obj)
                0x00000000000029f8                otPlatAlarmMilliStop
 .text.otPlatAlarmMilliGetNow
                0x0000000000002a0c       0x12 lib/libopenthread-k32w061.a(alarm.c.obj)
                0x0000000000002a0c                otPlatAlarmMilliGetNow
 *fill*         0x0000000000002a1e        0x2 ff
 .text.otPlatAlarmMicroStop
                0x0000000000002a20       0x14 lib/libopenthread-k32w061.a(alarm.c.obj)
                0x0000000000002a20                otPlatAlarmMicroStop
 .text.otPlatAlarmMicroGetNow
                0x0000000000002a34        0x8 lib/libopenthread-k32w061.a(alarm.c.obj)
                0x0000000000002a34                otPlatAlarmMicroGetNow
 .text.alarmStartAt
                0x0000000000002a3c       0xa0 lib/libopenthread-k32w061.a(alarm.c.obj)
                0x0000000000002a3c                alarmStartAt
 .text.otPlatAlarmMilliStartAt
                0x0000000000002adc       0x28 lib/libopenthread-k32w061.a(alarm.c.obj)
                0x0000000000002adc                otPlatAlarmMilliStartAt
 .text.otPlatAlarmMicroStartAt
                0x0000000000002b04       0x28 lib/libopenthread-k32w061.a(alarm.c.obj)
                0x0000000000002b04                otPlatAlarmMicroStartAt
 .text.otPlatTimeGet
                0x0000000000002b2c        0x4 lib/libopenthread-k32w061.a(alarm.c.obj)
                0x0000000000002b2c                otPlatTimeGet
 .text.otPlatReset
                0x0000000000002b30        0x8 lib/libopenthread-k32w061.a(misc.c.obj)
                0x0000000000002b30                otPlatReset
 .text.otPlatGetResetReason
                0x0000000000002b38       0x3e lib/libopenthread-k32w061.a(misc.c.obj)
                0x0000000000002b38                otPlatGetResetReason
 .text.otPlatWakeHost
                0x0000000000002b76        0x2 lib/libopenthread-k32w061.a(misc.c.obj)
                0x0000000000002b76                otPlatWakeHost
 .text.otSysInit
                0x0000000000002b78       0x34 lib/libopenthread-k32w061.a(system.c.obj)
                0x0000000000002b78                otSysInit
 .text.otSysPseudoResetWasRequested
                0x0000000000002bac        0x4 lib/libopenthread-k32w061.a(system.c.obj)
                0x0000000000002bac                otSysPseudoResetWasRequested
 .text.otSysProcessDrivers
                0x0000000000002bb0       0x18 lib/libopenthread-k32w061.a(system.c.obj)
                0x0000000000002bb0                otSysProcessDrivers
 .text.otSysEventSignalPending
                0x0000000000002bc8        0x2 lib/libopenthread-k32w061.a(system.c.obj)
                0x0000000000002bc8                otSysEventSignalPending
 *fill*         0x0000000000002bca        0x2 ff
 .text.otPlatUartEnable
                0x0000000000002bcc       0x64 lib/libopenthread-k32w061.a(uart.c.obj)
                0x0000000000002bcc                otPlatUartEnable
 .text.otPlatUartSend
                0x0000000000002c30       0x3c lib/libopenthread-k32w061.a(uart.c.obj)
                0x0000000000002c30                otPlatUartSend
 .text.SerialProcess
                0x0000000000002c6c        0x4 lib/libopenthread-k32w061.a(uart.c.obj)
                0x0000000000002c6c                SerialProcess
 .text.K32WUartProcess
                0x0000000000002c70       0x14 lib/libopenthread-k32w061.a(uart.c.obj)
                0x0000000000002c70                K32WUartProcess
 .text.txDone   0x0000000000002c84       0x14 lib/libopenthread-k32w061.a(uart.c.obj)
                0x0000000000002c84                txDone
 .text.SerialMngr_TxCbApp
                0x0000000000002c98       0x18 lib/libopenthread-k32w061.a(uart.c.obj)
 .text.SerialMngr_RxCbApp
                0x0000000000002cb0       0x30 lib/libopenthread-k32w061.a(uart.c.obj)
 .text.otEncodingReadUint64Le
                0x0000000000002ce0        0x8 lib/libopenthread-k32w061.a(radio.c.obj)
 .text.K32WGetVsIeGen
                0x0000000000002ce8       0x44 lib/libopenthread-k32w061.a(radio.c.obj)
 .text.K32WGetVsIeLen
                0x0000000000002d2c       0x2e lib/libopenthread-k32w061.a(radio.c.obj)
 *fill*         0x0000000000002d5a        0x2 ff
 .text.K32WEncFrame
                0x0000000000002d5c       0x30 lib/libopenthread-k32w061.a(radio.c.obj)
 .text.K32WEnableReceive
                0x0000000000002d8c       0x48 lib/libopenthread-k32w061.a(radio.c.obj)
 .text.K32WFrameConversion.isra.0
                0x0000000000002dd4       0x36 lib/libopenthread-k32w061.a(radio.c.obj)
 .text.App_AllowDeviceToSleep
                0x0000000000002e0a        0x2 lib/libopenthread-k32w061.a(radio.c.obj)
                0x0000000000002e0a                App_AllowDeviceToSleep
 .text.App_DisallowDeviceToSleep
                0x0000000000002e0c        0x2 lib/libopenthread-k32w061.a(radio.c.obj)
                0x0000000000002e0c                App_DisallowDeviceToSleep
 *fill*         0x0000000000002e0e        0x2 ff
 .text.K32WISR  0x0000000000002e10      0x29c lib/libopenthread-k32w061.a(radio.c.obj)
 .text.K32WRadioInit
                0x00000000000030ac       0x34 lib/libopenthread-k32w061.a(radio.c.obj)
                0x00000000000030ac                K32WRadioInit
 .text.otPlatRadioGetIeeeEui64
                0x00000000000030e0       0x2c lib/libopenthread-k32w061.a(radio.c.obj)
                0x00000000000030e0                otPlatRadioGetIeeeEui64
 .text.otPlatRadioSetPanId
                0x000000000000310c       0x10 lib/libopenthread-k32w061.a(radio.c.obj)
                0x000000000000310c                otPlatRadioSetPanId
 .text.otPlatRadioSetExtendedAddress
                0x000000000000311c       0x30 lib/libopenthread-k32w061.a(radio.c.obj)
                0x000000000000311c                otPlatRadioSetExtendedAddress
 .text.otPlatRadioSetShortAddress
                0x000000000000314c       0x10 lib/libopenthread-k32w061.a(radio.c.obj)
                0x000000000000314c                otPlatRadioSetShortAddress
 .text.otPlatRadioEnable
                0x000000000000315c       0xb4 lib/libopenthread-k32w061.a(radio.c.obj)
                0x000000000000315c                otPlatRadioEnable
 .text.otPlatRadioDisable
                0x0000000000003210       0x3c lib/libopenthread-k32w061.a(radio.c.obj)
                0x0000000000003210                otPlatRadioDisable
 .text.otPlatRadioIsEnabled
                0x000000000000324c       0x10 lib/libopenthread-k32w061.a(radio.c.obj)
                0x000000000000324c                otPlatRadioIsEnabled
 .text.otPlatRadioSleep
                0x000000000000325c       0x40 lib/libopenthread-k32w061.a(radio.c.obj)
                0x000000000000325c                otPlatRadioSleep
 .text.otPlatRadioReceive
                0x000000000000329c       0x94 lib/libopenthread-k32w061.a(radio.c.obj)
                0x000000000000329c                otPlatRadioReceive
 .text.K32WRadioProcess
                0x0000000000003330      0x13c lib/libopenthread-k32w061.a(radio.c.obj)
                0x0000000000003330                K32WRadioProcess
 .text.otPlatRadioEnableSrcMatch
                0x000000000000346c        0xc lib/libopenthread-k32w061.a(radio.c.obj)
                0x000000000000346c                otPlatRadioEnableSrcMatch
 .text.otPlatRadioAddSrcMatchShortEntry
                0x0000000000003478       0x7c lib/libopenthread-k32w061.a(radio.c.obj)
                0x0000000000003478                otPlatRadioAddSrcMatchShortEntry
 .text.otPlatRadioAddSrcMatchExtEntry
                0x00000000000034f4       0xa0 lib/libopenthread-k32w061.a(radio.c.obj)
                0x00000000000034f4                otPlatRadioAddSrcMatchExtEntry
 .text.otPlatRadioClearSrcMatchShortEntry
                0x0000000000003594       0x6c lib/libopenthread-k32w061.a(radio.c.obj)
                0x0000000000003594                otPlatRadioClearSrcMatchShortEntry
 .text.otPlatRadioClearSrcMatchExtEntry
                0x0000000000003600       0x98 lib/libopenthread-k32w061.a(radio.c.obj)
                0x0000000000003600                otPlatRadioClearSrcMatchExtEntry
 .text.otPlatRadioClearSrcMatchShortEntries
                0x0000000000003698       0x10 lib/libopenthread-k32w061.a(radio.c.obj)
                0x0000000000003698                otPlatRadioClearSrcMatchShortEntries
 .text.otPlatRadioClearSrcMatchExtEntries
                0x00000000000036a8       0x10 lib/libopenthread-k32w061.a(radio.c.obj)
                0x00000000000036a8                otPlatRadioClearSrcMatchExtEntries
 .text.otPlatRadioGetTransmitBuffer
                0x00000000000036b8        0x8 lib/libopenthread-k32w061.a(radio.c.obj)
                0x00000000000036b8                otPlatRadioGetTransmitBuffer
 .text.otPlatRadioTransmit
                0x00000000000036c0      0x170 lib/libopenthread-k32w061.a(radio.c.obj)
                0x00000000000036c0                otPlatRadioTransmit
 .text.otPlatRadioGetRssi
                0x0000000000003830       0x60 lib/libopenthread-k32w061.a(radio.c.obj)
                0x0000000000003830                otPlatRadioGetRssi
 .text.otPlatRadioGetCaps
                0x0000000000003890        0x4 lib/libopenthread-k32w061.a(radio.c.obj)
                0x0000000000003890                otPlatRadioGetCaps
 .text.otPlatRadioGetPromiscuous
                0x0000000000003894       0x10 lib/libopenthread-k32w061.a(radio.c.obj)
                0x0000000000003894                otPlatRadioGetPromiscuous
 .text.otPlatRadioSetPromiscuous
                0x00000000000038a4       0x28 lib/libopenthread-k32w061.a(radio.c.obj)
                0x00000000000038a4                otPlatRadioSetPromiscuous
 .text.otPlatRadioEnergyScan
                0x00000000000038cc        0x4 lib/libopenthread-k32w061.a(radio.c.obj)
                0x00000000000038cc                otPlatRadioEnergyScan
 .text.otPlatRadioGetTransmitPower
                0x00000000000038d0       0x14 lib/libopenthread-k32w061.a(radio.c.obj)
                0x00000000000038d0                otPlatRadioGetTransmitPower
 .text.otPlatRadioSetTransmitPower
                0x00000000000038e4       0x60 lib/libopenthread-k32w061.a(radio.c.obj)
                0x00000000000038e4                otPlatRadioSetTransmitPower
 .text.otPlatRadioGetCcaEnergyDetectThreshold
                0x0000000000003944       0x1a lib/libopenthread-k32w061.a(radio.c.obj)
                0x0000000000003944                otPlatRadioGetCcaEnergyDetectThreshold
 .text.otPlatRadioSetCcaEnergyDetectThreshold
                0x000000000000395e       0x1e lib/libopenthread-k32w061.a(radio.c.obj)
                0x000000000000395e                otPlatRadioSetCcaEnergyDetectThreshold
 .text.otPlatRadioGetReceiveSensitivity
                0x000000000000397c        0x6 lib/libopenthread-k32w061.a(radio.c.obj)
                0x000000000000397c                otPlatRadioGetReceiveSensitivity
 .text.otPlatRadioSetMacKey
                0x0000000000003982        0xc lib/libopenthread-k32w061.a(radio.c.obj)
                0x0000000000003982                otPlatRadioSetMacKey
 *fill*         0x000000000000398e        0x2 ff
 .text.otPlatRadioSetMacFrameCounter
                0x0000000000003990       0x10 lib/libopenthread-k32w061.a(radio.c.obj)
                0x0000000000003990                otPlatRadioSetMacFrameCounter
 .text.otPlatRadioGetCslUncertainty
                0x00000000000039a0        0x4 lib/libopenthread-k32w061.a(radio.c.obj)
                0x00000000000039a0                otPlatRadioGetCslUncertainty
 .text.otPlatRadioGetNow
                0x00000000000039a4        0x4 lib/libopenthread-k32w061.a(radio.c.obj)
                0x00000000000039a4                otPlatRadioGetNow
 .text.otPlatRadioConfigureEnhAckProbing
                0x00000000000039a8        0xa lib/libopenthread-k32w061.a(radio.c.obj)
                0x00000000000039a8                otPlatRadioConfigureEnhAckProbing
 .text.otPlatRadioGetCslAccuracy
                0x00000000000039b2        0x4 lib/libopenthread-k32w061.a(radio.c.obj)
                0x00000000000039b2                otPlatRadioGetCslAccuracy
 *fill*         0x00000000000039b6        0x2 ff
 .text.otPlatRadioSetCoexEnabled
                0x00000000000039b8       0x70 lib/libopenthread-k32w061.a(radio.c.obj)
                0x00000000000039b8                otPlatRadioSetCoexEnabled
 .text.otPlatRadioIsCoexEnabled
                0x0000000000003a28        0xe lib/libopenthread-k32w061.a(radio.c.obj)
                0x0000000000003a28                otPlatRadioIsCoexEnabled
 .text.otPlatRadioGetCoexMetrics
                0x0000000000003a36       0x1c lib/libopenthread-k32w061.a(radio.c.obj)
                0x0000000000003a36                otPlatRadioGetCoexMetrics
 *fill*         0x0000000000003a52        0x2 ff
 .text._ZL32GetLinkMetricsDataInfoActiveListv
                0x0000000000003a54       0x30 lib/libopenthread-k32w061.a(link_metrics.cpp.obj)
 .text._ZL26GetLinkMetricsDataInfoPoolv
                0x0000000000003a84       0x58 lib/libopenthread-k32w061.a(link_metrics.cpp.obj)
 .text.otLinkMetricsConfigureEnhAckProbing
                0x0000000000003adc       0xb0 lib/libopenthread-k32w061.a(link_metrics.cpp.obj)
                0x0000000000003adc                otLinkMetricsConfigureEnhAckProbing
 .text._Z30GetLinkMetricsInfoByMacAddressPK12otMacAddress
                0x0000000000003b8c       0x42 lib/libopenthread-k32w061.a(link_metrics.cpp.obj)
                0x0000000000003b8c                GetLinkMetricsInfoByMacAddress(otMacAddress const*)
 *fill*         0x0000000000003bce        0x2 ff
 .text.otLinkMetricsEnhAckGenData
                0x0000000000003bd0       0x7c lib/libopenthread-k32w061.a(link_metrics.cpp.obj)
                0x0000000000003bd0                otLinkMetricsEnhAckGenData
 .text.otLinkMetricsEnhAckGetDataLen
                0x0000000000003c4c       0x1e lib/libopenthread-k32w061.a(link_metrics.cpp.obj)
                0x0000000000003c4c                otLinkMetricsEnhAckGetDataLen
 .text._ZL15GetOtMacAddressRKN2ot3Mac7AddressEP12otMacAddress
                0x0000000000003c6a       0x24 lib/libopenthread-k32w061.a(mac_frame.cpp.obj)
 .text.otMacFrameIsData
                0x0000000000003c8e       0x10 lib/libopenthread-k32w061.a(mac_frame.cpp.obj)
                0x0000000000003c8e                otMacFrameIsData
 .text.otMacFrameIsCommand
                0x0000000000003c9e       0x10 lib/libopenthread-k32w061.a(mac_frame.cpp.obj)
                0x0000000000003c9e                otMacFrameIsCommand
 .text.otMacFrameIsDataRequest
                0x0000000000003cae        0x4 lib/libopenthread-k32w061.a(mac_frame.cpp.obj)
                0x0000000000003cae                otMacFrameIsDataRequest
 .text.otMacFrameIsAckRequested
                0x0000000000003cb2        0xa lib/libopenthread-k32w061.a(mac_frame.cpp.obj)
                0x0000000000003cb2                otMacFrameIsAckRequested
 .text.otMacFrameGetSrcAddr
                0x0000000000003cbc       0x22 lib/libopenthread-k32w061.a(mac_frame.cpp.obj)
                0x0000000000003cbc                otMacFrameGetSrcAddr
 .text.otMacFrameGetDstAddr
                0x0000000000003cde       0x22 lib/libopenthread-k32w061.a(mac_frame.cpp.obj)
                0x0000000000003cde                otMacFrameGetDstAddr
 .text.otMacFrameProcessTransmitAesCcm
                0x0000000000003d00        0x4 lib/libopenthread-k32w061.a(mac_frame.cpp.obj)
                0x0000000000003d00                otMacFrameProcessTransmitAesCcm
 .text.otMacFrameIsVersion2015
                0x0000000000003d04       0x14 lib/libopenthread-k32w061.a(mac_frame.cpp.obj)
                0x0000000000003d04                otMacFrameIsVersion2015
 .text.otMacFrameIsSecurityEnabled
                0x0000000000003d18        0xa lib/libopenthread-k32w061.a(mac_frame.cpp.obj)
                0x0000000000003d18                otMacFrameIsSecurityEnabled
 .text.otMacFrameIsKeyIdMode1
                0x0000000000003d22       0x22 lib/libopenthread-k32w061.a(mac_frame.cpp.obj)
                0x0000000000003d22                otMacFrameIsKeyIdMode1
 .text.otMacFrameGenerateEnhAckProbingIe
                0x0000000000003d44       0x32 lib/libopenthread-k32w061.a(mac_frame.cpp.obj)
                0x0000000000003d44                otMacFrameGenerateEnhAckProbingIe
 *fill*         0x0000000000003d76        0x2 ff
 .text.K32WRandomInit
                0x0000000000003d78       0x38 lib/libopenthread-k32w061.a(entropy.c.obj)
                0x0000000000003d78                K32WRandomInit
 .text.otPlatEntropyGet
                0x0000000000003db0       0x20 lib/libopenthread-k32w061.a(entropy.c.obj)
                0x0000000000003db0                otPlatEntropyGet
 .text.otInstanceInitSingle
                0x0000000000003dd0        0x4 lib/libopenthread-radio.a(instance_api.cpp.obj)
                0x0000000000003dd0                otInstanceInitSingle
 .text.otInstanceIsInitialized
                0x0000000000003dd4        0x4 lib/libopenthread-radio.a(instance_api.cpp.obj)
                0x0000000000003dd4                otInstanceIsInitialized
 .text.otInstanceFinalize
                0x0000000000003dd8        0x4 lib/libopenthread-radio.a(instance_api.cpp.obj)
                0x0000000000003dd8                otInstanceFinalize
 .text.otInstanceReset
                0x0000000000003ddc        0x4 lib/libopenthread-radio.a(instance_api.cpp.obj)
                0x0000000000003ddc                otInstanceReset
 .text.otInstanceResetRadioStack
                0x0000000000003de0        0x4 lib/libopenthread-radio.a(instance_api.cpp.obj)
                0x0000000000003de0                otInstanceResetRadioStack
 .text.otGetVersionString
                0x0000000000003de4        0x8 lib/libopenthread-radio.a(instance_api.cpp.obj)
                0x0000000000003de4                otGetVersionString
 .text.otLinkRawSetReceiveDone
                0x0000000000003dec        0x6 lib/libopenthread-radio.a(link_raw_api.cpp.obj)
                0x0000000000003dec                otLinkRawSetReceiveDone
 .text.otLinkRawIsEnabled
                0x0000000000003df2        0xa lib/libopenthread-radio.a(link_raw_api.cpp.obj)
                0x0000000000003df2                otLinkRawIsEnabled
 .text.otLinkRawSetShortAddress
                0x0000000000003dfc        0x6 lib/libopenthread-radio.a(link_raw_api.cpp.obj)
                0x0000000000003dfc                otLinkRawSetShortAddress
 *fill*         0x0000000000003e02        0x2 ff
 .text.otLinkRawGetPromiscuous
                0x0000000000003e04        0xc lib/libopenthread-radio.a(link_raw_api.cpp.obj)
                0x0000000000003e04                otLinkRawGetPromiscuous
 .text.otLinkRawSetPromiscuous
                0x0000000000003e10       0x18 lib/libopenthread-radio.a(link_raw_api.cpp.obj)
                0x0000000000003e10                otLinkRawSetPromiscuous
 .text.otLinkRawSleep
                0x0000000000003e28       0x14 lib/libopenthread-radio.a(link_raw_api.cpp.obj)
                0x0000000000003e28                otLinkRawSleep
 .text.otLinkRawReceive
                0x0000000000003e3c        0x6 lib/libopenthread-radio.a(link_raw_api.cpp.obj)
                0x0000000000003e3c                otLinkRawReceive
 .text.otLinkRawGetTransmitBuffer
                0x0000000000003e42        0x4 lib/libopenthread-radio.a(link_raw_api.cpp.obj)
                0x0000000000003e42                otLinkRawGetTransmitBuffer
 .text.otLinkRawTransmit
                0x0000000000003e46        0x6 lib/libopenthread-radio.a(link_raw_api.cpp.obj)
                0x0000000000003e46                otLinkRawTransmit
 .text.otLinkRawGetCaps
                0x0000000000003e4c        0x6 lib/libopenthread-radio.a(link_raw_api.cpp.obj)
                0x0000000000003e4c                otLinkRawGetCaps
 .text.otLinkRawEnergyScan
                0x0000000000003e52        0x6 lib/libopenthread-radio.a(link_raw_api.cpp.obj)
                0x0000000000003e52                otLinkRawEnergyScan
 .text.otLinkRawSrcMatchEnable
                0x0000000000003e58       0x18 lib/libopenthread-radio.a(link_raw_api.cpp.obj)
                0x0000000000003e58                otLinkRawSrcMatchEnable
 .text.otLinkRawSrcMatchAddShortEntry
                0x0000000000003e70       0x14 lib/libopenthread-radio.a(link_raw_api.cpp.obj)
                0x0000000000003e70                otLinkRawSrcMatchAddShortEntry
 .text.otLinkRawSrcMatchAddExtEntry
                0x0000000000003e84       0x24 lib/libopenthread-radio.a(link_raw_api.cpp.obj)
                0x0000000000003e84                otLinkRawSrcMatchAddExtEntry
 .text.otLinkRawSrcMatchClearShortEntry
                0x0000000000003ea8       0x14 lib/libopenthread-radio.a(link_raw_api.cpp.obj)
                0x0000000000003ea8                otLinkRawSrcMatchClearShortEntry
 .text.otLinkRawSrcMatchClearExtEntry
                0x0000000000003ebc       0x24 lib/libopenthread-radio.a(link_raw_api.cpp.obj)
                0x0000000000003ebc                otLinkRawSrcMatchClearExtEntry
 .text.otLinkRawSrcMatchClearShortEntries
                0x0000000000003ee0       0x18 lib/libopenthread-radio.a(link_raw_api.cpp.obj)
                0x0000000000003ee0                otLinkRawSrcMatchClearShortEntries
 .text.otLinkRawSrcMatchClearExtEntries
                0x0000000000003ef8       0x18 lib/libopenthread-radio.a(link_raw_api.cpp.obj)
                0x0000000000003ef8                otLinkRawSrcMatchClearExtEntries
 .text.otLinkRawSetMacKey
                0x0000000000003f10        0x6 lib/libopenthread-radio.a(link_raw_api.cpp.obj)
                0x0000000000003f10                otLinkRawSetMacKey
 .text.otLinkRawSetMacFrameCounter
                0x0000000000003f16        0x6 lib/libopenthread-radio.a(link_raw_api.cpp.obj)
                0x0000000000003f16                otLinkRawSetMacFrameCounter
 .text.otLinkRawGetRadioTime
                0x0000000000003f1c        0x4 lib/libopenthread-radio.a(link_raw_api.cpp.obj)
                0x0000000000003f1c                otLinkRawGetRadioTime
 .text.otLinkGetChannel
                0x0000000000003f20        0x4 lib/libopenthread-radio.a(link_raw_api.cpp.obj)
                0x0000000000003f20                otLinkGetChannel
 .text.otLinkSetChannel
                0x0000000000003f24        0x6 lib/libopenthread-radio.a(link_raw_api.cpp.obj)
                0x0000000000003f24                otLinkSetChannel
 .text.otLinkGetPanId
                0x0000000000003f2a        0x4 lib/libopenthread-radio.a(link_raw_api.cpp.obj)
                0x0000000000003f2a                otLinkGetPanId
 .text.otLinkSetPanId
                0x0000000000003f2e        0x6 lib/libopenthread-radio.a(link_raw_api.cpp.obj)
                0x0000000000003f2e                otLinkSetPanId
 .text.otLinkGetExtendedAddress
                0x0000000000003f34        0x4 lib/libopenthread-radio.a(link_raw_api.cpp.obj)
                0x0000000000003f34                otLinkGetExtendedAddress
 .text.otLinkSetExtendedAddress
                0x0000000000003f38        0x6 lib/libopenthread-radio.a(link_raw_api.cpp.obj)
                0x0000000000003f38                otLinkSetExtendedAddress
 .text.otLinkGetShortAddress
                0x0000000000003f3e        0x4 lib/libopenthread-radio.a(link_raw_api.cpp.obj)
                0x0000000000003f3e                otLinkGetShortAddress
 .text.otLinkGetFactoryAssignedIeeeEui64
                0x0000000000003f42        0x4 lib/libopenthread-radio.a(link_raw_api.cpp.obj)
                0x0000000000003f42                otLinkGetFactoryAssignedIeeeEui64
 .text.otLoggingGetLevel
                0x0000000000003f46        0x4 lib/libopenthread-radio.a(logging_api.cpp.obj)
                0x0000000000003f46                otLoggingGetLevel
 .text.otLogInfoPlat
                0x0000000000003f4a        0x6 lib/libopenthread-radio.a(logging_api.cpp.obj)
                0x0000000000003f4a                otLogInfoPlat
 .text.otTaskletsProcess
                0x0000000000003f50       0x16 lib/libopenthread-radio.a(tasklet_api.cpp.obj)
                0x0000000000003f50                otTaskletsProcess
 .text._ZN2ot8InstanceC2Ev
                0x0000000000003f66       0x24 lib/libopenthread-radio.a(instance.cpp.obj)
                0x0000000000003f66                ot::Instance::Instance()
                0x0000000000003f66                ot::Instance::Instance()
 *fill*         0x0000000000003f8a        0x2 ff
 .text._ZN2ot8Instance10InitSingleEv
                0x0000000000003f8c       0x20 lib/libopenthread-radio.a(instance.cpp.obj)
                0x0000000000003f8c                ot::Instance::InitSingle()
 .text._ZN2ot8Instance5ResetEv
                0x0000000000003fac        0x4 lib/libopenthread-radio.a(instance.cpp.obj)
                0x0000000000003fac                ot::Instance::Reset()
 .text._ZN2ot8Instance15ResetRadioStackEv
                0x0000000000003fb0       0x16 lib/libopenthread-radio.a(instance.cpp.obj)
                0x0000000000003fb0                ot::Instance::ResetRadioStack()
 .text._ZN2ot8Instance8FinalizeEv
                0x0000000000003fc6       0x24 lib/libopenthread-radio.a(instance.cpp.obj)
                0x0000000000003fc6                ot::Instance::Finalize()
 *fill*         0x0000000000003fea        0x2 ff
 .text._ZN2ot6Random7ManagerD2Ev
                0x0000000000003fec       0x14 lib/libopenthread-radio.a(random.cpp.obj)
                0x0000000000003fec                ot::Random::Manager::~Manager()
                0x0000000000003fec                ot::Random::Manager::~Manager()
 .text._ZN2ot6Random7Manager13NonCryptoPrng4InitEm
                0x0000000000004000       0x14 lib/libopenthread-radio.a(random.cpp.obj)
                0x0000000000004000                ot::Random::Manager::NonCryptoPrng::Init(unsigned long)
 .text._ZN2ot6Random7ManagerC2Ev
                0x0000000000004014       0x40 lib/libopenthread-radio.a(random.cpp.obj)
                0x0000000000004014                ot::Random::Manager::Manager()
                0x0000000000004014                ot::Random::Manager::Manager()
 .text._ZN2ot6Random7Manager13NonCryptoPrng7GetNextEv
                0x0000000000004054       0x1c lib/libopenthread-radio.a(random.cpp.obj)
                0x0000000000004054                ot::Random::Manager::NonCryptoPrng::GetNext()
 .text._ZN2ot6Random7Manager18NonCryptoGetUint32Ev
                0x0000000000004070       0x18 lib/libopenthread-radio.a(random.cpp.obj)
                0x0000000000004070                ot::Random::Manager::NonCryptoGetUint32()
 .text._ZN2ot6Random9NonCrypto16GetUint32InRangeEmm
                0x0000000000004088       0x1c lib/libopenthread-radio.a(random.cpp.obj)
                0x0000000000004088                ot::Random::NonCrypto::GetUint32InRange(unsigned long, unsigned long)
 .text._ZN2ot7Tasklet9Scheduler11PostTaskletERS0_
                0x00000000000040a4       0x1c lib/libopenthread-radio.a(tasklet.cpp.obj)
                0x00000000000040a4                ot::Tasklet::Scheduler::PostTasklet(ot::Tasklet&)
 .text._ZN2ot7Tasklet4PostEv
                0x00000000000040c0       0x14 lib/libopenthread-radio.a(tasklet.cpp.obj)
                0x00000000000040c0                ot::Tasklet::Post()
 .text._ZN2ot7Tasklet9Scheduler21ProcessQueuedTaskletsEv
                0x00000000000040d4       0x22 lib/libopenthread-radio.a(tasklet.cpp.obj)
                0x00000000000040d4                ot::Tasklet::Scheduler::ProcessQueuedTasklets()
 .text._ZNK2ot5Timer14DoesFireBeforeERKS0_NS_4TimeE
                0x00000000000040f6       0x1e lib/libopenthread-radio.a(timer.cpp.obj)
                0x00000000000040f6                ot::Timer::DoesFireBefore(ot::Timer const&, ot::Time) const
 .text._ZN2ot5Timer9Scheduler8SetAlarmERKNS1_8AlarmApiE
                0x0000000000004114       0x34 lib/libopenthread-radio.a(timer.cpp.obj)
                0x0000000000004114                ot::Timer::Scheduler::SetAlarm(ot::Timer::Scheduler::AlarmApi const&)
 .text._ZN2ot5Timer9Scheduler6RemoveERS0_RKNS1_8AlarmApiE
                0x0000000000004148       0x4a lib/libopenthread-radio.a(timer.cpp.obj)
                0x0000000000004148                ot::Timer::Scheduler::Remove(ot::Timer&, ot::Timer::Scheduler::AlarmApi const&)
 .text._ZN2ot5Timer9Scheduler3AddERS0_RKNS1_8AlarmApiE
                0x0000000000004192       0x5e lib/libopenthread-radio.a(timer.cpp.obj)
                0x0000000000004192                ot::Timer::Scheduler::Add(ot::Timer&, ot::Timer::Scheduler::AlarmApi const&)
 .text._ZN2ot5Timer9Scheduler13ProcessTimersERKNS1_8AlarmApiE
                0x00000000000041f0       0x36 lib/libopenthread-radio.a(timer.cpp.obj)
                0x00000000000041f0                ot::Timer::Scheduler::ProcessTimers(ot::Timer::Scheduler::AlarmApi const&)
 *fill*         0x0000000000004226        0x2 ff
 .text.otPlatAlarmMilliFired
                0x0000000000004228       0x20 lib/libopenthread-radio.a(timer.cpp.obj)
                0x0000000000004228                otPlatAlarmMilliFired
 .text._ZN2ot10TimerMicro6FireAtENS_4TimeE
                0x0000000000004248       0x14 lib/libopenthread-radio.a(timer.cpp.obj)
                0x0000000000004248                ot::TimerMicro::FireAt(ot::Time)
 .text._ZN2ot10TimerMicro7StartAtENS_4TimeEm
                0x000000000000425c        0xc lib/libopenthread-radio.a(timer.cpp.obj)
                0x000000000000425c                ot::TimerMicro::StartAt(ot::Time, unsigned long)
 .text._ZN2ot10TimerMicro5StartEm
                0x0000000000004268       0x18 lib/libopenthread-radio.a(timer.cpp.obj)
                0x0000000000004268                ot::TimerMicro::Start(unsigned long)
 .text._ZN2ot10TimerMicro4StopEv
                0x0000000000004280       0x14 lib/libopenthread-radio.a(timer.cpp.obj)
                0x0000000000004280                ot::TimerMicro::Stop()
 .text.otPlatAlarmMicroFired
                0x0000000000004294       0x20 lib/libopenthread-radio.a(timer.cpp.obj)
                0x0000000000004294                otPlatAlarmMicroFired
 .text._ZN2ot3Mac7LinkRaw4InitEv
                0x00000000000042b4       0x18 lib/libopenthread-radio.a(link_raw.cpp.obj)
                0x00000000000042b4                ot::Mac::LinkRaw::Init()
 .text._ZN2ot3Mac7LinkRawC2ERNS_8InstanceE
                0x00000000000042cc       0x26 lib/libopenthread-radio.a(link_raw.cpp.obj)
                0x00000000000042cc                ot::Mac::LinkRaw::LinkRaw(ot::Instance&)
                0x00000000000042cc                ot::Mac::LinkRaw::LinkRaw(ot::Instance&)
 .text._ZN2ot3Mac7LinkRaw14SetReceiveDoneEPFvP10otInstanceP12otRadioFrame7otErrorE
                0x00000000000042f2       0x1c lib/libopenthread-radio.a(link_raw.cpp.obj)
                0x00000000000042f2                ot::Mac::LinkRaw::SetReceiveDone(void (*)(otInstance*, otRadioFrame*, otError))
 .text._ZN2ot3Mac7LinkRaw8SetPanIdEt
                0x000000000000430e       0x1a lib/libopenthread-radio.a(link_raw.cpp.obj)
                0x000000000000430e                ot::Mac::LinkRaw::SetPanId(unsigned short)
 .text._ZN2ot3Mac7LinkRaw10SetChannelEh
                0x0000000000004328        0xe lib/libopenthread-radio.a(link_raw.cpp.obj)
                0x0000000000004328                ot::Mac::LinkRaw::SetChannel(unsigned char)
 .text._ZN2ot3Mac7LinkRaw13SetExtAddressERKNS0_10ExtAddressE
                0x0000000000004336       0x14 lib/libopenthread-radio.a(link_raw.cpp.obj)
                0x0000000000004336                ot::Mac::LinkRaw::SetExtAddress(ot::Mac::ExtAddress const&)
 .text._ZN2ot3Mac7LinkRaw15SetShortAddressEt
                0x000000000000434a       0x14 lib/libopenthread-radio.a(link_raw.cpp.obj)
                0x000000000000434a                ot::Mac::LinkRaw::SetShortAddress(unsigned short)
 .text._ZN2ot3Mac7LinkRaw7ReceiveEv
                0x000000000000435e       0x10 lib/libopenthread-radio.a(link_raw.cpp.obj)
                0x000000000000435e                ot::Mac::LinkRaw::Receive()
 *fill*         0x000000000000436e        0x2 ff
 .text._ZN2ot3Mac7LinkRaw17InvokeReceiveDoneEPNS0_7RxFrameE7otError
                0x0000000000004370       0x18 lib/libopenthread-radio.a(link_raw.cpp.obj)
                0x0000000000004370                ot::Mac::LinkRaw::InvokeReceiveDone(ot::Mac::RxFrame*, otError)
 .text._ZN2ot3Mac7LinkRaw8TransmitEPFvP10otInstanceP12otRadioFrameS5_7otErrorE
                0x0000000000004388       0x1a lib/libopenthread-radio.a(link_raw.cpp.obj)
                0x0000000000004388                ot::Mac::LinkRaw::Transmit(void (*)(otInstance*, otRadioFrame*, otRadioFrame*, otError))
 *fill*         0x00000000000043a2        0x2 ff
 .text._ZN2ot3Mac7LinkRaw18InvokeTransmitDoneERNS0_7TxFrameEPNS0_7RxFrameE7otError
                0x00000000000043a4       0x18 lib/libopenthread-radio.a(link_raw.cpp.obj)
                0x00000000000043a4                ot::Mac::LinkRaw::InvokeTransmitDone(ot::Mac::TxFrame&, ot::Mac::RxFrame*, otError)
 .text._ZN2ot3Mac7LinkRaw10EnergyScanEhtPFvP10otInstanceaE
                0x00000000000043bc       0x1a lib/libopenthread-radio.a(link_raw.cpp.obj)
                0x00000000000043bc                ot::Mac::LinkRaw::EnergyScan(unsigned char, unsigned short, void (*)(otInstance*, signed char))
 *fill*         0x00000000000043d6        0x2 ff
 .text._ZN2ot3Mac7LinkRaw20InvokeEnergyScanDoneEa
                0x00000000000043d8       0x1c lib/libopenthread-radio.a(link_raw.cpp.obj)
                0x00000000000043d8                ot::Mac::LinkRaw::InvokeEnergyScanDone(signed char)
 .text._ZN2ot3Mac7LinkRaw9SetMacKeyEhhRKNS0_3KeyES4_S4_
                0x00000000000043f4       0x72 lib/libopenthread-radio.a(link_raw.cpp.obj)
                0x00000000000043f4                ot::Mac::LinkRaw::SetMacKey(unsigned char, unsigned char, ot::Mac::Key const&, ot::Mac::Key const&, ot::Mac::Key const&)
 .text._ZN2ot3Mac7LinkRaw18SetMacFrameCounterEm
                0x0000000000004466       0x14 lib/libopenthread-radio.a(link_raw.cpp.obj)
                0x0000000000004466                ot::Mac::LinkRaw::SetMacFrameCounter(unsigned long)
 .text._ZNK2ot3Mac5Frame20GetFrameControlFieldEv
                0x000000000000447a        0x6 lib/libopenthread-radio.a(mac_frame.cpp.obj)
                0x000000000000447a                ot::Mac::Frame::GetFrameControlField() const
 .text._ZN2ot3Mac5Frame17IsDstPanIdPresentEt