Archive member included to satisfy reference by file (symbol)

lib/libopenthread-k32w061.a(system.c.obj)
                              examples/hybrid/ot_rcp_ble_hci_bb/k32w061/CMakeFiles/ot-rcp-ble-hci-bb-k32w061.dir/main.c.obj (otSysInit)
lib/libopenthread-k32w061.a(uart.c.obj)
                              lib/libopenthread-k32w061.a(system.c.obj) (K32WUartProcess)
lib/libopenthread-k32w061.a(radio.c.obj)
                              lib/libopenthread-k32w061.a(system.c.obj) (K32WRadioInit)
lib/libopenthread-k32w061.a(mac_frame.cpp.obj)
                              lib/libopenthread-k32w061.a(radio.c.obj) (otMacFrameIsData)
lib/libopenthread-k32w061.a(alarm.c.obj)
                              lib/libopenthread-k32w061.a(system.c.obj) (K32WAlarmInit)
lib/libopenthread-rcp.a(ncp_hdlc.cpp.obj)
                              examples/hybrid/ot_rcp_ble_hci_bb/k32w061/CMakeFiles/ot-rcp-ble-hci-bb-k32w061.dir/__/__/__/__/openthread/examples/apps/ncp/ncp.c.obj (otNcpHdlcSendDone)
lib/libopenthread-rcp.a(nxp_vendor_hook.cpp.obj)
                              examples/hybrid/ot_rcp_ble_hci_bb/k32w061/CMakeFiles/ot-rcp-ble-hci-bb-k32w061.dir/__/__/__/__/openthread/examples/apps/ncp/ncp.c.obj (__wrap_otNcpHdlcReceive)
lib/libopenthread-rcp.a(ncp_base.cpp.obj)
                              lib/libopenthread-rcp.a(nxp_vendor_hook.cpp.obj) (ot::Ncp::NcpBase::ThreadErrorToSpinelStatus(otError))
lib/libopenthread-rcp.a(ncp_base_dispatcher.cpp.obj)
                              lib/libopenthread-rcp.a(ncp_base.cpp.obj) (ot::Ncp::NcpBase::FindGetPropertyHandler(unsigned long))
lib/libopenthread-rcp.a(ncp_base_radio.cpp.obj)
                              lib/libopenthread-rcp.a(ncp_base_dispatcher.cpp.obj) (otError ot::Ncp::NcpBase::HandlePropertyGet<176ul>())
lib/libopenthread-rcp.a(changed_props_set.cpp.obj)
                              lib/libopenthread-rcp.a(ncp_base.cpp.obj) (ot::Ncp::ChangedPropsSet::GetNumEntries() const)
lib/libopenthread-radio.a(instance_api.cpp.obj)
                              examples/hybrid/ot_rcp_ble_hci_bb/k32w061/CMakeFiles/ot-rcp-ble-hci-bb-k32w061.dir/main.c.obj (otInstanceInitSingle)
lib/libopenthread-radio.a(link_raw_api.cpp.obj)
                              lib/libopenthread-rcp.a(ncp_base_radio.cpp.obj) (otLinkRawSetReceiveDone)
lib/libopenthread-radio.a(logging_api.cpp.obj)
                              lib/libopenthread-rcp.a(ncp_base.cpp.obj) (otLoggingGetLevel)
lib/libopenthread-radio.a(tasklet_api.cpp.obj)
                              examples/hybrid/ot_rcp_ble_hci_bb/k32w061/CMakeFiles/ot-rcp-ble-hci-bb-k32w061.dir/main.c.obj (otTaskletsProcess)
lib/libopenthread-radio.a(instance.cpp.obj)
                              lib/libopenthread-radio.a(instance_api.cpp.obj) (ot::Instance::InitSingle())
lib/libopenthread-radio.a(random.cpp.obj)
                              lib/libopenthread-radio.a(instance.cpp.obj) (ot::Random::Manager::~Manager())
lib/libopenthread-radio.a(tasklet.cpp.obj)
                              lib/libopenthread-rcp.a(ncp_hdlc.cpp.obj) (ot::Tasklet::Post())
lib/libopenthread-radio.a(timer.cpp.obj)
                              lib/libopenthread-k32w061.a(alarm.c.obj) (otPlatAlarmMilliFired)
lib/libopenthread-radio.a(link_raw.cpp.obj)
                              lib/libopenthread-radio.a(instance.cpp.obj) (ot::Mac::LinkRaw::Init())
lib/libopenthread-radio.a(mac_frame.cpp.obj)
                              lib/libopenthread-k32w061.a(mac_frame.cpp.obj) (ot::Mac::Frame::GetFrameControlField() const)
lib/libopenthread-radio.a(mac_types.cpp.obj)
                              lib/libopenthread-radio.a(link_raw_api.cpp.obj) (ot::Mac::ExtAddress::CopyAddress(unsigned char*, unsigned char const*, ot::Mac::ExtAddress::CopyByteOrder))
lib/libopenthread-radio.a(sub_mac.cpp.obj)
                              lib/libopenthread-radio.a(link_raw.cpp.obj) (ot::Mac::SubMac::Init())
lib/libopenthread-radio.a(sub_mac_callbacks.cpp.obj)
                              lib/libopenthread-radio.a(sub_mac.cpp.obj) (ot::Mac::SubMac::Callbacks::Callbacks(ot::Instance&))
lib/libopenthread-radio.a(radio.cpp.obj)
                              lib/libopenthread-radio.a(instance.cpp.obj) (ot::Radio::Init())
lib/libopenthread-radio.a(radio_platform.cpp.obj)
                              lib/libopenthread-k32w061.a(radio.c.obj) (otPlatRadioReceiveDone)
lib/libopenthread-radio.a(string.cpp.obj)
                              lib/libopenthread-radio.a(mac_types.cpp.obj) (ot::StringWriter::StringWriter(char*, unsigned short))
lib/libopenthread-radio.a(aes_ccm.cpp.obj)
                              lib/libopenthread-radio.a(mac_frame.cpp.obj) (ot::Crypto::AesCcm::SetKey(ot::Mac::KeyMaterial const&))
lib/libopenthread-radio.a(aes_ecb.cpp.obj)
                              lib/libopenthread-radio.a(mac_frame.cpp.obj) (ot::Crypto::AesEcb::AesEcb())
lib/libopenthread-radio.a(crypto_platform.cpp.obj)
                              lib/libopenthread-radio.a(aes_ecb.cpp.obj) (otPlatCryptoAesInit)
[...]
Memory Configuration

Name             Origin             Length             Attributes
IntFlash         0x0000000000000000 0x000000000008c000 xr
SCRATCH_RAM      0x0000000004000000 0x0000000000000400 xrw
RAM0             0x0000000004000400 0x0000000000015c00 xrw
RAM1             0x0000000004020000 0x0000000000010000 xrw
*default*        0x0000000000000000 0xffffffffffffffff

Linker script and memory map

LOAD /opt/bamboo/agent-home/xml-data/build-dir/IOTS-CT-JOB1/connectivity_toolbox/matter/.environment/cipd/packages/arm/bin/../lib/gcc/arm-none-eabi/10.3.1/thumb/v7e-m/nofp/crti.o
LOAD /opt/bamboo/agent-home/xml-data/build-dir/IOTS-CT-JOB1/connectivity_toolbox/matter/.environment/cipd/packages/arm/bin/../lib/gcc/arm-none-eabi/10.3.1/thumb/v7e-m/nofp/crtbegin.o
LOAD /opt/bamboo/agent-home/xml-data/build-dir/IOTS-CT-JOB1/connectivity_toolbox/matter/.environment/cipd/packages/arm/bin/../lib/gcc/arm-none-eabi/10.3.1/../../../../arm-none-eabi/lib/thumb/v7e-m/nofp/crt0.o
LOAD examples/hybrid/ot_rcp_ble_hci_bb/k32w061/CMakeFiles/ot-rcp-ble-hci-bb-k32w061.dir/main.c.obj
LOAD examples/hybrid/ot_rcp_ble_hci_bb/k32w061/CMakeFiles/ot-rcp-ble-hci-bb-k32w061.dir/__/__/__/__/openthread/examples/apps/ncp/ncp.c.obj
LOAD lib/libopenthread-k32w061.a
LOAD lib/libopenthread-rcp.a
                0x0000000000000000                gUseInternalStorageLink_d = 0x0
                0x0000000000000001                gUseNVMLink_d = 0x1
                0x0000000000000001                __ram_vector_table__ = 0x1
                0x0000000000000000                __app_load_address__ = 0x0
                0x000000000008c000                __app_stated_size__ = 0x8c000
                0x0000000000000000                __app_id__ = 0x0
LOAD lib/libopenthread-radio.a
LOAD lib/libopenthread-spinel-rcp.a
LOAD lib/libopenthread-hdlc.a
LOAD lib/libopenthread-k32w061.a
LOAD lib/libopenthread-k32w061.a
START GROUP
LOAD lib/libnxp-k32w061-driver.a
LOAD lib/libnxp-k32w061-ble.a
LOAD lib/libnxp-k32w061-driver.a
LOAD lib/libnxp-k32w061-ble.a
LOAD ../../SDK_2_6_11_K32W061DK6/middleware/wireless/framework/PDM/Library/libPDM.a
LOAD ../../SDK_2_6_11_K32W061DK6/middleware/wireless/framework/XCVR/lib/libRadio.a
LOAD ../../SDK_2_6_11_K32W061DK6/middleware/wireless/framework/SecLib/lib_crypto_m4.a
LOAD ../../SDK_2_6_11_K32W061DK6/middleware/wireless/ieee-802.15.4/lib/libMiniMac_Sched.a
LOAD ../../SDK_2_6_11_K32W061DK6/middleware/wireless/ble_controller/lib/lib_ble_controller.a
LOAD lib/libmbedtls.a
LOAD lib/libmbedx509.a
LOAD lib/libmbedcrypto.a
END GROUP
LOAD /opt/bamboo/agent-home/xml-data/build-dir/IOTS-CT-JOB1/connectivity_toolbox/matter/.environment/cipd/packages/arm/bin/../lib/gcc/arm-none-eabi/10.3.1/../../../../arm-none-eabi/lib/thumb/v7e-m/nofp/libstdc++_nano.a
LOAD /opt/bamboo/agent-home/xml-data/build-dir/IOTS-CT-JOB1/connectivity_toolbox/matter/.environment/cipd/packages/arm/bin/../lib/gcc/arm-none-eabi/10.3.1/../../../../arm-none-eabi/lib/thumb/v7e-m/nofp/libm.a
START GROUP
LOAD /opt/bamboo/agent-home/xml-data/build-dir/IOTS-CT-JOB1/connectivity_toolbox/matter/.environment/cipd/packages/arm/bin/../lib/gcc/arm-none-eabi/10.3.1/thumb/v7e-m/nofp/libgcc.a
LOAD /opt/bamboo/agent-home/xml-data/build-dir/IOTS-CT-JOB1/connectivity_toolbox/matter/.environment/cipd/packages/arm/bin/../lib/gcc/arm-none-eabi/10.3.1/../../../../arm-none-eabi/lib/thumb/v7e-m/nofp/libc_nano.a
END GROUP
START GROUP
LOAD /opt/bamboo/agent-home/xml-data/build-dir/IOTS-CT-JOB1/connectivity_toolbox/matter/.environment/cipd/packages/arm/bin/../lib/gcc/arm-none-eabi/10.3.1/thumb/v7e-m/nofp/libgcc.a
LOAD /opt/bamboo/agent-home/xml-data/build-dir/IOTS-CT-JOB1/connectivity_toolbox/matter/.environment/cipd/packages/arm/bin/../lib/gcc/arm-none-eabi/10.3.1/../../../../arm-none-eabi/lib/thumb/v7e-m/nofp/libc_nano.a
LOAD /opt/bamboo/agent-home/xml-data/build-dir/IOTS-CT-JOB1/connectivity_toolbox/matter/.environment/cipd/packages/arm/bin/../lib/gcc/arm-none-eabi/10.3.1/../../../../arm-none-eabi/lib/thumb/v7e-m/nofp/libnosys.a
END GROUP
START GROUP
LOAD /opt/bamboo/agent-home/xml-data/build-dir/IOTS-CT-JOB1/connectivity_toolbox/matter/.environment/cipd/packages/arm/bin/../lib/gcc/arm-none-eabi/10.3.1/thumb/v7e-m/nofp/libgcc.a
LOAD /opt/bamboo/agent-home/xml-data/build-dir/IOTS-CT-JOB1/connectivity_toolbox/matter/.environment/cipd/packages/arm/bin/../lib/gcc/arm-none-eabi/10.3.1/../../../../arm-none-eabi/lib/thumb/v7e-m/nofp/libc_nano.a
LOAD /opt/bamboo/agent-home/xml-data/build-dir/IOTS-CT-JOB1/connectivity_toolbox/matter/.environment/cipd/packages/arm/bin/../lib/gcc/arm-none-eabi/10.3.1/../../../../arm-none-eabi/lib/thumb/v7e-m/nofp/libnosys.a
END GROUP
LOAD /opt/bamboo/agent-home/xml-data/build-dir/IOTS-CT-JOB1/connectivity_toolbox/matter/.environment/cipd/packages/arm/bin/../lib/gcc/arm-none-eabi/10.3.1/thumb/v7e-m/nofp/crtend.o
LOAD /opt/bamboo/agent-home/xml-data/build-dir/IOTS-CT-JOB1/connectivity_toolbox/matter/.environment/cipd/packages/arm/bin/../lib/gcc/arm-none-eabi/10.3.1/thumb/v7e-m/nofp/crtn.o
                0x0000000000000000                m_flash_start = 0x0
                0x000000000009ffff                m_flash_end = 0x9ffff
                0x00000000000a0000                m_flash_size = 0xa0000
                0x0000000000000200                m_sector_size = 0x200
                0x0000000010000000                m_qspi_flash_start = 0x10000000
                0x0000000000000011                m_flash_res_sect = 0x11
                0x0000000000000001                UseNVMLink = DEFINED (gUseNVMLink_d)?gUseNVMLink_d:0x0
                0x000000000000003f                NVMSectorCountLink = DEFINED (gNVMSectorCountLink_d)?gNVMSectorCountLink_d:DEFINED (gUseNVMLink_d)?(gUseNVMLink_d * 0x3f):0x0
                0x0000000000000001                ram_vector_table = DEFINED (__ram_vector_table__)?__ram_vector_table__:0x0
                0x0000000000000000                UseInternalStorageLink = DEFINED (gUseInternalStorageLink_d)?gUseInternalStorageLink_d:0x0
                0x0000000000002000                m_SSBL_size = DEFINED (__ssbl_size__)?__ssbl_size__:0x2000
                0x000000000004f000                m_app1_size = DEFINED (__app1_size__)?__app1_size__:0x4f000
                0x0000000000040000                m_app2_size = DEFINED (__app2_size__)?__app2_size__:0x40000
                0x0000000000000fe0                STACK_SIZE = DEFINED (__stack_size__)?__stack_size__:0xfe0
                0x0000000000000120                vector_table_size = 0x120
                0x0000000000000000                ExtraMACTxBufs = DEFINED (ExtraMACTxBufs)?ExtraMACTxBufs:0x0
                0x0000000000000000                MACHeapSize = (ExtraMACTxBufs * 0xcc)
                0x00000000000002f4                PDMHeapSize = (0xc * NVMSectorCountLink)
                0x00000000000002f4                HEAP_SIZE = DEFINED (__heap_size__)?__heap_size__:(PDMHeapSize + ExtraMACTxBufs)
                0x0000000000000001                ASSERT ((HEAP_SIZE >= (PDMHeapSize + ExtraMACTxBufs)), Wrong HEAP size setting)
                0x0000000000000400                BOOT_RESUME_STACK_SIZE = DEFINED (__boot_resume_stack__)?__boot_resume_stack__:0x400
                0x0000000000002000                m_OTA_update_size = m_SSBL_size
                0x0000000000007e00                NV_STORAGE_SIZE = (NVMSectorCountLink * m_sector_size)
                0x000000000000003f                NV_STORAGE_MAX_SECTORS = NVMSectorCountLink
                0x0000000000000200                NV_STORAGE_SECTOR_SIZE = m_sector_size
                0x0000000000000000                m_SSBL_start = m_flash_start
                0x0000000000002000                m_OTA_update_start = m_SSBL_size
                0x0000000000003fff                m_OTA_update_end = ((m_OTA_update_start + m_OTA_update_size) - 0x1)
                0x0000000000004000                m_app1_start = (m_OTA_update_end + 0x1)
                0x0000000000052fff                m_app1_end = ((m_app1_start + m_app1_size) - 0x1)
                0x0000000000053000                m_app2_start = (m_app1_end + 0x1)
                0x0000000000092fff                m_app2_end = ((m_app2_start + m_app2_size) - 0x1)
                0x000000000008c000                m_app_size = DEFINED (__app_stated_size__)?__app_stated_size__:DEFINED (__app_id__)?(__app_id__ == 0x0)?m_SSBL_size:(__app_id__ == 0x1)?m_app1_size:(__app_id__ == 0x2)?m_app2_size:0x0:0x48000
                0x0000000000000000                m_app_start = DEFINED (__app_load_address__)?__app_load_address__:(DEFINED (__app_id__) && (__app_id__ == 0x0))?m_SSBL_start:(DEFINED (__app_id__) && (__app_id__ == 0x1))?m_app1_start:(DEFINED (__app_id__) && (__app_id__ == 0x2))?m_app2_start:0x0
                0x000000000008bfff                m_app_end = ((m_app_start + m_app_size) - 0x1)
                0x0000000000000000                m_interrupts_start = m_app_start
                0x000000000000011f                m_interrupts_end = ((m_interrupts_start + vector_table_size) - 0x1)
                0x0000000000093000                m_int_start_addr = (m_app2_end + 0x1)
                0x000000000009ddff                NV_STORAGE_START_ADDRESS = ((m_flash_size - (m_flash_res_sect * m_sector_size)) - 0x1)
                0x0000000000096000                NV_STORAGE_END_ADDRESS = ((NV_STORAGE_START_ADDRESS - NV_STORAGE_SIZE) + 0x1)
                0x0000000000095fff                INT_STORAGE_START = (NV_STORAGE_END_ADDRESS - 0x1)
                0x0000000000095fff                INT_STORAGE_END = UseInternalStorageLink?m_int_start_addr:INT_STORAGE_START
                0x0000000000000000                INT_STORAGE_SIZE = (INT_STORAGE_START - INT_STORAGE_END)
                0x000000000009ddff                __nv_storage_end_address = NV_STORAGE_START_ADDRESS
                0x0000000000096000                __nv_storage_start_address = NV_STORAGE_END_ADDRESS
                0x0000000000000000                m_text_start = m_app_start
                0x000000000008bfff                m_text_end = m_app_end
                0x000000000008c000                m_text_size = ((m_text_end - m_text_start) + 0x1)
                0x0000000000000200                INT_STORAGE_SECTOR_SIZE = m_sector_size
                0x0000000000000120                M_VECTOR_RAM_SIZE = DEFINED (__ram_vector_table__)?vector_table_size:0x0
                0x0000000000000000                __base_Flash640 = 0x0
                0x0000000000000000                __base_Flash = 0x0
                0x00000000000a0000                __top_Flash640 = 0xa0000
                0x00000000000a0000                __top_Flash = 0xa0000
                0x0000000004000000                __base_unretainedRAM0 = 0x4000000
                0x0000000004000400                __top_unretainedRAM0 = 0x4000400
                0x0000000004000400                __base_RAM0 = 0x4000400
                0x0000000004000400                __base_RAM = 0x4000400
                0x0000000004016000                __top_RAM0 = 0x4016000
                0x0000000004016000                __top_RAM = 0x4016000
                0x0000000004020000                __base_RAM1 = 0x4020000
                0x0000000004020000                __base_RAM2 = 0x4020000
                0x0000000004030000                __top_RAM1 = 0x4030000
                0x0000000004030000                __top_RAM2 = 0x4030000

.m_interrupts   0x0000000000000000      0x120
                0x0000000000000000                _flash_start = ABSOLUTE (.)
                0x0000000000000000                _flash_beg = ABSOLUTE (.)
 FILL mask 0xff
                0x0000000000000000                __vectors_start__ = m_app_start
                0x0000000000000000                __VECTOR_TABLE = .
 *(.isr_vector)
 .isr_vector    0x0000000000000000      0x120 lib/libnxp-k32w061-driver.a(startup_K32W061.c.obj)
                0x0000000000000000                g_pfnVectors
 FILL mask 0xff
                0x0000000000000120                . = ALIGN (0x10)

.eh_frame       0x0000000000000120        0x0
 .eh_frame      0x0000000000000120        0x0 /opt/bamboo/agent-home/xml-data/build-dir/IOTS-CT-JOB1/connectivity_toolbox/matter/.environment/cipd/packages/arm/bin/../lib/gcc/arm-none-eabi/10.3.1/thumb/v7e-m/nofp/crtbegin.o

.data_bss       0x0000000000000120       0x30
                0x0000000000000120                . = ALIGN (0x4)
                0x0000000000000120                __section_table_start = .
                0x0000000000000120                __data_section_table = .
                0x0000000000000120        0x4 LONG 0x28b30 LOADADDR (.data)
                0x0000000000000124        0x4 LONG 0x4000520 ADDR (.data)
                0x0000000000000128        0x4 LONG 0x278 SIZEOF (.data)
                0x000000000000012c        0x4 LONG 0x28b30 LOADADDR (.data_RAM2)
                0x0000000000000130        0x4 LONG 0x4020000 ADDR (.data_RAM2)
                0x0000000000000134        0x4 LONG 0x0 SIZEOF (.data_RAM2)
                0x0000000000000138                __data_section_table_end = .
                0x0000000000000138                __bss_section_table = .
                0x0000000000000138        0x4 LONG 0x4001d78 ADDR (.bss)
                0x000000000000013c        0x4 LONG 0x6c64 SIZEOF (.bss)
                0x0000000000000140        0x4 LONG 0x4020000 ADDR (.bss_RAM2)
                0x0000000000000144        0x4 LONG 0x0 SIZEOF (.bss_RAM2)
                0x0000000000000148                __bss_section_table_end = .
                0x0000000000000148                __section_table_end = .
 FILL mask 0xff
                0x0000000000000150                . = ALIGN (0x10)
 *fill*         0x0000000000000148        0x8 ff

.ro_nonce       0x0000000000000150        0x0
                0x0000000000000150                _FlsNonceStart = ABSOLUTE (.)
 *(.ro_nonce)
 FILL mask 0xff
                0x0000000000000150                . = ALIGN (0x10)

.ro_ota_header  0x0000000000000150        0x0
                0x0000000000000150                _enc_start = ABSOLUTE (.)
                0x0000000000000150                _enc_offset = (_enc_start & 0xf)
                0x0000000000000150                _FlsOtaHeader = ABSOLUTE (.)
 *(.ro_ota_header)
 FILL mask 0xff
                0x0000000000000150                . = ALIGN (0x10)

.ro_se_lnkKey   0x0000000000000150        0x0
                0x0000000000000150                _FlsLinkKey = ABSOLUTE (.)
 *(.ro_se_lnkKey)
 FILL mask 0xff
                0x0000000000000150                . = ALIGN (0x10)

.filler         0x0000000000000150       0x30
                0x0000000000000150        0x1 BYTE 0xff
 FILL mask 0xff
                0x0000000000000180                . = ALIGN (0x40)
 *fill*         0x0000000000000151       0x2f ff

.text           0x0000000000000180    0x289a8
 FILL mask 0xff
 *(.after_vectors*)
 .after_vectors
                0x0000000000000180       0x1c lib/libnxp-k32w061-driver.a(board.c.obj)
                0x0000000000000180                BusFault_Handler
 .after_vectors.reset
                0x000000000000019c       0x20 lib/libnxp-k32w061-driver.a(startup_K32W061.c.obj)
                0x000000000000019c                ResetISR
 .after_vectors
                0x00000000000001bc      0x184 lib/libnxp-k32w061-driver.a(startup_K32W061.c.obj)
                0x00000000000001bc                PWM5_IRQHandler
                0x00000000000001bc                DMA0_DriverIRQHandler
                0x00000000000001bc                CIC_IRB_DriverIRQHandler
                0x00000000000001bc                PWM9_IRQHandler
                0x00000000000001bc                BLE_DP1_IRQHandler
                0x00000000000001bc                PWM1_IRQHandler
                0x00000000000001bc                BLE_DP_IRQHandler
                0x00000000000001bc                ADC_SEQB_IRQHandler
                0x00000000000001bc                PWM3_IRQHandler
                0x00000000000001bc                NFCTag_IRQHandler
                0x00000000000001bc                IntDefaultHandler
                0x00000000000001bc                ISO7816_IRQHandler
                0x00000000000001bc                PVT_RED1_IRQHandler
                0x00000000000001bc                DMIC0_DriverIRQHandler
                0x00000000000001bc                RTC_IRQHandler
                0x00000000000001bc                RFP_AGC_IRQHandler
                0x00000000000001bc                WAKE_UP_TIMER0_IRQHandler
                0x00000000000001bc                PWM2_IRQHandler
                0x00000000000001bc                PVT_RED0_IRQHandler
                0x00000000000001bc                HWVAD0_DriverIRQHandler
                0x00000000000001bc                PVT_AMBER1_IRQHandler
                0x00000000000001bc                PWM10_IRQHandler
                0x00000000000001bc                PWM4_IRQHandler
                0x00000000000001bc                PWM7_IRQHandler
                0x00000000000001bc                MAILBOX_IRQHandler
                0x00000000000001bc                ADC_SEQA_IRQHandler
                0x00000000000001bc                ANA_COMP_IRQHandler
                0x00000000000001bc                SPIFI_IRQHandler
                0x00000000000001bc                System_IRQHandler
                0x00000000000001bc                PWM0_IRQHandler
                0x00000000000001bc                BLE_WakeupTimer_IRQHandler
                0x00000000000001bc                BLE_DP0_IRQHandler
                0x00000000000001bc                PVT_AMBER0_IRQHandler
                0x00000000000001bc                GINT0_DriverIRQHandler
                0x00000000000001bc                ADC_THCMP_OVR_IRQHandler
                0x00000000000001bc                PWM6_IRQHandler
                0x00000000000001bc                BLE_DP2_IRQHandler
                0x00000000000001bc                PWM8_IRQHandler
                0x00000000000001bc                SHA_IRQHandler
                0x00000000000001be                NMI_Handler
                0x00000000000001c0                HardFault_Handler
                0x00000000000001c2                MemManage_Handler
                0x00000000000001c6                UsageFault_Handler
                0x00000000000001c8                SVC_Handler
                0x00000000000001ca                DebugMon_Handler
                0x00000000000001cc                PendSV_Handler
                0x00000000000001ce                SysTick_Handler
                0x00000000000001d0                MAC_154_IRQHandler
                0x00000000000001f4                MODEM_154_IRQHandler
                0x0000000000000218                data_init(unsigned int, unsigned int, unsigned int)
                0x000000000000022a                bss_init(unsigned int, unsigned int)
                0x0000000000000240                ResetISR2
 *(.text*)
 .text          0x0000000000000340       0x40 /opt/bamboo/agent-home/xml-data/build-dir/IOTS-CT-JOB1/connectivity_toolbox/matter/.environment/cipd/packages/arm/bin/../lib/gcc/arm-none-eabi/10.3.1/thumb/v7e-m/nofp/crtbegin.o
 .text.App_GenericCallback
                0x0000000000000380        0x2 examples/hybrid/ot_rcp_ble_hci_bb/k32w061/CMakeFiles/ot-rcp-ble-hci-bb-k32w061.dir/main.c.obj
 *fill*         0x0000000000000382        0x2 ff
 .text.main_task
                0x0000000000000384       0xac examples/hybrid/ot_rcp_ble_hci_bb/k32w061/CMakeFiles/ot-rcp-ble-hci-bb-k32w061.dir/main.c.obj
                0x0000000000000384                main_task
 .text.otPlatUartReceived
                0x0000000000000430        0x4 examples/hybrid/ot_rcp_ble_hci_bb/k32w061/CMakeFiles/ot-rcp-ble-hci-bb-k32w061.dir/__/__/__/__/openthread/examples/apps/ncp/ncp.c.obj
                0x0000000000000430                otPlatUartReceived
 .text.otPlatUartSendDone
                0x0000000000000434        0x4 examples/hybrid/ot_rcp_ble_hci_bb/k32w061/CMakeFiles/ot-rcp-ble-hci-bb-k32w061.dir/__/__/__/__/openthread/examples/apps/ncp/ncp.c.obj
                0x0000000000000434                otPlatUartSendDone
 .text.otSysInit
                0x0000000000000438        0xe lib/libopenthread-k32w061.a(system.c.obj)
                0x0000000000000438                otSysInit
 .text.otSysEventSignalPending
                0x0000000000000446        0x2 lib/libopenthread-k32w061.a(system.c.obj)
                0x0000000000000446                otSysEventSignalPending
 .text.K32WFroCalibration
                0x0000000000000448       0x5c lib/libopenthread-k32w061.a(system.c.obj)
                0x0000000000000448                K32WFroCalibration
 .text.otSysProcessDrivers
                0x00000000000004a4       0x1c lib/libopenthread-k32w061.a(system.c.obj)
                0x00000000000004a4                otSysProcessDrivers
 .text.K32WUartProcess
                0x00000000000004c0        0x2 lib/libopenthread-k32w061.a(uart.c.obj)
                0x00000000000004c0                K32WUartProcess
 *fill*         0x00000000000004c2        0x2 ff
 .text.otPlatUartEnable
                0x00000000000004c4       0x64 lib/libopenthread-k32w061.a(uart.c.obj)
                0x00000000000004c4                otPlatUartEnable
 .text.otPlatUartSend
                0x0000000000000528       0x3c lib/libopenthread-k32w061.a(uart.c.obj)
                0x0000000000000528                otPlatUartSend
 .text.txDone   0x0000000000000564       0x14 lib/libopenthread-k32w061.a(uart.c.obj)
                0x0000000000000564                txDone
 .text.SerialMngr_TxCbApp
                0x0000000000000578       0x18 lib/libopenthread-k32w061.a(uart.c.obj)
 .text.SerialMngr_RxCbApp
                0x0000000000000590       0x34 lib/libopenthread-k32w061.a(uart.c.obj)
 .text.otEncodingReadUint64Le
                0x00000000000005c4        0x8 lib/libopenthread-k32w061.a(radio.c.obj)
 .text.K32WEncFrame
                0x00000000000005cc       0x30 lib/libopenthread-k32w061.a(radio.c.obj)
 .text.K32WEnableReceive
                0x00000000000005fc       0x4c lib/libopenthread-k32w061.a(radio.c.obj)
 .text.K32WFrameConversion.isra.0
                0x0000000000000648       0x3a lib/libopenthread-k32w061.a(radio.c.obj)
 .text.App_AllowDeviceToSleep
                0x0000000000000682        0x2 lib/libopenthread-k32w061.a(radio.c.obj)
                0x0000000000000682                App_AllowDeviceToSleep
 .text.App_DisallowDeviceToSleep
                0x0000000000000684        0x2 lib/libopenthread-k32w061.a(radio.c.obj)
                0x0000000000000684                App_DisallowDeviceToSleep
 .text.BOARD_LedDongleToggle
                0x0000000000000686        0x2 lib/libopenthread-k32w061.a(radio.c.obj)
                0x0000000000000686                BOARD_LedDongleToggle
 .text.K32WISR  0x0000000000000688      0x230 lib/libopenthread-k32w061.a(radio.c.obj)
 .text.K32WRadioInit
                0x00000000000008b8       0x34 lib/libopenthread-k32w061.a(radio.c.obj)
                0x00000000000008b8                K32WRadioInit
 .text.K32WRadioProcess
                0x00000000000008ec       0xa0 lib/libopenthread-k32w061.a(radio.c.obj)
                0x00000000000008ec                K32WRadioProcess
 .text.otPlatRadioGetIeeeEui64
                0x000000000000098c       0x30 lib/libopenthread-k32w061.a(radio.c.obj)
                0x000000000000098c                otPlatRadioGetIeeeEui64
 .text.otPlatRadioSetPanId
                0x00000000000009bc       0x10 lib/libopenthread-k32w061.a(radio.c.obj)
                0x00000000000009bc                otPlatRadioSetPanId
 .text.otPlatRadioSetExtendedAddress
                0x00000000000009cc       0x34 lib/libopenthread-k32w061.a(radio.c.obj)
                0x00000000000009cc                otPlatRadioSetExtendedAddress
 .text.otPlatRadioSetShortAddress
                0x0000000000000a00       0x10 lib/libopenthread-k32w061.a(radio.c.obj)
                0x0000000000000a00                otPlatRadioSetShortAddress
 .text.otPlatRadioEnable
                0x0000000000000a10       0xb0 lib/libopenthread-k32w061.a(radio.c.obj)
                0x0000000000000a10                otPlatRadioEnable
 .text.otPlatRadioDisable
                0x0000000000000ac0       0x40 lib/libopenthread-k32w061.a(radio.c.obj)
                0x0000000000000ac0                otPlatRadioDisable
 .text.otPlatRadioIsEnabled
                0x0000000000000b00       0x10 lib/libopenthread-k32w061.a(radio.c.obj)
                0x0000000000000b00                otPlatRadioIsEnabled
 .text.otPlatRadioSleep
                0x0000000000000b10       0x40 lib/libopenthread-k32w061.a(radio.c.obj)
                0x0000000000000b10                otPlatRadioSleep
 .text.otPlatRadioReceive
                0x0000000000000b50       0x88 lib/libopenthread-k32w061.a(radio.c.obj)
                0x0000000000000b50                otPlatRadioReceive
 .text.otPlatRadioEnableSrcMatch
                0x0000000000000bd8        0xc lib/libopenthread-k32w061.a(radio.c.obj)
                0x0000000000000bd8                otPlatRadioEnableSrcMatch
 .text.otPlatRadioAddSrcMatchShortEntry
                0x0000000000000be4       0x7c lib/libopenthread-k32w061.a(radio.c.obj)
                0x0000000000000be4                otPlatRadioAddSrcMatchShortEntry
 .text.otPlatRadioAddSrcMatchExtEntry
                0x0000000000000c60       0xa0 lib/libopenthread-k32w061.a(radio.c.obj)
                0x0000000000000c60                otPlatRadioAddSrcMatchExtEntry
 .text.otPlatRadioClearSrcMatchShortEntry
                0x0000000000000d00       0x6c lib/libopenthread-k32w061.a(radio.c.obj)
                0x0000000000000d00                otPlatRadioClearSrcMatchShortEntry
 .text.otPlatRadioClearSrcMatchExtEntry
                0x0000000000000d6c       0x98 lib/libopenthread-k32w061.a(radio.c.obj)
                0x0000000000000d6c                otPlatRadioClearSrcMatchExtEntry
 .text.otPlatRadioClearSrcMatchShortEntries
                0x0000000000000e04       0x10 lib/libopenthread-k32w061.a(radio.c.obj)
                0x0000000000000e04                otPlatRadioClearSrcMatchShortEntries
 .text.otPlatRadioClearSrcMatchExtEntries
                0x0000000000000e14       0x10 lib/libopenthread-k32w061.a(radio.c.obj)
                0x0000000000000e14                otPlatRadioClearSrcMatchExtEntries
 .text.otPlatRadioGetTransmitBuffer
                0x0000000000000e24        0x8 lib/libopenthread-k32w061.a(radio.c.obj)
                0x0000000000000e24                otPlatRadioGetTransmitBuffer
 .text.otPlatRadioTransmit
                0x0000000000000e2c      0x170 lib/libopenthread-k32w061.a(radio.c.obj)
                0x0000000000000e2c                otPlatRadioTransmit
 .text.otPlatRadioGetRssi
                0x0000000000000f9c       0x64 lib/libopenthread-k32w061.a(radio.c.obj)
                0x0000000000000f9c                otPlatRadioGetRssi
 .text.otPlatRadioGetCaps
                0x0000000000001000        0x4 lib/libopenthread-k32w061.a(radio.c.obj)
                0x0000000000001000                otPlatRadioGetCaps
 .text.otPlatRadioGetPromiscuous
                0x0000000000001004       0x10 lib/libopenthread-k32w061.a(radio.c.obj)
                0x0000000000001004                otPlatRadioGetPromiscuous
 .text.otPlatRadioSetPromiscuous
                0x0000000000001014       0x28 lib/libopenthread-k32w061.a(radio.c.obj)
                0x0000000000001014                otPlatRadioSetPromiscuous
 .text.otPlatRadioEnergyScan
                0x000000000000103c        0x4 lib/libopenthread-k32w061.a(radio.c.obj)
                0x000000000000103c                otPlatRadioEnergyScan
 .text.otPlatRadioGetTransmitPower
                0x0000000000001040       0x14 lib/libopenthread-k32w061.a(radio.c.obj)
                0x0000000000001040                otPlatRadioGetTransmitPower
 .text.otPlatRadioSetTransmitPower
                0x0000000000001054       0x64 lib/libopenthread-k32w061.a(radio.c.obj)
                0x0000000000001054                otPlatRadioSetTransmitPower
 .text.otPlatRadioGetCcaEnergyDetectThreshold
                0x00000000000010b8       0x1c lib/libopenthread-k32w061.a(radio.c.obj)
                0x00000000000010b8                otPlatRadioGetCcaEnergyDetectThreshold
 .text.otPlatRadioSetCcaEnergyDetectThreshold
                0x00000000000010d4       0x22 lib/libopenthread-k32w061.a(radio.c.obj)
                0x00000000000010d4                otPlatRadioSetCcaEnergyDetectThreshold
 .text.otPlatRadioGetReceiveSensitivity
                0x00000000000010f6        0x6 lib/libopenthread-k32w061.a(radio.c.obj)
                0x00000000000010f6                otPlatRadioGetReceiveSensitivity
 .text.otPlatRadioSetMacKey
                0x00000000000010fc        0xc lib/libopenthread-k32w061.a(radio.c.obj)
                0x00000000000010fc                otPlatRadioSetMacKey
 .text.otPlatRadioSetMacFrameCounter
                0x0000000000001108       0x10 lib/libopenthread-k32w061.a(radio.c.obj)
                0x0000000000001108                otPlatRadioSetMacFrameCounter
 .text.otPlatRadioGetCslUncertainty
                0x0000000000001118        0x4 lib/libopenthread-k32w061.a(radio.c.obj)
                0x0000000000001118                otPlatRadioGetCslUncertainty
 .text.otPlatRadioGetNow
                0x000000000000111c        0x4 lib/libopenthread-k32w061.a(radio.c.obj)
                0x000000000000111c                otPlatRadioGetNow
 .text.otPlatRadioGetCslAccuracy
                0x0000000000001120        0x4 lib/libopenthread-k32w061.a(radio.c.obj)
                0x0000000000001120                otPlatRadioGetCslAccuracy
 .text._ZL15GetOtMacAddressRKN2ot3Mac7AddressEP12otMacAddress
                0x0000000000001124       0x24 lib/libopenthread-k32w061.a(mac_frame.cpp.obj)
 .text.otMacFrameIsData
                0x0000000000001148       0x10 lib/libopenthread-k32w061.a(mac_frame.cpp.obj)
                0x0000000000001148                otMacFrameIsData
 .text.otMacFrameIsCommand
                0x0000000000001158       0x10 lib/libopenthread-k32w061.a(mac_frame.cpp.obj)
                0x0000000000001158                otMacFrameIsCommand
 .text.otMacFrameIsDataRequest
                0x0000000000001168        0x4 lib/libopenthread-k32w061.a(mac_frame.cpp.obj)
                0x0000000000001168                otMacFrameIsDataRequest
 .text.otMacFrameGetSrcAddr
                0x000000000000116c       0x22 lib/libopenthread-k32w061.a(mac_frame.cpp.obj)
                0x000000000000116c                otMacFrameGetSrcAddr
 .text.otMacFrameProcessTransmitAesCcm
                0x000000000000118e        0x4 lib/libopenthread-k32w061.a(mac_frame.cpp.obj)
                0x000000000000118e                otMacFrameProcessTransmitAesCcm
 .text.otMacFrameIsVersion2015
                0x0000000000001192       0x14 lib/libopenthread-k32w061.a(mac_frame.cpp.obj)
                0x0000000000001192                otMacFrameIsVersion2015
 .text.otMacFrameIsSecurityEnabled
                0x00000000000011a6        0xa lib/libopenthread-k32w061.a(mac_frame.cpp.obj)
                0x00000000000011a6                otMacFrameIsSecurityEnabled
 .text.otMacFrameIsKeyIdMode1
                0x00000000000011b0       0x22 lib/libopenthread-k32w061.a(mac_frame.cpp.obj)
                0x00000000000011b0                otMacFrameIsKeyIdMode1
 .text.App_NotifyWakeup
                0x00000000000011d2        0x2 lib/libopenthread-k32w061.a(alarm.c.obj)
                0x00000000000011d2                App_NotifyWakeup
 .text.TMR_ScheduleActivityCallback
                0x00000000000011d4       0x18 lib/libopenthread-k32w061.a(alarm.c.obj)
 .text.MicroTimerCallback
                0x00000000000011ec       0x18 lib/libopenthread-k32w061.a(alarm.c.obj)
                0x00000000000011ec                MicroTimerCallback
 .text.K32WAlarmInit
                0x0000000000001204       0x24 lib/libopenthread-k32w061.a(alarm.c.obj)
                0x0000000000001204                K32WAlarmInit
 .text.K32WAlarmProcess
                0x0000000000001228       0x38 lib/libopenthread-k32w061.a(alarm.c.obj)
                0x0000000000001228                K32WAlarmProcess
 .text.otPlatAlarmMilliStop
                0x0000000000001260       0x14 lib/libopenthread-k32w061.a(alarm.c.obj)
                0x0000000000001260                otPlatAlarmMilliStop
 .text.otPlatAlarmMilliGetNow
                0x0000000000001274       0x12 lib/libopenthread-k32w061.a(alarm.c.obj)
                0x0000000000001274                otPlatAlarmMilliGetNow
 *fill*         0x0000000000001286        0x2 ff
 .text.otPlatAlarmMicroStop
                0x0000000000001288       0x14 lib/libopenthread-k32w061.a(alarm.c.obj)
                0x0000000000001288                otPlatAlarmMicroStop
 .text.otPlatAlarmMicroGetNow
                0x000000000000129c        0x8 lib/libopenthread-k32w061.a(alarm.c.obj)
                0x000000000000129c                otPlatAlarmMicroGetNow
 .text.alarmStartAt
                0x00000000000012a4       0xa0 lib/libopenthread-k32w061.a(alarm.c.obj)
                0x00000000000012a4                alarmStartAt
 .text.otPlatAlarmMilliStartAt
                0x0000000000001344       0x28 lib/libopenthread-k32w061.a(alarm.c.obj)
                0x0000000000001344                otPlatAlarmMilliStartAt
 .text.otPlatAlarmMicroStartAt
                0x000000000000136c       0x28 lib/libopenthread-k32w061.a(alarm.c.obj)
                0x000000000000136c                otPlatAlarmMicroStartAt
 .text.otPlatTimeGet
                0x0000000000001394        0x4 lib/libopenthread-k32w061.a(alarm.c.obj)
                0x0000000000001394                otPlatTimeGet
 .text._ZN2ot3Ncp7NcpHdlcC2EPNS_8InstanceEPFiPKhtE
                0x0000000000001398       0x88 lib/libopenthread-rcp.a(ncp_hdlc.cpp.obj)
                0x0000000000001398                ot::Ncp::NcpHdlc::NcpHdlc(ot::Instance*, int (*)(unsigned char const*, unsigned short))
                0x0000000000001398                ot::Ncp::NcpHdlc::NcpHdlc(ot::Instance*, int (*)(unsigned char const*, unsigned short))
 .text._ZN2ot3Ncp7NcpHdlc27HandleFrameAddedToNcpBufferEv
                0x0000000000001420       0x1e lib/libopenthread-rcp.a(ncp_hdlc.cpp.obj)
                0x0000000000001420                ot::Ncp::NcpHdlc::HandleFrameAddedToNcpBuffer()
 .text._ZN2ot3Ncp7NcpHdlc27HandleFrameAddedToNcpBufferEPvPKvNS_6Spinel6Buffer8PriorityEPS6_
                0x000000000000143e        0x4 lib/libopenthread-rcp.a(ncp_hdlc.cpp.obj)
                0x000000000000143e                ot::Ncp::NcpHdlc::HandleFrameAddedToNcpBuffer(void*, void const*, ot::Spinel::Buffer::Priority, ot::Spinel::Buffer*)
 .text._ZN2ot3Ncp7NcpHdlc13EncodeAndSendEv
                0x0000000000001442       0xe2 lib/libopenthread-rcp.a(ncp_hdlc.cpp.obj)
                0x0000000000001442                ot::Ncp::NcpHdlc::EncodeAndSend()
 .text._ZN2ot3Ncp7NcpHdlc13EncodeAndSendERNS_7TaskletE
                0x0000000000001524        0xe lib/libopenthread-rcp.a(ncp_hdlc.cpp.obj)
                0x0000000000001524                ot::Ncp::NcpHdlc::EncodeAndSend(ot::Tasklet&)
 .text._ZN2ot3Ncp7NcpHdlc18HandleHdlcSendDoneEv
                0x0000000000001532       0x20 lib/libopenthread-rcp.a(ncp_hdlc.cpp.obj)
                0x0000000000001532                ot::Ncp::NcpHdlc::HandleHdlcSendDone()
 .text.otNcpHdlcSendDone
                0x0000000000001552       0x12 lib/libopenthread-rcp.a(ncp_hdlc.cpp.obj)
                0x0000000000001552                otNcpHdlcSendDone
 .text._ZN2ot3Ncp7NcpHdlc11HandleErrorE7otErrorPht
                0x0000000000001564       0x8c lib/libopenthread-rcp.a(ncp_hdlc.cpp.obj)
                0x0000000000001564                ot::Ncp::NcpHdlc::HandleError(otError, unsigned char*, unsigned short)
 .text._ZN2ot3Ncp7NcpHdlc11HandleFrameE7otError
                0x00000000000015f0       0x34 lib/libopenthread-rcp.a(ncp_hdlc.cpp.obj)
                0x00000000000015f0                ot::Ncp::NcpHdlc::HandleFrame(otError)
 .text._ZN2ot3Ncp7NcpHdlc11HandleFrameEPv7otError
                0x0000000000001624        0x4 lib/libopenthread-rcp.a(ncp_hdlc.cpp.obj)
                0x0000000000001624                ot::Ncp::NcpHdlc::HandleFrame(void*, otError)
 .text._ZN2ot3Ncp16NcpNxpVendorUart12SendHdlcHookEPKht
                0x0000000000001628        0xc lib/libopenthread-rcp.a(nxp_vendor_hook.cpp.obj)
                0x0000000000001628                ot::Ncp::NcpNxpVendorUart::SendHdlcHook(unsigned char const*, unsigned short)
 .text.__wrap_otLinkRawTransmit
                0x0000000000001634        0xc lib/libopenthread-rcp.a(nxp_vendor_hook.cpp.obj)
                0x0000000000001634                __wrap_otLinkRawTransmit
 .text.__wrap_otNcpHdlcReceive
                0x0000000000001640       0x20 lib/libopenthread-rcp.a(nxp_vendor_hook.cpp.obj)
                0x0000000000001640                __wrap_otNcpHdlcReceive
 .text._ZN2ot3Ncp16NcpNxpVendorUart26GenerateHdlcMessageAndSentEhPvt
                0x0000000000001660       0x48 lib/libopenthread-rcp.a(nxp_vendor_hook.cpp.obj)
                0x0000000000001660                ot::Ncp::NcpNxpVendorUart::GenerateHdlcMessageAndSent(unsigned char, void*, unsigned short)
 .text.otGenerateHdlcMessageAndSent
                0x00000000000016a8       0x1e lib/libopenthread-rcp.a(nxp_vendor_hook.cpp.obj)
                0x00000000000016a8                otGenerateHdlcMessageAndSent
 .text.__wrap_Hcit_SendPacket
                0x00000000000016c6       0x12 lib/libopenthread-rcp.a(nxp_vendor_hook.cpp.obj)
                0x00000000000016c6                __wrap_Hcit_SendPacket
 .text._ZN2ot3Ncp16NcpNxpVendorUartC2EPNS_8InstanceE
                0x00000000000016d8       0x40 lib/libopenthread-rcp.a(nxp_vendor_hook.cpp.obj)
                0x00000000000016d8                ot::Ncp::NcpNxpVendorUart::NcpNxpVendorUart(ot::Instance*)
                0x00000000000016d8                ot::Ncp::NcpNxpVendorUart::NcpNxpVendorUart(ot::Instance*)
 .text._ZN2ot3Ncp16NcpNxpVendorUart23LinkRawTransmitDoneHookEP12otRadioFrameS3_7otError
                0x0000000000001718      0x108 lib/libopenthread-rcp.a(nxp_vendor_hook.cpp.obj)
                0x0000000000001718                ot::Ncp::NcpNxpVendorUart::LinkRawTransmitDoneHook(otRadioFrame*, otRadioFrame*, otError)
 .text._ZN2ot3Ncp16NcpNxpVendorUart20otLinkRawTransmitNXPEP10otInstanceP12otRadioFrameS5_7otError
                0x0000000000001820       0x1e lib/libopenthread-rcp.a(nxp_vendor_hook.cpp.obj)
                0x0000000000001820                ot::Ncp::NcpNxpVendorUart::otLinkRawTransmitNXP(otInstance*, otRadioFrame*, otRadioFrame*, otError)
 *fill*         0x000000000000183e        0x2 ff
 .text._ZN2ot3Ncp16NcpNxpVendorUart15HandleFrameHookE7otError
                0x0000000000001840       0x5c lib/libopenthread-rcp.a(nxp_vendor_hook.cpp.obj)
                0x0000000000001840                ot::Ncp::NcpNxpVendorUart::HandleFrameHook(otError)
 .text._ZN2ot3Ncp16NcpNxpVendorUart15HandleFrameHookEPv7otError
                0x000000000000189c        0x4 lib/libopenthread-rcp.a(nxp_vendor_hook.cpp.obj)
                0x000000000000189c                ot::Ncp::NcpNxpVendorUart::HandleFrameHook(void*, otError)
 .text._ZN2ot3Ncp7NcpBase20VendorCommandHandlerEhj
                0x00000000000018a0        0x8 lib/libopenthread-rcp.a(nxp_vendor_hook.cpp.obj)
                0x00000000000018a0                ot::Ncp::NcpBase::VendorCommandHandler(unsigned char, unsigned int)
 .text._ZN2ot3Ncp7NcpBase37VendorHandleFrameRemovedFromNcpBufferEPKv
                0x00000000000018a8        0x2 lib/libopenthread-rcp.a(nxp_vendor_hook.cpp.obj)
                0x00000000000018a8                ot::Ncp::NcpBase::VendorHandleFrameRemovedFromNcpBuffer(void const*)
 .text._ZN2ot3Ncp7NcpBase24VendorGetPropertyHandlerEm
                0x00000000000018aa        0x4 lib/libopenthread-rcp.a(nxp_vendor_hook.cpp.obj)
                0x00000000000018aa                ot::Ncp::NcpBase::VendorGetPropertyHandler(unsigned long)
 *fill*         0x00000000000018ae        0x2 ff
 .text._ZN2ot3Ncp7NcpBase24VendorSetPropertyHandlerEm
                0x00000000000018b0       0x24 lib/libopenthread-rcp.a(nxp_vendor_hook.cpp.obj)
                0x00000000000018b0                ot::Ncp::NcpBase::VendorSetPropertyHandler(unsigned long)
 .text.otAppNcpInit
                0x00000000000018d4       0x1c lib/libopenthread-rcp.a(nxp_vendor_hook.cpp.obj)
                0x00000000000018d4                otAppNcpInit
 .text._ZN2ot6Spinel7Encoder10WriteUint8Eh.isra.0
                0x00000000000018f0        0x4 lib/libopenthread-rcp.a(ncp_base.cpp.obj)
 .text._ZN2ot3Ncp7NcpBase25ThreadErrorToSpinelStatusE7otError
                0x00000000000018f4       0x6c lib/libopenthread-rcp.a(ncp_base.cpp.obj)
                0x00000000000018f4                ot::Ncp::NcpBase::ThreadErrorToSpinelStatus(otError)
 .text._ZN2ot3Ncp7NcpBaseC2EPNS_8InstanceE
                0x0000000000001960       0xf8 lib/libopenthread-rcp.a(ncp_base.cpp.obj)
                0x0000000000001960                ot::Ncp::NcpBase::NcpBase(ot::Instance*)
                0x0000000000001960                ot::Ncp::NcpBase::NcpBase(ot::Instance*)
 .text._ZN2ot3Ncp7NcpBase14GetNcpInstanceEv
                0x0000000000001a58        0xc lib/libopenthread-rcp.a(ncp_base.cpp.obj)
                0x0000000000001a58                ot::Ncp::NcpBase::GetNcpInstance()
 .text._ZN2ot3Ncp7NcpBase14ShouldWakeHostEv
                0x0000000000001a64       0x14 lib/libopenthread-rcp.a(ncp_base.cpp.obj)
                0x0000000000001a64                ot::Ncp::NcpBase::ShouldWakeHost()
 .text._ZN2ot3Ncp7NcpBase19ShouldDeferHostSendEv
                0x0000000000001a78       0x14 lib/libopenthread-rcp.a(ncp_base.cpp.obj)
                0x0000000000001a78                ot::Ncp::NcpBase::ShouldDeferHostSend()
 .text._ZN2ot3Ncp7NcpBase26IncrementFrameErrorCounterEv
                0x0000000000001a8c       0x10 lib/libopenthread-rcp.a(ncp_base.cpp.obj)
                0x0000000000001a8c                ot::Ncp::NcpBase::IncrementFrameErrorCounter()
 .text._ZN2ot3Ncp7NcpBase11StreamWriteEiPKhi
                0x0000000000001a9c       0x7e lib/libopenthread-rcp.a(ncp_base.cpp.obj)
                0x0000000000001a9c                ot::Ncp::NcpBase::StreamWrite(int, unsigned char const*, int)
 *fill*         0x0000000000001b1a        0x2 ff
 .text._ZN2ot3Ncp7NcpBase15ConvertLogLevelEi
                0x0000000000001b1c       0x14 lib/libopenthread-rcp.a(ncp_base.cpp.obj)
                0x0000000000001b1c                ot::Ncp::NcpBase::ConvertLogLevel(int)
 .text._ZN2ot3Ncp7NcpBase15EnqueueResponseEhNS1_12ResponseTypeEj
                0x0000000000001b30       0xc8 lib/libopenthread-rcp.a(ncp_base.cpp.obj)
                0x0000000000001b30                ot::Ncp::NcpBase::EnqueueResponse(unsigned char, ot::Ncp::NcpBase::ResponseType, unsigned int)
 .text._ZN2ot3Ncp7NcpBase25PrepareLastStatusResponseEhm
                0x0000000000001bf8        0x8 lib/libopenthread-rcp.a(ncp_base.cpp.obj)
                0x0000000000001bf8                ot::Ncp::NcpBase::PrepareLastStatusResponse(unsigned char, unsigned long)
 .text._ZN2ot3Ncp7NcpBase20WriteLastStatusFrameEhm
                0x0000000000001c00       0x34 lib/libopenthread-rcp.a(ncp_base.cpp.obj)
                0x0000000000001c00                ot::Ncp::NcpBase::WriteLastStatusFrame(unsigned char, unsigned long)
 .text._ZN2ot3Ncp7NcpBase25WritePropertyValueIsFrameEhmb
                0x0000000000001c34       0xa4 lib/libopenthread-rcp.a(ncp_base.cpp.obj)
                0x0000000000001c34                ot::Ncp::NcpBase::WritePropertyValueIsFrame(unsigned char, unsigned long, bool)
 .text._ZN2ot3Ncp7NcpBase19SendQueuedResponsesEv
                0x0000000000001cd8       0x8c lib/libopenthread-rcp.a(ncp_base.cpp.obj)
                0x0000000000001cd8                ot::Ncp::NcpBase::SendQueuedResponses()
 .text._ZN2ot3Ncp7NcpBase18UpdateChangedPropsEv
                0x0000000000001d64       0xc8 lib/libopenthread-rcp.a(ncp_base.cpp.obj)
                0x0000000000001d64                ot::Ncp::NcpBase::UpdateChangedProps()
 .text._ZN2ot3Ncp7NcpBase18UpdateChangedPropsERNS_7TaskletE
                0x0000000000001e2c        0xc lib/libopenthread-rcp.a(ncp_base.cpp.obj)
                0x0000000000001e2c                ot::Ncp::NcpBase::UpdateChangedProps(ot::Tasklet&)
 .text._ZN2ot3Ncp7NcpBase31HandleFrameRemovedFromNcpBufferEPKv
                0x0000000000001e38       0x64 lib/libopenthread-rcp.a(ncp_base.cpp.obj)
                0x0000000000001e38                ot::Ncp::NcpBase::HandleFrameRemovedFromNcpBuffer(void const*)
 .text._ZN2ot3Ncp7NcpBase31HandleFrameRemovedFromNcpBufferEPvPKvNS_6Spinel6Buffer8PriorityEPS6_
                0x0000000000001e9c        0x4 lib/libopenthread-rcp.a(ncp_base.cpp.obj)
                0x0000000000001e9c                ot::Ncp::NcpBase::HandleFrameRemovedFromNcpBuffer(void*, void const*, ot::Spinel::Buffer::Priority, ot::Spinel::Buffer*)
 .text._ZN2ot3Ncp7NcpBase38WritePropertyValueInsertedRemovedFrameEhjmPKht
                0x0000000000001ea0       0x2e lib/libopenthread-rcp.a(ncp_base.cpp.obj)
                0x0000000000001ea0                ot::Ncp::NcpBase::WritePropertyValueInsertedRemovedFrame(unsigned char, unsigned int, unsigned long, unsigned char const*, unsigned short)
 .text._ZN2ot3Ncp7NcpBase33HandleCommandPropertyInsertRemoveEhmj
                0x0000000000001ece       0xc2 lib/libopenthread-rcp.a(ncp_base.cpp.obj)
                0x0000000000001ece                ot::Ncp::NcpBase::HandleCommandPropertyInsertRemove(unsigned char, unsigned long, unsigned int)
 .text._ZN2ot3Ncp7NcpBase19CommandHandler_NOOPEh
                0x0000000000001f90        0xa lib/libopenthread-rcp.a(ncp_base.cpp.obj)
                0x0000000000001f90                ot::Ncp::NcpBase::CommandHandler_NOOP(unsigned char)
 *fill*         0x0000000000001f9a        0x2 ff
 .text._ZN2ot3Ncp7NcpBase20CommandHandler_RESETEh
                0x0000000000001f9c       0x74 lib/libopenthread-rcp.a(ncp_base.cpp.obj)
                0x0000000000001f9c                ot::Ncp::NcpBase::CommandHandler_RESET(unsigned char)
 .text._ZN2ot3Ncp7NcpBase17HandlePropertyGetILm32EEE7otErrorv
                0x0000000000002010       0x16 lib/libopenthread-rcp.a(ncp_base.cpp.obj)
                0x0000000000002010                otError ot::Ncp::NcpBase::HandlePropertyGet<32ul>()
 .text._ZN2ot3Ncp7NcpBase17HandlePropertyGetILm33EEE7otErrorv
                0x0000000000002026       0x16 lib/libopenthread-rcp.a(ncp_base.cpp.obj)
                0x0000000000002026                otError ot::Ncp::NcpBase::HandlePropertyGet<33ul>()
 .text._ZN2ot3Ncp7NcpBase17HandlePropertySetILm33EEE7otErrorv
                0x000000000000203c       0x42 lib/libopenthread-rcp.a(ncp_base.cpp.obj)
                0x000000000000203c                otError ot::Ncp::NcpBase::HandlePropertySet<33ul>()
 .text._ZN2ot3Ncp7NcpBase17HandlePropertyGetILm56EEE7otErrorv
                0x000000000000207e       0x1e lib/libopenthread-rcp.a(ncp_base.cpp.obj)
                0x000000000000207e                otError ot::Ncp::NcpBase::HandlePropertyGet<56ul>()
 .text._ZN2ot3Ncp7NcpBase17HandlePropertySetILm56EEE7otErrorv
                0x000000000000209c       0x36 lib/libopenthread-rcp.a(ncp_base.cpp.obj)
                0x000000000000209c                otError ot::Ncp::NcpBase::HandlePropertySet<56ul>()
 .text._ZN2ot3Ncp7NcpBase17HandlePropertyGetILm54EEE7otErrorv
                0x00000000000020d2       0x18 lib/libopenthread-rcp.a(ncp_base.cpp.obj)
                0x00000000000020d2                otError ot::Ncp::NcpBase::HandlePropertyGet<54ul>()
 .text._ZN2ot3Ncp7NcpBase17HandlePropertySetILm54EEE7otErrorv
                0x00000000000020ea       0x1e lib/libopenthread-rcp.a(ncp_base.cpp.obj)
                0x00000000000020ea                otError ot::Ncp::NcpBase::HandlePropertySet<54ul>()
 .text._ZN2ot3Ncp7NcpBase17HandlePropertyGetILm52EEE7otErrorv
                0x0000000000002108       0x18 lib/libopenthread-rcp.a(ncp_base.cpp.obj)
                0x0000000000002108                otError ot::Ncp::NcpBase::HandlePropertyGet<52ul>()
 .text._ZN2ot3Ncp7NcpBase17HandlePropertySetILm52EEE7otErrorv
                0x0000000000002120       0x1c lib/libopenthread-rcp.a(ncp_base.cpp.obj)
                0x0000000000002120                otError ot::Ncp::NcpBase::HandlePropertySet<52ul>()
 .text._ZN2ot3Ncp7NcpBase17HandlePropertyGetILm53EEE7otErrorv
                0x000000000000213c       0x18 lib/libopenthread-rcp.a(ncp_base.cpp.obj)
                0x000000000000213c                otError ot::Ncp::NcpBase::HandlePropertyGet<53ul>()
 .text._ZN2ot3Ncp7NcpBase17HandlePropertyGetILm55EEE7otErrorv
                0x0000000000002154        0xe lib/libopenthread-rcp.a(ncp_base.cpp.obj)
                0x0000000000002154                otError ot::Ncp::NcpBase::HandlePropertyGet<55ul>()
 .text._ZN2ot3Ncp7NcpBase17HandlePropertySetILm55EEE7otErrorv
                0x0000000000002162       0x46 lib/libopenthread-rcp.a(ncp_base.cpp.obj)
                0x0000000000002162                otError ot::Ncp::NcpBase::HandlePropertySet<55ul>()
 .text._ZN2ot3Ncp7NcpBase17HandlePropertyGetILm2052EEE7otErrorv
                0x00000000000021a8       0x16 lib/libopenthread-rcp.a(ncp_base.cpp.obj)
                0x00000000000021a8                otError ot::Ncp::NcpBase::HandlePropertyGet<2052ul>()
 .text._ZN2ot3Ncp7NcpBase17HandlePropertyGetILm2053EEE7otErrorv
                0x00000000000021be       0x16 lib/libopenthread-rcp.a(ncp_base.cpp.obj)
                0x00000000000021be                otError ot::Ncp::NcpBase::HandlePropertyGet<2053ul>()
 .text._ZN2ot3Ncp7NcpBase17EncodeChannelMaskEm
                0x00000000000021d4       0x2a lib/libopenthread-rcp.a(ncp_base.cpp.obj)
                0x00000000000021d4                ot::Ncp::NcpBase::EncodeChannelMask(unsigned long)
 .text._ZN2ot3Ncp7NcpBase17DecodeChannelMaskERm
                0x00000000000021fe       0x46 lib/libopenthread-rcp.a(ncp_base.cpp.obj)
                0x00000000000021fe                ot::Ncp::NcpBase::DecodeChannelMask(unsigned long&)
 .text._ZN2ot3Ncp7NcpBase17HandlePropertyGetILm49EEE7otErrorv
                0x0000000000002244        0x8 lib/libopenthread-rcp.a(ncp_base.cpp.obj)
                0x0000000000002244                otError ot::Ncp::NcpBase::HandlePropertyGet<49ul>()
 .text._ZN2ot3Ncp7NcpBase17HandlePropertySetILm49EEE7otErrorv
                0x000000000000224c       0x1a lib/libopenthread-rcp.a(ncp_base.cpp.obj)
                0x000000000000224c                otError ot::Ncp::NcpBase::HandlePropertySet<49ul>()
 .text._ZN2ot3Ncp7NcpBase17HandlePropertyGetILm50EEE7otErrorv
                0x0000000000002266        0xa lib/libopenthread-rcp.a(ncp_base.cpp.obj)
                0x0000000000002266                otError ot::Ncp::NcpBase::HandlePropertyGet<50ul>()
 .text._ZN2ot3Ncp7NcpBase17HandlePropertySetILm50EEE7otErrorv
                0x0000000000002270        0xa lib/libopenthread-rcp.a(ncp_base.cpp.obj)
                0x0000000000002270                otError ot::Ncp::NcpBase::HandlePropertySet<50ul>()
 .text._ZN2ot3Ncp7NcpBase17HandlePropertyGetILm48EEE7otErrorv
                0x000000000000227a       0x28 lib/libopenthread-rcp.a(ncp_base.cpp.obj)
                0x000000000000227a                otError ot::Ncp::NcpBase::HandlePropertyGet<48ul>()
 *fill*         0x00000000000022a2        0x2 ff
 .text._ZN2ot3Ncp7NcpBase17HandlePropertySetILm48EEE7otErrorv
                0x00000000000022a4       0x78 lib/libopenthread-rcp.a(ncp_base.cpp.obj)
                0x00000000000022a4                otError ot::Ncp::NcpBase::HandlePropertySet<48ul>()
 .text._ZN2ot3Ncp7NcpBase20HandlePropertyInsertILm4104EEE7otErrorv
                0x000000000000231c       0x1e lib/libopenthread-rcp.a(ncp_base.cpp.obj)
                0x000000000000231c                otError ot::Ncp::NcpBase::HandlePropertyInsert<4104ul>()
 .text._ZN2ot3Ncp7NcpBase20HandlePropertyRemoveILm4104EEE7otErrorv
                0x000000000000233a       0x1e lib/libopenthread-rcp.a(ncp_base.cpp.obj)
                0x000000000000233a                otError ot::Ncp::NcpBase::HandlePropertyRemove<4104ul>()
 .text._ZN2ot3Ncp7NcpBase17HandlePropertyGetILm0EEE7otErrorv
                0x0000000000002358        0xa lib/libopenthread-rcp.a(ncp_base.cpp.obj)
                0x0000000000002358                otError ot::Ncp::NcpBase::HandlePropertyGet<0ul>()
 .text._ZN2ot3Ncp7NcpBase17HandlePropertyGetILm1EEE7otErrorv
                0x0000000000002362       0x1e lib/libopenthread-rcp.a(ncp_base.cpp.obj)
                0x0000000000002362                otError ot::Ncp::NcpBase::HandlePropertyGet<1ul>()
 .text._ZN2ot3Ncp7NcpBase17HandlePropertyGetILm3EEE7otErrorv
                0x0000000000002380        0x8 lib/libopenthread-rcp.a(ncp_base.cpp.obj)
                0x0000000000002380                otError ot::Ncp::NcpBase::HandlePropertyGet<3ul>()
 .text._ZN2ot3Ncp7NcpBase17HandlePropertyGetILm4EEE7otErrorv
                0x0000000000002388        0x8 lib/libopenthread-rcp.a(ncp_base.cpp.obj)
                0x0000000000002388                otError ot::Ncp::NcpBase::HandlePropertyGet<4ul>()
 .text._ZN2ot3Ncp7NcpBase17HandlePropertyGetILm5EEE7otErrorv
                0x0000000000002390       0x48 lib/libopenthread-rcp.a(ncp_base.cpp.obj)
                0x0000000000002390                otError ot::Ncp::NcpBase::HandlePropertyGet<5ul>()
 .text._ZN2ot3Ncp7NcpBase17HandlePropertyGetILm2EEE7otErrorv
                0x00000000000023d8       0x16 lib/libopenthread-rcp.a(ncp_base.cpp.obj)
                0x00000000000023d8                otError ot::Ncp::NcpBase::HandlePropertyGet<2ul>()
 .text._ZN2ot3Ncp7NcpBase17HandlePropertyGetILm6EEE7otErrorv
                0x00000000000023ee        0x8 lib/libopenthread-rcp.a(ncp_base.cpp.obj)
                0x00000000000023ee                otError ot::Ncp::NcpBase::HandlePropertyGet<6ul>()
 .text._ZN2ot3Ncp7NcpBase17HandlePropertyGetILm13EEE7otErrorv
                0x00000000000023f6        0x8 lib/libopenthread-rcp.a(ncp_base.cpp.obj)
                0x00000000000023f6                otError ot::Ncp::NcpBase::HandlePropertyGet<13ul>()
 .text._ZN2ot3Ncp7NcpBase17HandlePropertyGetILm7EEE7otErrorv
                0x00000000000023fe        0x8 lib/libopenthread-rcp.a(ncp_base.cpp.obj)
                0x00000000000023fe                otError ot::Ncp::NcpBase::HandlePropertyGet<7ul>()
 .text._ZN2ot3Ncp7NcpBase17HandlePropertySetILm7EEE7otErrorv
                0x0000000000002406        0x4 lib/libopenthread-rcp.a(ncp_base.cpp.obj)
                0x0000000000002406                otError ot::Ncp::NcpBase::HandlePropertySet<7ul>()
 .text._ZN2ot3Ncp7NcpBase17HandlePropertyGetILm8EEE7otErrorv
                0x000000000000240a       0x1a lib/libopenthread-rcp.a(ncp_base.cpp.obj)
                0x000000000000240a                otError ot::Ncp::NcpBase::HandlePropertyGet<8ul>()
 .text._ZN2ot3Ncp7NcpBase17HandlePropertyGetILm9EEE7otErrorv
                0x0000000000002424        0x8 lib/libopenthread-rcp.a(ncp_base.cpp.obj)
                0x0000000000002424                otError ot::Ncp::NcpBase::HandlePropertyGet<9ul>()
 .text._ZN2ot3Ncp7NcpBase17HandlePropertyGetILm12EEE7otErrorv
                0x000000000000242c        0xa lib/libopenthread-rcp.a(ncp_base.cpp.obj)
                0x000000000000242c                otError ot::Ncp::NcpBase::HandlePropertyGet<12ul>()
 *fill*         0x0000000000002436        0x2 ff
 .text._ZN2ot3Ncp7NcpBase46HandlePropertySet_SPINEL_PROP_HOST_POWER_STATEEh
                0x0000000000002438       0x8c lib/libopenthread-rcp.a(ncp_base.cpp.obj)
                0x0000000000002438                ot::Ncp::NcpBase::HandlePropertySet_SPINEL_PROP_HOST_POWER_STATE(unsigned char)
 .text._ZN2ot3Ncp7NcpBase37HandlePropertySetForSpecialPropertiesEhmR7otError
                0x00000000000024c4       0x20 lib/libopenthread-rcp.a(ncp_base.cpp.obj)
                0x00000000000024c4                ot::Ncp::NcpBase::HandlePropertySetForSpecialProperties(unsigned char, unsigned long, otError&)
 .text._ZN2ot3Ncp7NcpBase24HandleCommandPropertySetEhm
                0x00000000000024e4       0xb4 lib/libopenthread-rcp.a(ncp_base.cpp.obj)
                0x00000000000024e4                ot::Ncp::NcpBase::HandleCommandPropertySet(unsigned char, unsigned long)
 .text._ZN2ot3Ncp7NcpBase32CommandHandler_PROP_VALUE_updateEhj
                0x0000000000002598       0x66 lib/libopenthread-rcp.a(ncp_base.cpp.obj)
                0x0000000000002598                ot::Ncp::NcpBase::CommandHandler_PROP_VALUE_update(unsigned char, unsigned int)
 .text._ZN2ot3Ncp7NcpBase13HandleCommandEh
                0x00000000000025fe       0x5e lib/libopenthread-rcp.a(ncp_base.cpp.obj)
                0x00000000000025fe                ot::Ncp::NcpBase::HandleCommand(unsigned char)
 .text._ZN2ot3Ncp7NcpBase13HandleReceiveEPKht
                0x000000000000265c       0xb8 lib/libopenthread-rcp.a(ncp_base.cpp.obj)
                0x000000000000265c                ot::Ncp::NcpBase::HandleReceive(unsigned char const*, unsigned short)
 .text._ZN2ot3Ncp7NcpBase17HandlePropertyGetILm38EEE7otErrorv
                0x0000000000002714       0x16 lib/libopenthread-rcp.a(ncp_base.cpp.obj)
                0x0000000000002714                otError ot::Ncp::NcpBase::HandlePropertyGet<38ul>()
 .text._ZN2ot3Ncp7NcpBase17HandlePropertyGetILm39EEE7otErrorv
                0x000000000000272a       0x16 lib/libopenthread-rcp.a(ncp_base.cpp.obj)
                0x000000000000272a                otError ot::Ncp::NcpBase::HandlePropertyGet<39ul>()
 .text._ZN2ot3Ncp7NcpBase17HandlePropertyGetILm35EEE7otErrorv
                0x0000000000002740       0x4c lib/libopenthread-rcp.a(ncp_base.cpp.obj)
                0x0000000000002740                otError ot::Ncp::NcpBase::HandlePropertyGet<35ul>()
 .text._ZN2ot3Ncp7NcpBase17HandlePropertyGetILm36EEE7otErrorv
                0x000000000000278c       0x2e lib/libopenthread-rcp.a(ncp_base.cpp.obj)
                0x000000000000278c                otError ot::Ncp::NcpBase::HandlePropertyGet<36ul>()
 .text._ZN2ot3Ncp7NcpBase17HandlePropertySetILm36EEE7otErrorv
                0x00000000000027ba       0x24 lib/libopenthread-rcp.a(ncp_base.cpp.obj)
                0x00000000000027ba                otError ot::Ncp::NcpBase::HandlePropertySet<36ul>()
 .text._ZN2ot3Ncp7NcpBase17HandlePropertyGetILm37EEE7otErrorv
                0x00000000000027de       0x2e lib/libopenthread-rcp.a(ncp_base.cpp.obj)
                0x00000000000027de                otError ot::Ncp::NcpBase::HandlePropertyGet<37ul>()
 .text._ZN2ot3Ncp7NcpBase17HandlePropertySetILm37EEE7otErrorv
                0x000000000000280c       0x24 lib/libopenthread-rcp.a(ncp_base.cpp.obj)
                0x000000000000280c                otError ot::Ncp::NcpBase::HandlePropertySet<37ul>()
 .text._ZN2ot3Ncp7NcpBase17HandlePropertyGetILm42EEE7otErrorv
                0x0000000000002830       0x2e lib/libopenthread-rcp.a(ncp_base.cpp.obj)
                0x0000000000002830                otError ot::Ncp::NcpBase::HandlePropertyGet<42ul>()
 .text._ZN2ot3Ncp7NcpBase17HandlePropertySetILm42EEE7otErrorv
                0x000000000000285e       0x24 lib/libopenthread-rcp.a(ncp_base.cpp.obj)
                0x000000000000285e                otError ot::Ncp::NcpBase::HandlePropertySet<42ul>()
 .text._ZN2ot3Ncp7NcpBase17HandlePropertySetILm43EEE7otErrorv
                0x0000000000002882       0x32 lib/libopenthread-rcp.a(ncp_base.cpp.obj)
                0x0000000000002882                otError ot::Ncp::NcpBase::HandlePropertySet<43ul>()
 .text._ZN2ot3Ncp7NcpBase17HandlePropertyGetILm44EEE7otErrorv
                0x00000000000028b4       0x2e lib/libopenthread-rcp.a(ncp_base.cpp.obj)
                0x00000000000028b4                otError ot::Ncp::NcpBase::HandlePropertyGet<44ul>()
 .text._ZN2ot3Ncp7NcpBase17HandlePropertySetILm44EEE7otErrorv
                0x00000000000028e2       0x1e lib/libopenthread-rcp.a(ncp_base.cpp.obj)
                0x00000000000028e2                otError ot::Ncp::NcpBase::HandlePropertySet<44ul>()
 .text._ZN2ot3Ncp7NcpBase17HandlePropertyGetILm16384EEE7otErrorv
                0x0000000000002900        0x2 lib/libopenthread-rcp.a(ncp_base.cpp.obj)
                0x0000000000002900                otError ot::Ncp::NcpBase::HandlePropertyGet<16384ul>()
 .text._ZN2ot3Ncp7NcpBase17HandlePropertyGetILm16386EEE7otErrorv
                0x0000000000002902        0x2 lib/libopenthread-rcp.a(ncp_base.cpp.obj)
                0x0000000000002902                otError ot::Ncp::NcpBase::HandlePropertyGet<16386ul>()
 .text._ZN2ot3Ncp7NcpBase17HandlePropertyGetILm16385EEE7otErrorv
                0x0000000000002904       0x18 lib/libopenthread-rcp.a(ncp_base.cpp.obj)
                0x0000000000002904                otError ot::Ncp::NcpBase::HandlePropertyGet<16385ul>()
 .text._ZN2ot3Ncp7NcpBase17HandlePropertySetILm16387EEE7otErrorv
                0x000000000000291c       0x44 lib/libopenthread-rcp.a(ncp_base.cpp.obj)
                0x000000000000291c                otError ot::Ncp::NcpBase::HandlePropertySet<16387ul>()
 .text._ZN2ot3Ncp7NcpBase17HandlePropertyGetILm16387EEE7otErrorv
                0x0000000000002960       0x10 lib/libopenthread-rcp.a(ncp_base.cpp.obj)
                0x0000000000002960                otError ot::Ncp::NcpBase::HandlePropertyGet<16387ul>()
 .text._ZN2ot3Ncp7NcpBase17HandlePropertyGetILm34EEE7otErrorv
                0x0000000000002970       0x16 lib/libopenthread-rcp.a(ncp_base.cpp.obj)
                0x0000000000002970                otError ot::Ncp::NcpBase::HandlePropertyGet<34ul>()
 .text._ZN2ot3Ncp7NcpBase17HandlePropertyGetILm41EEE7otErrorv
                0x0000000000002986       0x16 lib/libopenthread-rcp.a(ncp_base.cpp.obj)
                0x0000000000002986                otError ot::Ncp::NcpBase::HandlePropertyGet<41ul>()
 .text.otNcpStreamWrite
                0x000000000000299c       0x20 lib/libopenthread-rcp.a(ncp_base.cpp.obj)
                0x000000000000299c                otNcpStreamWrite
 .text._ZN2ot3Ncp7NcpBase19FindPropertyHandlerEPKNS1_12HandlerEntryEjm.part.0
                0x00000000000029bc       0x40 lib/libopenthread-rcp.a(ncp_base_dispatcher.cpp.obj)
 .text._ZN2ot3Ncp7NcpBase22FindGetPropertyHandlerEm
                0x00000000000029fc       0x18 lib/libopenthread-rcp.a(ncp_base_dispatcher.cpp.obj)
                0x00000000000029fc                ot::Ncp::NcpBase::FindGetPropertyHandler(unsigned long)
 .text._ZN2ot3Ncp7NcpBase22FindSetPropertyHandlerEm
                0x0000000000002a14       0x18 lib/libopenthread-rcp.a(ncp_base_dispatcher.cpp.obj)
                0x0000000000002a14                ot::Ncp::NcpBase::FindSetPropertyHandler(unsigned long)
 .text._ZN2ot3Ncp7NcpBase25FindInsertPropertyHandlerEm
                0x0000000000002a2c       0x18 lib/libopenthread-rcp.a(ncp_base_dispatcher.cpp.obj)
                0x0000000000002a2c                ot::Ncp::NcpBase::FindInsertPropertyHandler(unsigned long)
 .text._ZN2ot3Ncp7NcpBase25FindRemovePropertyHandlerEm
                0x0000000000002a44       0x18 lib/libopenthread-rcp.a(ncp_base_dispatcher.cpp.obj)
                0x0000000000002a44                ot::Ncp::NcpBase::FindRemovePropertyHandler(unsigned long)
 .text._ZN2ot6Spinel7Encoder10WriteUint8Eh.isra.0
                0x0000000000002a5c        0x4 lib/libopenthread-rcp.a(ncp_base_radio.cpp.obj)
 .text._ZN2ot3Ncp7NcpBase17HandlePropertyGetILm176EEE7otErrorv
                0x0000000000002a60        0x8 lib/libopenthread-rcp.a(ncp_base_radio.cpp.obj)
                0x0000000000002a60                otError ot::Ncp::NcpBase::HandlePropertyGet<176ul>()
 .text._ZN2ot3Ncp7NcpBase14PackRadioFrameEP12otRadioFrame7otError
                0x0000000000002a68      0x11e lib/libopenthread-rcp.a(ncp_base_radio.cpp.obj)
                0x0000000000002a68                ot::Ncp::NcpBase::PackRadioFrame(otRadioFrame*, otError)
 .text._ZN2ot3Ncp7NcpBase18LinkRawReceiveDoneEP12otRadioFrame7otError
                0x0000000000002b86       0x32 lib/libopenthread-rcp.a(ncp_base_radio.cpp.obj)
                0x0000000000002b86                ot::Ncp::NcpBase::LinkRawReceiveDone(otRadioFrame*, otError)
 .text._ZN2ot3Ncp7NcpBase18LinkRawReceiveDoneEP10otInstanceP12otRadioFrame7otError
                0x0000000000002bb8        0xc lib/libopenthread-rcp.a(ncp_base_radio.cpp.obj)
                0x0000000000002bb8                ot::Ncp::NcpBase::LinkRawReceiveDone(otInstance*, otRadioFrame*, otError)
 .text._ZN2ot3Ncp7NcpBase19LinkRawTransmitDoneEP12otRadioFrameS3_7otError
                0x0000000000002bc4       0xd2 lib/libopenthread-rcp.a(ncp_base_radio.cpp.obj)
                0x0000000000002bc4                ot::Ncp::NcpBase::LinkRawTransmitDone(otRadioFrame*, otRadioFrame*, otError)
 *fill*         0x0000000000002c96        0x2 ff
 .text._ZN2ot3Ncp7NcpBase19LinkRawTransmitDoneEP10otInstanceP12otRadioFrameS5_7otError
                0x0000000000002c98        0xc lib/libopenthread-rcp.a(ncp_base_radio.cpp.obj)
                0x0000000000002c98                ot::Ncp::NcpBase::LinkRawTransmitDone(otInstance*, otRadioFrame*, otRadioFrame*, otError)
 .text._ZN2ot3Ncp7NcpBase21LinkRawEnergyScanDoneEa
                0x0000000000002ca4       0x6c lib/libopenthread-rcp.a(ncp_base_radio.cpp.obj)
                0x0000000000002ca4                ot::Ncp::NcpBase::LinkRawEnergyScanDone(signed char)
 .text._ZN2ot3Ncp7NcpBase21LinkRawEnergyScanDoneEP10otInstancea
                0x0000000000002d10        0xc lib/libopenthread-rcp.a(ncp_base_radio.cpp.obj)
                0x0000000000002d10                ot::Ncp::NcpBase::LinkRawEnergyScanDone(otInstance*, signed char)
 .text._ZN2ot3Ncp7NcpBase17HandlePropertyGetILm4619EEE7otErrorv
                0x0000000000002d1c       0x18 lib/libopenthread-rcp.a(ncp_base_radio.cpp.obj)
                0x0000000000002d1c                otError ot::Ncp::NcpBase::HandlePropertyGet<4619ul>()
 .text._ZN2ot3Ncp7NcpBase17HandlePropertyGetILm4867EEE7otErrorv
                0x0000000000002d34        0xe lib/libopenthread-rcp.a(ncp_base_radio.cpp.obj)
                0x0000000000002d34                otError ot::Ncp::NcpBase::HandlePropertyGet<4867ul>()
 .text._ZN2ot3Ncp7NcpBase17HandlePropertyGetILm2050EEE7otErrorv
                0x0000000000002d42       0x1a lib/libopenthread-rcp.a(ncp_base_radio.cpp.obj)
                0x0000000000002d42                otError ot::Ncp::NcpBase::HandlePropertyGet<2050ul>()
 .text._ZN2ot3Ncp7NcpBase17HandlePropertySetILm4867EEE7otErrorv
                0x0000000000002d5c       0x26 lib/libopenthread-rcp.a(ncp_base_radio.cpp.obj)
                0x0000000000002d5c                otError ot::Ncp::NcpBase::HandlePropertySet<4867ul>()
 .text._ZN2ot3Ncp7NcpBase17HandlePropertySetILm4868EEE7otErrorv
                0x0000000000002d82       0x44 lib/libopenthread-rcp.a(ncp_base_radio.cpp.obj)
                0x0000000000002d82                otError ot::Ncp::NcpBase::HandlePropertySet<4868ul>()
 .text._ZN2ot3Ncp7NcpBase17HandlePropertySetILm4869EEE7otErrorv
                0x0000000000002dc6       0x42 lib/libopenthread-rcp.a(ncp_base_radio.cpp.obj)
                0x0000000000002dc6                otError ot::Ncp::NcpBase::HandlePropertySet<4869ul>()
 .text._ZN2ot3Ncp7NcpBase20HandlePropertyRemoveILm4868EEE7otErrorv
                0x0000000000002e08       0x1e lib/libopenthread-rcp.a(ncp_base_radio.cpp.obj)
                0x0000000000002e08                otError ot::Ncp::NcpBase::HandlePropertyRemove<4868ul>()
 .text._ZN2ot3Ncp7NcpBase20HandlePropertyRemoveILm4869EEE7otErrorv
                0x0000000000002e26       0x1c lib/libopenthread-rcp.a(ncp_base_radio.cpp.obj)
                0x0000000000002e26                otError ot::Ncp::NcpBase::HandlePropertyRemove<4869ul>()
 .text._ZN2ot3Ncp7NcpBase20HandlePropertyInsertILm4868EEE7otErrorv
                0x0000000000002e42       0x1e lib/libopenthread-rcp.a(ncp_base_radio.cpp.obj)
                0x0000000000002e42                otError ot::Ncp::NcpBase::HandlePropertyInsert<4868ul>()
 .text._ZN2ot3Ncp7NcpBase20HandlePropertyInsertILm4869EEE7otErrorv
                0x0000000000002e60       0x20 lib/libopenthread-rcp.a(ncp_base_radio.cpp.obj)
                0x0000000000002e60                otError ot::Ncp::NcpBase::HandlePropertyInsert<4869ul>()
 .text._ZN2ot3Ncp7NcpBase17HandlePropertySetILm32EEE7otErrorv
                0x0000000000002e80       0x34 lib/libopenthread-rcp.a(ncp_base_radio.cpp.obj)
                0x0000000000002e80                otError ot::Ncp::NcpBase::HandlePropertySet<32ul>()
 .text._ZN2ot3Ncp7NcpBase17HandlePropertySetILm53EEE7otErrorv
                0x0000000000002eb4       0x1e lib/libopenthread-rcp.a(ncp_base_radio.cpp.obj)
                0x0000000000002eb4                otError ot::Ncp::NcpBase::HandlePropertySet<53ul>()
 .text._ZN2ot3Ncp7NcpBase24DecodeStreamRawTxRequestER12otRadioFrame
                0x0000000000002ed2       0xea lib/libopenthread-rcp.a(ncp_base_radio.cpp.obj)
                0x0000000000002ed2                ot::Ncp::NcpBase::DecodeStreamRawTxRequest(otRadioFrame&)
 .text._ZN2ot3Ncp7NcpBase40HandlePropertySet_SPINEL_PROP_STREAM_RAWEh
                0x0000000000002fbc       0x5c lib/libopenthread-rcp.a(ncp_base_radio.cpp.obj)
                0x0000000000002fbc                ot::Ncp::NcpBase::HandlePropertySet_SPINEL_PROP_STREAM_RAW(unsigned char)
 .text._ZN2ot3Ncp7NcpBase17HandlePropertySetILm2048EEE7otErrorv
                0x0000000000003018       0x92 lib/libopenthread-rcp.a(ncp_base_radio.cpp.obj)
                0x0000000000003018                otError ot::Ncp::NcpBase::HandlePropertySet<2048ul>()
 .text._ZN2ot3Ncp7NcpBase17HandlePropertySetILm2049EEE7otErrorv
                0x00000000000030aa       0x1a lib/libopenthread-rcp.a(ncp_base_radio.cpp.obj)
                0x00000000000030aa                otError ot::Ncp::NcpBase::HandlePropertySet<2049ul>()
 .text._ZNK2ot3Ncp15ChangedPropsSet13GetNumEntriesEv
                0x00000000000030c4        0x4 lib/libopenthread-rcp.a(changed_props_set.cpp.obj)
                0x00000000000030c4                ot::Ncp::ChangedPropsSet::GetNumEntries() const
 .text._ZN2ot3Ncp15ChangedPropsSet3AddEmm
                0x00000000000030c8       0x6c lib/libopenthread-rcp.a(changed_props_set.cpp.obj)
                0x00000000000030c8                ot::Ncp::ChangedPropsSet::Add(unsigned long, unsigned long)
 .text._ZN2ot3Ncp15ChangedPropsSet20EnablePropertyFilterEmb
                0x0000000000003134       0x84 lib/libopenthread-rcp.a(changed_props_set.cpp.obj)
                0x0000000000003134                ot::Ncp::ChangedPropsSet::EnablePropertyFilter(unsigned long, bool)
 .text._ZNK2ot3Ncp15ChangedPropsSet18IsPropertyFilteredEm
                0x00000000000031b8       0x48 lib/libopenthread-rcp.a(changed_props_set.cpp.obj)
                0x00000000000031b8                ot::Ncp::ChangedPropsSet::IsPropertyFiltered(unsigned long) const
 .text.otInstanceInitSingle
                0x0000000000003200        0x4 lib/libopenthread-radio.a(instance_api.cpp.obj)
                0x0000000000003200                otInstanceInitSingle
 .text.otInstanceIsInitialized
                0x0000000000003204        0x4 lib/libopenthread-radio.a(instance_api.cpp.obj)
                0x0000000000003204                otInstanceIsInitialized
 .text.otInstanceReset
                0x0000000000003208        0x4 lib/libopenthread-radio.a(instance_api.cpp.obj)
                0x0000000000003208                otInstanceReset
 .text.otInstanceResetRadioStack
                0x000000000000320c        0x4 lib/libopenthread-radio.a(instance_api.cpp.obj)
                0x000000000000320c                otInstanceResetRadioStack
 .text.otGetVersionString
                0x0000000000003210        0x8 lib/libopenthread-radio.a(instance_api.cpp.obj)
                0x0000000000003210                otGetVersionString
 .text.otLinkRawSetReceiveDone
                0x0000000000003218        0x6 lib/libopenthread-radio.a(link_raw_api.cpp.obj)
                0x0000000000003218                otLinkRawSetReceiveDone
 .text.otLinkRawIsEnabled
                0x000000000000321e        0xa lib/libopenthread-radio.a(link_raw_api.cpp.obj)
                0x000000000000321e                otLinkRawIsEnabled
 .text.otLinkRawSetShortAddress
                0x0000000000003228        0x6 lib/libopenthread-radio.a(link_raw_api.cpp.obj)
                0x0000000000003228                otLinkRawSetShortAddress
 *fill*         0x000000000000322e        0x2 ff
 .text.otLinkRawGetPromiscuous
                0x0000000000003230        0xc lib/libopenthread-radio.a(link_raw_api.cpp.obj)
                0x0000000000003230                otLinkRawGetPromiscuous
 .text.otLinkRawSetPromiscuous
                0x000000000000323c       0x18 lib/libopenthread-radio.a(link_raw_api.cpp.obj)
                0x000000000000323c                otLinkRawSetPromiscuous
 .text.otLinkRawSleep
                0x0000000000003254       0x14 lib/libopenthread-radio.a(link_raw_api.cpp.obj)
                0x0000000000003254                otLinkRawSleep
 .text.otLinkRawReceive
                0x0000000000003268        0x6 lib/libopenthread-radio.a(link_raw_api.cpp.obj)
                0x0000000000003268                otLinkRawReceive
 .text.otLinkRawGetTransmitBuffer
                0x000000000000326e        0x4 lib/libopenthread-radio.a(link_raw_api.cpp.obj)
                0x000000000000326e                otLinkRawGetTransmitBuffer
 .text.otLinkRawGetCaps
                0x0000000000003272        0x6 lib/libopenthread-radio.a(link_raw_api.cpp.obj)
                0x0000000000003272                otLinkRawGetCaps
 .text.otLinkRawEnergyScan
                0x0000000000003278        0x6 lib/libopenthread-radio.a(link_raw_api.cpp.obj)
                0x0000000000003278                otLinkRawEnergyScan
 *fill*         0x000000000000327e        0x2 ff
 .text.otLinkRawSrcMatchEnable
                0x0000000000003280       0x18 lib/libopenthread-radio.a(link_raw_api.cpp.obj)
                0x0000000000003280                otLinkRawSrcMatchEnable
 .text.otLinkRawSrcMatchAddShortEntry
                0x0000000000003298       0x14 lib/libopenthread-radio.a(link_raw_api.cpp.obj)
                0x0000000000003298                otLinkRawSrcMatchAddShortEntry
 .text.otLinkRawSrcMatchAddExtEntry
                0x00000000000032ac       0x24 lib/libopenthread-radio.a(link_raw_api.cpp.obj)
                0x00000000000032ac                otLinkRawSrcMatchAddExtEntry
 .text.otLinkRawSrcMatchClearShortEntry
                0x00000000000032d0       0x14 lib/libopenthread-radio.a(link_raw_api.cpp.obj)
                0x00000000000032d0                otLinkRawSrcMatchClearShortEntry
 .text.otLinkRawSrcMatchClearExtEntry
                0x00000000000032e4       0x24 lib/libopenthread-radio.a(link_raw_api.cpp.obj)
                0x00000000000032e4                otLinkRawSrcMatchClearExtEntry
 .text.otLinkRawSrcMatchClearShortEntries
                0x0000000000003308       0x18 lib/libopenthread-radio.a(link_raw_api.cpp.obj)
                0x0000000000003308                otLinkRawSrcMatchClearShortEntries
 .text.otLinkRawSrcMatchClearExtEntries
                0x0000000000003320       0x18 lib/libopenthread-radio.a(link_raw_api.cpp.obj)
                0x0000000000003320                otLinkRawSrcMatchClearExtEntries
 .text.otLinkRawSetMacKey
                0x0000000000003338        0x6 lib/libopenthread-radio.a(link_raw_api.cpp.obj)
                0x0000000000003338                otLinkRawSetMacKey
 .text.otLinkRawSetMacFrameCounter
                0x000000000000333e        0x6 lib/libopenthread-radio.a(link_raw_api.cpp.obj)
                0x000000000000333e                otLinkRawSetMacFrameCounter
 .text.otLinkRawGetRadioTime
                0x0000000000003344        0x4 lib/libopenthread-radio.a(link_raw_api.cpp.obj)
                0x0000000000003344                otLinkRawGetRadioTime
 .text.otLinkGetChannel
                0x0000000000003348        0x4 lib/libopenthread-radio.a(link_raw_api.cpp.obj)
                0x0000000000003348                otLinkGetChannel
 .text.otLinkSetChannel
                0x000000000000334c        0x6 lib/libopenthread-radio.a(link_raw_api.cpp.obj)
                0x000000000000334c                otLinkSetChannel
 .text.otLinkGetPanId
                0x0000000000003352        0x4 lib/libopenthread-radio.a(link_raw_api.cpp.obj)
                0x0000000000003352                otLinkGetPanId
 .text.otLinkSetPanId
                0x0000000000003356        0x6 lib/libopenthread-radio.a(link_raw_api.cpp.obj)
                0x0000000000003356                otLinkSetPanId
 .text.otLinkGetExtendedAddress
                0x000000000000335c        0x4 lib/libopenthread-radio.a(link_raw_api.cpp.obj)
                0x000000000000335c                otLinkGetExtendedAddress
 .text.otLinkSetExtendedAddress
                0x0000000000003360        0x6 lib/libopenthread-radio.a(link_raw_api.cpp.obj)
                0x0000000000003360                otLinkSetExtendedAddress
 .text.otLinkGetShortAddress
                0x0000000000003366        0x4 lib/libopenthread-radio.a(link_raw_api.cpp.obj)
                0x0000000000003366                otLinkGetShortAddress
 .text.otLinkGetFactoryAssignedIeeeEui64
                0x000000000000336a        0x4 lib/libopenthread-radio.a(link_raw_api.cpp.obj)
                0x000000000000336a                otLinkGetFactoryAssignedIeeeEui64
 .text.otLoggingGetLevel
                0x000000000000336e        0x4 lib/libopenthread-radio.a(logging_api.cpp.obj)
                0x000000000000336e                otLoggingGetLevel
 .text.otLogInfoPlat
                0x0000000000003372        0x6 lib/libopenthread-radio.a(logging_api.cpp.obj)
                0x0000000000003372                otLogInfoPlat
 .text.otTaskletsProcess
                0x0000000000003378       0x16 lib/libopenthread-radio.a(tasklet_api.cpp.obj)
                0x0000000000003378                otTaskletsProcess
 .text.otTaskletsArePending
                0x000000000000338e       0x14 lib/libopenthread-radio.a(tasklet_api.cpp.obj)
                0x000000000000338e                otTaskletsArePending
 .text.otTaskletsSignalPending
                0x00000000000033a2        0x2 lib/libopenthread-radio.a(tasklet_api.cpp.obj)
                0x00000000000033a2                otTaskletsSignalPending
 .text._ZN2ot8InstanceC2Ev
                0x00000000000033a4       0x24 lib/libopenthread-radio.a(instance.cpp.obj)
                0x00000000000033a4                ot::Instance::Instance()
                0x00000000000033a4                ot::Instance::Instance()
 .text._ZN2ot8Instance10InitSingleEv
                0x00000000000033c8       0x20 lib/libopenthread-radio.a(instance.cpp.obj)
                0x00000000000033c8                ot::Instance::InitSingle()
 .text._ZN2ot8Instance5ResetEv
                0x00000000000033e8        0x4 lib/libopenthread-radio.a(instance.cpp.obj)
                0x00000000000033e8                ot::Instance::Reset()
 .text._ZN2ot8Instance15ResetRadioStackEv
                0x00000000000033ec       0x16 lib/libopenthread-radio.a(instance.cpp.obj)
                0x00000000000033ec                ot::Instance::ResetRadioStack()
 .text._ZN2ot6Random7Manager13NonCryptoPrng4InitEm
                0x0000000000003402       0x14 lib/libopenthread-radio.a(random.cpp.obj)
                0x0000000000003402                ot::Random::Manager::NonCryptoPrng::Init(unsigned long)
 *fill*         0x0000000000003416        0x2 ff
 .text._ZN2ot6Random7ManagerC2Ev
                0x0000000000003418       0x40 lib/libopenthread-radio.a(random.cpp.obj)
                0x0000000000003418                ot::Random::Manager::Manager()
                0x0000000000003418                ot::Random::Manager::Manager()
 .text._ZN2ot6Random7Manager13NonCryptoPrng7GetNextEv
                0x0000000000003458       0x1c lib/libopenthread-radio.a(random.cpp.obj)
                0x0000000000003458                ot::Random::Manager::NonCryptoPrng::GetNext()
 .text._ZN2ot6Random7Manager18NonCryptoGetUint32Ev
                0x0000000000003474       0x18 lib/libopenthread-radio.a(random.cpp.obj)
                0x0000000000003474                ot::Random::Manager::NonCryptoGetUint32()
 .text._ZN2ot6Random9NonCrypto16GetUint32InRangeEmm
                0x000000000000348c       0x1c lib/libopenthread-radio.a(random.cpp.obj)
                0x000000000000348c                ot::Random::NonCrypto::GetUint32InRange(unsigned long, unsigned long)
 .text._ZN2ot7Tasklet9Scheduler11PostTaskletERS0_
                0x00000000000034a8       0x1c lib/libopenthread-radio.a(tasklet.cpp.obj)
                0x00000000000034a8                ot::Tasklet::Scheduler::PostTasklet(ot::Tasklet&)
 .text._ZN2ot7Tasklet4PostEv
                0x00000000000034c4       0x14 lib/libopenthread-radio.a(tasklet.cpp.obj)
                0x00000000000034c4                ot::Tasklet::Post()
 .text._ZN2ot7Tasklet9Scheduler21ProcessQueuedTaskletsEv
                0x00000000000034d8       0x22 lib/libopenthread-radio.a(tasklet.cpp.obj)
                0x00000000000034d8                ot::Tasklet::Scheduler::ProcessQueuedTasklets()
 .text._ZNK2ot5Timer14DoesFireBeforeERKS0_NS_4TimeE
                0x00000000000034fa       0x1e lib/libopenthread-radio.a(timer.cpp.obj)
                0x00000000000034fa                ot::Timer::DoesFireBefore(ot::Timer const&, ot::Time) const
 .text._ZN2ot5Timer9Scheduler8SetAlarmERKNS1_8AlarmApiE
                0x0000000000003518       0x34 lib/libopenthread-radio.a(timer.cpp.obj)
                0x0000000000003518                ot::Timer::Scheduler::SetAlarm(ot::Timer::Scheduler::AlarmApi const&)
 .text._ZN2ot5Timer9Scheduler6RemoveERS0_RKNS1_8AlarmApiE
                0x000000000000354c       0x4a lib/libopenthread-radio.a(timer.cpp.obj)
                0x000000000000354c                ot::Timer::Scheduler::Remove(ot::Timer&, ot::Timer::Scheduler::AlarmApi const&)
 .text._ZN2ot5Timer9Scheduler3AddERS0_RKNS1_8AlarmApiE
                0x0000000000003596       0x5e lib/libopenthread-radio.a(timer.cpp.obj)
                0x0000000000003596                ot::Timer::Scheduler::Add(ot::Timer&, ot::Timer::Scheduler::AlarmApi const&)
 .text._ZN2ot5Timer9Scheduler13ProcessTimersERKNS1_8AlarmApiE
                0x00000000000035f4       0x36 lib/libopenthread-radio.a(timer.cpp.obj)
                0x00000000000035f4                ot::Timer::Scheduler::ProcessTimers(ot::Timer::Scheduler::AlarmApi const&)
 *fill*         0x000000000000362a        0x2 ff
 .text.otPlatAlarmMilliFired
                0x000000000000362c       0x20 lib/libopenthread-radio.a(timer.cpp.obj)
                0x000000000000362c                otPlatAlarmMilliFired
 .text._ZN2ot10TimerMicro6FireAtENS_4TimeE
                0x000000000000364c       0x14 lib/libopenthread-radio.a(timer.cpp.obj)
                0x000000000000364c                ot::TimerMicro::FireAt(ot::Time)
 .text._ZN2ot10TimerMicro7StartAtENS_4TimeEm
                0x0000000000003660        0xc lib/libopenthread-radio.a(timer.cpp.obj)
                0x0000000000003660                ot::TimerMicro::StartAt(ot::Time, unsigned long)
 .text._ZN2ot10TimerMicro5StartEm
                0x000000000000366c       0x18 lib/libopenthread-radio.a(timer.cpp.obj)
                0x000000000000366c                ot::TimerMicro::Start(unsigned long)
 .text._ZN2ot10TimerMicro4StopEv
                0x0000000000003684       0x14 lib/libopenthread-radio.a(timer.cpp.obj)
                0x0000000000003684                ot::TimerMicro::Stop()
 .text.otPlatAlarmMicroFired
                0x0000000000003698       0x20 lib/libopenthread-radio.a(timer.cpp.obj)
                0x0000000000003698                otPlatAlarmMicroFired
 .text._ZN2ot3Mac7LinkRaw4InitEv
                0x00000000000036b8       0x18 lib/libopenthread-radio.a(link_raw.cpp.obj)
                0x00000000000036b8                ot::Mac::LinkRaw::Init()
 .text._ZN2ot3Mac7LinkRawC2ERNS_8InstanceE
                0x00000000000036d0       0x26 lib/libopenthread-radio.a(link_raw.cpp.obj)
                0x00000000000036d0                ot::Mac::LinkRaw::LinkRaw(ot::Instance&)
                0x00000000000036d0                ot::Mac::LinkRaw::LinkRaw(ot::Instance&)
 .text._ZN2ot3Mac7LinkRaw14SetReceiveDoneEPFvP10otInstanceP12otRadioFrame7otErrorE
                0x00000000000036f6       0x1c lib/libopenthread-radio.a(link_raw.cpp.obj)
                0x00000000000036f6                ot::Mac::LinkRaw::SetReceiveDone(void (*)(otInstance*, otRadioFrame*, otError))
 .text._ZN2ot3Mac7LinkRaw8SetPanIdEt
                0x0000000000003712       0x1a lib/libopenthread-radio.a(link_raw.cpp.obj)
                0x0000000000003712                ot::Mac::LinkRaw::SetPanId(unsigned short)
 .text._ZN2ot3Mac7LinkRaw10SetChannelEh
                0x000000000000372c        0xe lib/libopenthread-radio.a(link_raw.cpp.obj)
                0x000000000000372c                ot::Mac::LinkRaw::SetChannel(unsigned char)
 .text._ZN2ot3Mac7LinkRaw13SetExtAddressERKNS0_10ExtAddressE
                0x000000000000373a       0x14 lib/libopenthread-radio.a(link_raw.cpp.obj)
                0x000000000000373a                ot::Mac::LinkRaw::SetExtAddress(ot::Mac::ExtAddress const&)
 .text._ZN2ot3Mac7LinkRaw15SetShortAddressEt
                0x000000000000374e       0x14 lib/libopenthread-radio.a(link_raw.cpp.obj)
                0x000000000000374e                ot::Mac::LinkRaw::SetShortAddress(unsigned short)
 .text._ZN2ot3Mac7LinkRaw7ReceiveEv
                0x0000000000003762       0x10 lib/libopenthread-radio.a(link_raw.cpp.obj)
                0x0000000000003762                ot::Mac::LinkRaw::Receive()
 *fill*         0x0000000000003772        0x2 ff
 .text._ZN2ot3Mac7LinkRaw17InvokeReceiveDoneEPNS0_7RxFrameE7otError
                0x0000000000003774       0x18 lib/libopenthread-radio.a(link_raw.cpp.obj)
                0x0000000000003774                ot::Mac::LinkRaw::InvokeReceiveDone(ot::Mac::RxFrame*, otError)
 .text._ZN2ot3Mac7LinkRaw8TransmitEPFvP10otInstanceP12otRadioFrameS5_7otErrorE
                0x000000000000378c       0x1a lib/libopenthread-radio.a(link_raw.cpp.obj)
                0x000000000000378c                ot::Mac::LinkRaw::Transmit(void (*)(otInstance*, otRadioFrame*, otRadioFrame*, otError))
 *fill*         0x00000000000037a6        0x2 ff
 .text._ZN2ot3Mac7LinkRaw18InvokeTransmitDoneERNS0_7TxFrameEPNS0_7RxFrameE7otError
                0x00000000000037a8       0x18 lib/libopenthread-radio.a(link_raw.cpp.obj)
                0x00000000000037a8                ot::Mac::LinkRaw::InvokeTransmitDone(ot::Mac::TxFrame&, ot::Mac::RxFrame*, otError)
 .text._ZN2ot3Mac7LinkRaw10EnergyScanEhtPFvP10otInstanceaE
                0x00000000000037c0       0x1a lib/libopenthread-radio.a(link_raw.cpp.obj)
                0x00000000000037c0                ot::Mac::LinkRaw::EnergyScan(unsigned char, unsigned short, void (*)(otInstance*, signed char))
 *fill*         0x00000000000037da        0x2 ff
 .text._ZN2ot3Mac7LinkRaw20InvokeEnergyScanDoneEa
                0x00000000000037dc       0x1c lib/libopenthread-radio.a(link_raw.cpp.obj)
                0x00000000000037dc                ot::Mac::LinkRaw::InvokeEnergyScanDone(signed char)
 .text._ZN2ot3Mac7LinkRaw9SetMacKeyEhhRKNS0_3KeyES4_S4_
                0x00000000000037f8       0x72 lib/libopenthread-radio.a(link_raw.cpp.obj)
                0x00000000000037f8                ot::Mac::LinkRaw::SetMacKey(unsigned char, unsigned char, ot::Mac::Key const&, ot::Mac::Key const&, ot::Mac::Key const&)
 .text._ZN2ot3Mac7LinkRaw18SetMacFrameCounterEm
                0x000000000000386a       0x14 lib/libopenthread-radio.a(link_raw.cpp.obj)
                0x000000000000386a                ot::Mac::LinkRaw::SetMacFrameCounter(unsigned long)
 .text._ZNK2ot3Mac5Frame20GetFrameControlFieldEv
                0x000000000000387e        0x6 lib/libopenthread-radio.a(mac_frame.cpp.obj)
                0x000000000000387e                ot::Mac::Frame::GetFrameControlField() const
 .text._ZN2ot3Mac5Frame17IsDstPanIdPresentEt
                0x0000000000003884       0x5a lib/libopenthread-radio.a(mac_frame.cpp.obj)
                0x0000000000003884                ot::Mac::Frame::IsDstPanIdPresent(unsigned short)
 .text._ZN2ot3Mac5Frame17IsSrcPanIdPresentEt
                0x00000000000038de       0x2a lib/libopenthread-radio.a(mac_frame.cpp.obj)
                0x00000000000038de                ot::Mac::Frame::IsSrcPanIdPresent(unsigned short)
 .text._ZNK2ot3Mac5Frame16FindSrcAddrIndexEv
                0x0000000000003908       0x3e lib/libopenthread-radio.a(mac_frame.cpp.obj)
                0x0000000000003908                ot::Mac::Frame::FindSrcAddrIndex() const
 .text._ZNK2ot3Mac5Frame10GetSrcAddrERNS0_7AddressE
                0x0000000000003946       0x4e lib/libopenthread-radio.a(mac_frame.cpp.obj)
                0x0000000000003946                ot::Mac::Frame::GetSrcAddr(ot::Mac::Address&) const
 .text._ZN2ot3Mac5Frame18GetKeySourceLengthEh
                0x0000000000003994       0x12 lib/libopenthread-radio.a(mac_frame.cpp.obj)
                0x0000000000003994                ot::Mac::Frame::GetKeySourceLength(unsigned char)
 .text._ZN2ot3Mac5Frame16CalculateMicSizeEh
                0x00000000000039a6       0x26 lib/libopenthread-radio.a(mac_frame.cpp.obj)
                0x00000000000039a6                ot::Mac::Frame::CalculateMicSize(unsigned char)
 .text._ZN2ot3Mac5Frame27CalculateSecurityHeaderSizeEh
                0x00000000000039cc       0x24 lib/libopenthread-radio.a(mac_frame.cpp.obj)
                0x00000000000039cc                ot::Mac::Frame::CalculateSecurityHeaderSize(unsigned char)
 .text._ZN2ot3Mac5Frame22CalculateAddrFieldSizeEt
                0x00000000000039f0       0x5e lib/libopenthread-radio.a(mac_frame.cpp.obj)
                0x00000000000039f0                ot::Mac::Frame::CalculateAddrFieldSize(unsigned short)
 .text._ZNK2ot3Mac5Frame18SkipAddrFieldIndexEv
                0x0000000000003a4e       0x18 lib/libopenthread-radio.a(mac_frame.cpp.obj)
                0x0000000000003a4e                ot::Mac::Frame::SkipAddrFieldIndex() const
 .text._ZNK2ot3Mac5Frame23FindSecurityHeaderIndexEv
                0x0000000000003a66       0x16 lib/libopenthread-radio.a(mac_frame.cpp.obj)
                0x0000000000003a66                ot::Mac::Frame::FindSecurityHeaderIndex() const
 .text._ZNK2ot3Mac5Frame16GetSecurityLevelERh
                0x0000000000003a7c       0x20 lib/libopenthread-radio.a(mac_frame.cpp.obj)
                0x0000000000003a7c                ot::Mac::Frame::GetSecurityLevel(unsigned char&) const
 .text._ZNK2ot3Mac5Frame12GetKeyIdModeERh
                0x0000000000003a9c       0x20 lib/libopenthread-radio.a(mac_frame.cpp.obj)
                0x0000000000003a9c                ot::Mac::Frame::GetKeyIdMode(unsigned char&) const
 .text._ZNK2ot3Mac5Frame15GetFrameCounterERm
                0x0000000000003abc       0x20 lib/libopenthread-radio.a(mac_frame.cpp.obj)
                0x0000000000003abc                ot::Mac::Frame::GetFrameCounter(unsigned long&) const
 .text._ZN2ot3Mac5Frame15SetFrameCounterEm
                0x0000000000003adc       0x32 lib/libopenthread-radio.a(mac_frame.cpp.obj)
                0x0000000000003adc                ot::Mac::Frame::SetFrameCounter(unsigned long)
 .text._ZNK2ot3Mac5Frame8GetKeyIdERh
                0x0000000000003b0e       0x2c lib/libopenthread-radio.a(mac_frame.cpp.obj)
                0x0000000000003b0e                ot::Mac::Frame::GetKeyId(unsigned char&) const
 .text._ZN2ot3Mac5Frame8SetKeyIdEh
                0x0000000000003b3a       0x26 lib/libopenthread-radio.a(mac_frame.cpp.obj)
                0x0000000000003b3a                ot::Mac::Frame::SetKeyId(unsigned char)
 .text._ZNK2ot3Mac5Frame15GetFooterLengthEv
                0x0000000000003b60       0x1e lib/libopenthread-radio.a(mac_frame.cpp.obj)
                0x0000000000003b60                ot::Mac::Frame::GetFooterLength() const
 .text._ZNK2ot3Mac5Frame23SkipSecurityHeaderIndexEv
                0x0000000000003b7e       0x3c lib/libopenthread-radio.a(mac_frame.cpp.obj)
                0x0000000000003b7e                ot::Mac::Frame::SkipSecurityHeaderIndex() const
 .text._ZNK2ot3Mac5Frame16FindPayloadIndexEv
                0x0000000000003bba       0x72 lib/libopenthread-radio.a(mac_frame.cpp.obj)
                0x0000000000003bba                ot::Mac::Frame::FindPayloadIndex() const
 .text._ZNK2ot3Mac5Frame12GetCommandIdERh
                0x0000000000003c2c       0x32 lib/libopenthread-radio.a(mac_frame.cpp.obj)
                0x0000000000003c2c                ot::Mac::Frame::GetCommandId(unsigned char&) const
 .text._ZNK2ot3Mac5Frame20IsDataRequestCommandEv
                0x0000000000003c5e       0x2e lib/libopenthread-radio.a(mac_frame.cpp.obj)
                0x0000000000003c5e                ot::Mac::Frame::IsDataRequestCommand() const
 .text._ZNK2ot3Mac5Frame10GetPayloadEv
                0x0000000000003c8c       0x14 lib/libopenthread-radio.a(mac_frame.cpp.obj)
                0x0000000000003c8c                ot::Mac::Frame::GetPayload() const
 .text._ZNK2ot3Mac5Frame15GetHeaderLengthEv
                0x0000000000003ca0       0x10 lib/libopenthread-radio.a(mac_frame.cpp.obj)
                0x0000000000003ca0                ot::Mac::Frame::GetHeaderLength() const
 .text._ZNK2ot3Mac5Frame16GetPayloadLengthEv
                0x0000000000003cb0       0x1a lib/libopenthread-radio.a(mac_frame.cpp.obj)
                0x0000000000003cb0                ot::Mac::Frame::GetPayloadLength() const
 .text._ZNK2ot3Mac5Frame9GetFooterEv
                0x0000000000003cca       0x12 lib/libopenthread-radio.a(mac_frame.cpp.obj)
                0x0000000000003cca                ot::Mac::Frame::GetFooter() const
 .text._ZN2ot3Mac7TxFrame21ProcessTransmitAesCcmERKNS0_10ExtAddressE
                0x0000000000003cdc       0xca lib/libopenthread-radio.a(mac_frame.cpp.obj)
                0x0000000000003cdc                ot::Mac::TxFrame::ProcessTransmitAesCcm(ot::Mac::ExtAddress const&)