Archive member included to satisfy reference by file (symbol)

lib/libopenthread-rcp.a(ncp_hdlc.cpp.obj)
                              openthread/examples/apps/ncp/CMakeFiles/ot-rcp.dir/ncp.c.obj (otNcpHdlcInit)
lib/libopenthread-rcp.a(ncp_base.cpp.obj)
                              lib/libopenthread-rcp.a(ncp_hdlc.cpp.obj) (ot::Ncp::NcpBase::NcpBase(ot::Instance*))
lib/libopenthread-rcp.a(ncp_base_dispatcher.cpp.obj)
                              lib/libopenthread-rcp.a(ncp_base.cpp.obj) (ot::Ncp::NcpBase::FindGetPropertyHandler(unsigned long))
lib/libopenthread-rcp.a(ncp_base_radio.cpp.obj)
                              lib/libopenthread-rcp.a(ncp_base_dispatcher.cpp.obj) (otError ot::Ncp::NcpBase::HandlePropertyGet<176ul>())
lib/libopenthread-rcp.a(changed_props_set.cpp.obj)
                              lib/libopenthread-rcp.a(ncp_base.cpp.obj) (ot::Ncp::ChangedPropsSet::GetNumEntries() const)
lib/libopenthread-k32w061.a(alarm.c.obj)
                              lib/libopenthread-rcp.a(ncp_base.cpp.obj) (otPlatAlarmMilliGetNow)
lib/libopenthread-k32w061.a(misc.c.obj)
                              lib/libopenthread-rcp.a(ncp_base.cpp.obj) (otPlatGetResetReason)
lib/libopenthread-k32w061.a(system.c.obj)
                              openthread/examples/apps/ncp/CMakeFiles/ot-rcp.dir/main.c.obj (otSysInit)
lib/libopenthread-k32w061.a(uart.c.obj)
                              openthread/examples/apps/ncp/CMakeFiles/ot-rcp.dir/ncp.c.obj (otPlatUartEnable)
lib/libopenthread-k32w061.a(radio.c.obj)
                              lib/libopenthread-k32w061.a(system.c.obj) (K32WRadioInit)
lib/libopenthread-k32w061.a(link_metrics.cpp.obj)
                              lib/libopenthread-k32w061.a(radio.c.obj) (otLinkMetricsConfigureEnhAckProbing)
lib/libopenthread-k32w061.a(mac_frame.cpp.obj)
                              lib/libopenthread-k32w061.a(radio.c.obj) (otMacFrameIsData)
lib/libopenthread-k32w061.a(entropy.c.obj)
                              lib/libopenthread-k32w061.a(system.c.obj) (K32WRandomInit)
lib/libopenthread-radio.a(instance_api.cpp.obj)
                              openthread/examples/apps/ncp/CMakeFiles/ot-rcp.dir/main.c.obj (otInstanceInitSingle)
lib/libopenthread-radio.a(link_raw_api.cpp.obj)
                              lib/libopenthread-rcp.a(ncp_base_radio.cpp.obj) (otLinkRawSetReceiveDone)
lib/libopenthread-radio.a(logging_api.cpp.obj)
                              lib/libopenthread-rcp.a(ncp_base.cpp.obj) (otLoggingGetLevel)
lib/libopenthread-radio.a(tasklet_api.cpp.obj)
                              openthread/examples/apps/ncp/CMakeFiles/ot-rcp.dir/main.c.obj (otTaskletsProcess)
lib/libopenthread-radio.a(instance.cpp.obj)
                              lib/libopenthread-radio.a(instance_api.cpp.obj) (ot::Instance::InitSingle())
lib/libopenthread-radio.a(random.cpp.obj)
                              lib/libopenthread-radio.a(instance.cpp.obj) (ot::Random::Manager::~Manager())
lib/libopenthread-radio.a(tasklet.cpp.obj)
                              lib/libopenthread-rcp.a(ncp_hdlc.cpp.obj) (ot::Tasklet::Post())
lib/libopenthread-radio.a(timer.cpp.obj)
                              lib/libopenthread-k32w061.a(alarm.c.obj) (otPlatAlarmMilliFired)
lib/libopenthread-radio.a(link_raw.cpp.obj)
                              lib/libopenthread-radio.a(instance.cpp.obj) (ot::Mac::LinkRaw::Init())
lib/libopenthread-radio.a(mac_frame.cpp.obj)
                              lib/libopenthread-k32w061.a(mac_frame.cpp.obj) (ot::Mac::Frame::GetFrameControlField() const)
lib/libopenthread-radio.a(mac_types.cpp.obj)
                              lib/libopenthread-radio.a(link_raw_api.cpp.obj) (ot::Mac::ExtAddress::CopyAddress(unsigned char*, unsigned char const*, ot::Mac::ExtAddress::CopyByteOrder))
lib/libopenthread-radio.a(sub_mac.cpp.obj)
                              lib/libopenthread-radio.a(link_raw.cpp.obj) (ot::Mac::SubMac::Init())
lib/libopenthread-radio.a(sub_mac_callbacks.cpp.obj)
                              lib/libopenthread-radio.a(sub_mac.cpp.obj) (ot::Mac::SubMac::Callbacks::Callbacks(ot::Instance&))
lib/libopenthread-radio.a(radio.cpp.obj)
                              lib/libopenthread-radio.a(instance.cpp.obj) (ot::Radio::Init())
lib/libopenthread-radio.a(radio_platform.cpp.obj)
                              lib/libopenthread-k32w061.a(radio.c.obj) (otPlatRadioReceiveDone)
lib/libopenthread-radio.a(link_quality.cpp.obj)
                              lib/libopenthread-k32w061.a(link_metrics.cpp.obj) (ot::ComputeLinkMargin(signed char, signed char))
lib/libopenthread-radio.a(string.cpp.obj)
                              lib/libopenthread-radio.a(mac_types.cpp.obj) (ot::StringWriter::StringWriter(char*, unsigned short))
lib/libopenthread-radio.a(aes_ccm.cpp.obj)
                              lib/libopenthread-radio.a(mac_frame.cpp.obj) (ot::Crypto::AesCcm::SetKey(ot::Mac::KeyMaterial const&))
lib/libopenthread-radio.a(aes_ecb.cpp.obj)
[...]
Memory Configuration

Name             Origin             Length             Attributes
Flash640         0x0000000000000000 0x00000000000a0000 xr
RAM0             0x0000000004000400 0x0000000000015c00 xrw
RAM1             0x0000000004020000 0x0000000000010000 xrw
*default*        0x0000000000000000 0xffffffffffffffff

Linker script and memory map

LOAD /opt/bamboo/agent-home/xml-data/build-dir/IOTS-CT-JOB1/connectivity_toolbox/matter/.environment/cipd/packages/arm/bin/../lib/gcc/arm-none-eabi/10.3.1/thumb/v7e-m/nofp/crti.o
LOAD /opt/bamboo/agent-home/xml-data/build-dir/IOTS-CT-JOB1/connectivity_toolbox/matter/.environment/cipd/packages/arm/bin/../lib/gcc/arm-none-eabi/10.3.1/thumb/v7e-m/nofp/crtbegin.o
LOAD /opt/bamboo/agent-home/xml-data/build-dir/IOTS-CT-JOB1/connectivity_toolbox/matter/.environment/cipd/packages/arm/bin/../lib/gcc/arm-none-eabi/10.3.1/../../../../arm-none-eabi/lib/thumb/v7e-m/nofp/crt0.o
LOAD openthread/examples/apps/ncp/CMakeFiles/ot-rcp.dir/main.c.obj
LOAD openthread/examples/apps/ncp/CMakeFiles/ot-rcp.dir/ncp.c.obj
LOAD lib/libopenthread-rcp.a
LOAD lib/libopenthread-k32w061.a
LOAD lib/libopenthread-radio.a
LOAD lib/libopenthread-k32w061.a
LOAD lib/libopenthread-rcp.a
LOAD lib/libopenthread-radio.a
LOAD lib/libopenthread-spinel-rcp.a
LOAD lib/libopenthread-hdlc.a
LOAD lib/libopenthread-k32w061.a
LOAD lib/libopenthread-k32w061.a
START GROUP
LOAD lib/libnxp-k32w061-driver.a
LOAD ../../SDK_2_6_11_K32W061DK6/middleware/wireless/framework/PDM/Library/libPDM.a
LOAD ../../SDK_2_6_11_K32W061DK6/middleware/wireless/framework/XCVR/lib/libRadio.a
LOAD ../../SDK_2_6_11_K32W061DK6/middleware/wireless/framework/SecLib/lib_crypto_m4.a
LOAD ../../SDK_2_6_11_K32W061DK6/middleware/wireless/ieee-802.15.4/lib/libMiniMac.a
LOAD lib/libmbedtls.a
LOAD lib/libmbedx509.a
LOAD lib/libmbedcrypto.a
END GROUP
LOAD /opt/bamboo/agent-home/xml-data/build-dir/IOTS-CT-JOB1/connectivity_toolbox/matter/.environment/cipd/packages/arm/bin/../lib/gcc/arm-none-eabi/10.3.1/../../../../arm-none-eabi/lib/thumb/v7e-m/nofp/libstdc++_nano.a
LOAD /opt/bamboo/agent-home/xml-data/build-dir/IOTS-CT-JOB1/connectivity_toolbox/matter/.environment/cipd/packages/arm/bin/../lib/gcc/arm-none-eabi/10.3.1/../../../../arm-none-eabi/lib/thumb/v7e-m/nofp/libm.a
START GROUP
LOAD /opt/bamboo/agent-home/xml-data/build-dir/IOTS-CT-JOB1/connectivity_toolbox/matter/.environment/cipd/packages/arm/bin/../lib/gcc/arm-none-eabi/10.3.1/thumb/v7e-m/nofp/libgcc.a
LOAD /opt/bamboo/agent-home/xml-data/build-dir/IOTS-CT-JOB1/connectivity_toolbox/matter/.environment/cipd/packages/arm/bin/../lib/gcc/arm-none-eabi/10.3.1/../../../../arm-none-eabi/lib/thumb/v7e-m/nofp/libc_nano.a
END GROUP
START GROUP
LOAD /opt/bamboo/agent-home/xml-data/build-dir/IOTS-CT-JOB1/connectivity_toolbox/matter/.environment/cipd/packages/arm/bin/../lib/gcc/arm-none-eabi/10.3.1/thumb/v7e-m/nofp/libgcc.a
LOAD /opt/bamboo/agent-home/xml-data/build-dir/IOTS-CT-JOB1/connectivity_toolbox/matter/.environment/cipd/packages/arm/bin/../lib/gcc/arm-none-eabi/10.3.1/../../../../arm-none-eabi/lib/thumb/v7e-m/nofp/libc_nano.a
LOAD /opt/bamboo/agent-home/xml-data/build-dir/IOTS-CT-JOB1/connectivity_toolbox/matter/.environment/cipd/packages/arm/bin/../lib/gcc/arm-none-eabi/10.3.1/../../../../arm-none-eabi/lib/thumb/v7e-m/nofp/libnosys.a
END GROUP
START GROUP
LOAD /opt/bamboo/agent-home/xml-data/build-dir/IOTS-CT-JOB1/connectivity_toolbox/matter/.environment/cipd/packages/arm/bin/../lib/gcc/arm-none-eabi/10.3.1/thumb/v7e-m/nofp/libgcc.a
LOAD /opt/bamboo/agent-home/xml-data/build-dir/IOTS-CT-JOB1/connectivity_toolbox/matter/.environment/cipd/packages/arm/bin/../lib/gcc/arm-none-eabi/10.3.1/../../../../arm-none-eabi/lib/thumb/v7e-m/nofp/libc_nano.a
LOAD /opt/bamboo/agent-home/xml-data/build-dir/IOTS-CT-JOB1/connectivity_toolbox/matter/.environment/cipd/packages/arm/bin/../lib/gcc/arm-none-eabi/10.3.1/../../../../arm-none-eabi/lib/thumb/v7e-m/nofp/libnosys.a
END GROUP
LOAD /opt/bamboo/agent-home/xml-data/build-dir/IOTS-CT-JOB1/connectivity_toolbox/matter/.environment/cipd/packages/arm/bin/../lib/gcc/arm-none-eabi/10.3.1/thumb/v7e-m/nofp/crtend.o
LOAD /opt/bamboo/agent-home/xml-data/build-dir/IOTS-CT-JOB1/connectivity_toolbox/matter/.environment/cipd/packages/arm/bin/../lib/gcc/arm-none-eabi/10.3.1/thumb/v7e-m/nofp/crtn.o
                0x0000000000000400                BOOT_RESUME_STACK_SIZE = 0x400
                0x0000000000000fe0                STACK_SIZE = 0xfe0
                0x0000000004000400                MEM_RAM0_BASE = 0x4000400
                0x0000000000015c00                MEM_RAM0_SIZE = 0x15c00
                0x0000000004016000                __top_RAM0 = (MEM_RAM0_BASE + MEM_RAM0_SIZE)
                0x0000000004030000                __top_RAM1 = 0x4030000
                0x00000000000002f4                HEAP_SIZE = DEFINED (HEAP_SIZE)?HEAP_SIZE:0x2f4
                0x0000000000000000                m_flash_start = 0x0
                0x000000000009ffff                m_flash_end = 0x9ffff
                0x00000000000a0000                m_flash_size = 0xa0000
                0x0000000000000200                m_sector_size = 0x200
                0x0000000000000200                m_fsl_prodInfo_size = m_sector_size
                0x000000000009ddff                m_fsl_prodInfo_end = ((m_flash_size - (0x11 * m_sector_size)) - 0x1)
                0x000000000009dc00                m_fsl_prodInfo_start = ((m_fsl_prodInfo_end - m_fsl_prodInfo_size) + 0x1)
                0x000000000000003f                NV_STORAGE_MAX_SECTORS = 0x3f
                0x0000000000007e00                NV_STORAGE_SIZE = (NV_STORAGE_MAX_SECTORS * m_sector_size)
                0x000000000009ddff                NV_STORAGE_START_ADDRESS = ((m_flash_size - (0x11 * m_sector_size)) - 0x1)
                0x0000000000096000                NV_STORAGE_END_ADDRESS = ((NV_STORAGE_START_ADDRESS - NV_STORAGE_SIZE) + 0x1)
                0x000000000009ddfe                INT_STORAGE_END = (NV_STORAGE_START_ADDRESS - 0x1)
                0x0000000000048000                INT_STORAGE_START = 0x48000
                0x0000000000055dfe                INT_STORAGE_SIZE = (INT_STORAGE_END - INT_STORAGE_START)
                0x000000000009dc00                FREESCALE_PROD_DATA_BASE_ADDR = m_fsl_prodInfo_start
                0x0000000000000200                INT_STORAGE_SECTOR_SIZE = m_sector_size
                0x0000000000096000                m_app_size = 0x96000
                0x0000000000000001                __ram_vector_table__ = 0x1
                0x0000000000000120                vector_table_size = 0x120
                0x0000000000000120                M_VECTOR_RAM_SIZE = DEFINED (__ram_vector_table__)?vector_table_size:0x0

.header         0x0000000000000000      0x150
                0x0000000000000000                _flash_start = ABSOLUTE (.)
                0x0000000000000000                _flash_beg = ABSOLUTE (.)
 FILL mask 0xff
                0x0000000000000000                __vectors_start__ = ABSOLUTE (.)
                0x0000000000000000                __VECTOR_TABLE = .
                0x0000000000000000                __Vectors = .
 *(.isr_vector)
 .isr_vector    0x0000000000000000      0x120 lib/libnxp-k32w061-driver.a(startup_K32W061.c.obj)
                0x0000000000000000                g_pfnVectors
                0x0000000000000120                . = ALIGN (0x4)
                0x0000000000000120                __section_table_start = .
                0x0000000000000120                __data_section_table = .
                0x0000000000000120        0x4 LONG 0xfda8 LOADADDR (.data)
                0x0000000000000124        0x4 LONG 0x4000520 ADDR (.data)
                0x0000000000000128        0x4 LONG 0x114 SIZEOF (.data)
                0x000000000000012c        0x4 LONG 0xfda8 LOADADDR (.data_RAM2)
                0x0000000000000130        0x4 LONG 0x4020000 ADDR (.data_RAM2)
                0x0000000000000134        0x4 LONG 0x0 SIZEOF (.data_RAM2)
                0x0000000000000138                __data_section_table_end = .
                0x0000000000000138                __bss_section_table = .
                0x0000000000000138        0x4 LONG 0x4000638 ADDR (.bss)
                0x000000000000013c        0x4 LONG 0x41d0 SIZEOF (.bss)
                0x0000000000000140        0x4 LONG 0x4020000 ADDR (.bss_RAM2)
                0x0000000000000144        0x4 LONG 0x0 SIZEOF (.bss_RAM2)
                0x0000000000000148                __bss_section_table_end = .
                0x0000000000000148                __section_table_end = .
 FILL mask 0xff
                0x0000000000000150                . = ALIGN (0x10)
 *fill*         0x0000000000000148        0x8 ff

.eh_frame       0x0000000000000150        0x0
 .eh_frame      0x0000000000000150        0x0 /opt/bamboo/agent-home/xml-data/build-dir/IOTS-CT-JOB1/connectivity_toolbox/matter/.environment/cipd/packages/arm/bin/../lib/gcc/arm-none-eabi/10.3.1/thumb/v7e-m/nofp/crtbegin.o

.ro_nonce       0x0000000000000150        0x0
                0x0000000000000150                _FlsNonceStart = ABSOLUTE (.)
 *(.ro_nonce)
 FILL mask 0xff
                0x0000000000000150                . = ALIGN (0x10)

.ro_ota_header  0x0000000000000150        0x0
                0x0000000000000150                _enc_start = ABSOLUTE (.)
                0x0000000000000150                _enc_offset = (_enc_start & 0xf)
                0x0000000000000150                _FlsOtaHeader = ABSOLUTE (.)
 *(.ro_ota_header)
 FILL mask 0xff
                0x0000000000000150                . = ALIGN (0x10)

.ro_se_lnkKey   0x0000000000000150        0x0
                0x0000000000000150                _FlsLinkKey = ABSOLUTE (.)
 *(.ro_se_lnkKey)
 FILL mask 0xff
                0x0000000000000150                . = ALIGN (0x10)

.filler         0x0000000000000150       0x30
                0x0000000000000150        0x1 BYTE 0xff
 FILL mask 0xff
                0x0000000000000180                . = ALIGN (0x40)
 *fill*         0x0000000000000151       0x2f ff

.text           0x0000000000000180     0xfc20
 FILL mask 0xff
 *(.after_vectors*)
 .after_vectors.reset
                0x0000000000000180       0x20 lib/libnxp-k32w061-driver.a(startup_K32W061.c.obj)
                0x0000000000000180                ResetISR
 .after_vectors
                0x00000000000001a0      0x184 lib/libnxp-k32w061-driver.a(startup_K32W061.c.obj)
                0x00000000000001a0                PWM5_IRQHandler
                0x00000000000001a0                DMA0_DriverIRQHandler
                0x00000000000001a0                CIC_IRB_DriverIRQHandler
                0x00000000000001a0                PWM9_IRQHandler
                0x00000000000001a0                BLE_DP1_IRQHandler
                0x00000000000001a0                PWM1_IRQHandler
                0x00000000000001a0                BLE_DP_IRQHandler
                0x00000000000001a0                ADC_SEQB_IRQHandler
                0x00000000000001a0                PWM3_IRQHandler
                0x00000000000001a0                NFCTag_IRQHandler
                0x00000000000001a0                BLE_LL_ALL_IRQHandler
                0x00000000000001a0                IntDefaultHandler
                0x00000000000001a0                ISO7816_IRQHandler
                0x00000000000001a0                PVT_RED1_IRQHandler
                0x00000000000001a0                DMIC0_DriverIRQHandler
                0x00000000000001a0                RTC_IRQHandler
                0x00000000000001a0                RFP_AGC_IRQHandler
                0x00000000000001a0                WAKE_UP_TIMER0_IRQHandler
                0x00000000000001a0                PWM2_IRQHandler
                0x00000000000001a0                CTIMER0_DriverIRQHandler
                0x00000000000001a0                CTIMER1_DriverIRQHandler
                0x00000000000001a0                PVT_RED0_IRQHandler
                0x00000000000001a0                HWVAD0_DriverIRQHandler
                0x00000000000001a0                PVT_AMBER1_IRQHandler
                0x00000000000001a0                PWM10_IRQHandler
                0x00000000000001a0                PWM4_IRQHandler
                0x00000000000001a0                PWM7_IRQHandler
                0x00000000000001a0                MAILBOX_IRQHandler
                0x00000000000001a0                ADC_SEQA_IRQHandler
                0x00000000000001a0                ANA_COMP_IRQHandler
                0x00000000000001a0                SPIFI_IRQHandler
                0x00000000000001a0                System_IRQHandler
                0x00000000000001a0                PWM0_IRQHandler
                0x00000000000001a0                BLE_WakeupTimer_IRQHandler
                0x00000000000001a0                BLE_DP0_IRQHandler
                0x00000000000001a0                PVT_AMBER0_IRQHandler
                0x00000000000001a0                GINT0_DriverIRQHandler
                0x00000000000001a0                ADC_THCMP_OVR_IRQHandler
                0x00000000000001a0                PWM6_IRQHandler
                0x00000000000001a0                BLE_DP2_IRQHandler
                0x00000000000001a0                PWM8_IRQHandler
                0x00000000000001a0                SHA_IRQHandler
                0x00000000000001a2                NMI_Handler
                0x00000000000001a4                HardFault_Handler
                0x00000000000001a6                MemManage_Handler
                0x00000000000001aa                UsageFault_Handler
                0x00000000000001ac                SVC_Handler
                0x00000000000001ae                DebugMon_Handler
                0x00000000000001b0                PendSV_Handler
                0x00000000000001b2                SysTick_Handler
                0x00000000000001b4                MAC_154_IRQHandler
                0x00000000000001d8                MODEM_154_IRQHandler
                0x00000000000001fc                data_init(unsigned int, unsigned int, unsigned int)
                0x000000000000020e                bss_init(unsigned int, unsigned int)
                0x0000000000000224                ResetISR2
 .after_vectors
                0x0000000000000324       0x1c lib/libnxp-k32w061-driver.a(board.c.obj)
                0x0000000000000324                BusFault_Handler
 *(.text*)
 .text          0x0000000000000340       0x40 /opt/bamboo/agent-home/xml-data/build-dir/IOTS-CT-JOB1/connectivity_toolbox/matter/.environment/cipd/packages/arm/bin/../lib/gcc/arm-none-eabi/10.3.1/thumb/v7e-m/nofp/crtbegin.o
 .text.otTaskletsSignalPending
                0x0000000000000380        0x2 openthread/examples/apps/ncp/CMakeFiles/ot-rcp.dir/main.c.obj
                0x0000000000000380                otTaskletsSignalPending
 .text.startup.main
                0x0000000000000382       0x34 openthread/examples/apps/ncp/CMakeFiles/ot-rcp.dir/main.c.obj
                0x0000000000000382                main
 .text.NcpSend  0x00000000000003b6        0xc openthread/examples/apps/ncp/CMakeFiles/ot-rcp.dir/ncp.c.obj
 .text.otPlatUartReceived
                0x00000000000003c2        0x4 openthread/examples/apps/ncp/CMakeFiles/ot-rcp.dir/ncp.c.obj
                0x00000000000003c2                otPlatUartReceived
 .text.otPlatUartSendDone
                0x00000000000003c6        0x4 openthread/examples/apps/ncp/CMakeFiles/ot-rcp.dir/ncp.c.obj
                0x00000000000003c6                otPlatUartSendDone
 *fill*         0x00000000000003ca        0x2 ff
 .text.otAppNcpInit
                0x00000000000003cc       0x18 openthread/examples/apps/ncp/CMakeFiles/ot-rcp.dir/ncp.c.obj
                0x00000000000003cc                otAppNcpInit
 .text._ZN2ot3Ncp7NcpHdlcC2EPNS_8InstanceEPFiPKhtE
                0x00000000000003e4       0x88 lib/libopenthread-rcp.a(ncp_hdlc.cpp.obj)
                0x00000000000003e4                ot::Ncp::NcpHdlc::NcpHdlc(ot::Instance*, int (*)(unsigned char const*, unsigned short))
                0x00000000000003e4                ot::Ncp::NcpHdlc::NcpHdlc(ot::Instance*, int (*)(unsigned char const*, unsigned short))
 .text.otNcpHdlcInit
                0x000000000000046c       0x20 lib/libopenthread-rcp.a(ncp_hdlc.cpp.obj)
                0x000000000000046c                otNcpHdlcInit
 .text._ZN2ot3Ncp7NcpHdlc27HandleFrameAddedToNcpBufferEv
                0x000000000000048c       0x1e lib/libopenthread-rcp.a(ncp_hdlc.cpp.obj)
                0x000000000000048c                ot::Ncp::NcpHdlc::HandleFrameAddedToNcpBuffer()
 .text._ZN2ot3Ncp7NcpHdlc27HandleFrameAddedToNcpBufferEPvPKvNS_6Spinel6Buffer8PriorityEPS6_
                0x00000000000004aa        0x4 lib/libopenthread-rcp.a(ncp_hdlc.cpp.obj)
                0x00000000000004aa                ot::Ncp::NcpHdlc::HandleFrameAddedToNcpBuffer(void*, void const*, ot::Spinel::Buffer::Priority, ot::Spinel::Buffer*)
 .text._ZN2ot3Ncp7NcpHdlc13EncodeAndSendEv
                0x00000000000004ae       0xe2 lib/libopenthread-rcp.a(ncp_hdlc.cpp.obj)
                0x00000000000004ae                ot::Ncp::NcpHdlc::EncodeAndSend()
 .text._ZN2ot3Ncp7NcpHdlc13EncodeAndSendERNS_7TaskletE
                0x0000000000000590        0xe lib/libopenthread-rcp.a(ncp_hdlc.cpp.obj)
                0x0000000000000590                ot::Ncp::NcpHdlc::EncodeAndSend(ot::Tasklet&)
 .text._ZN2ot3Ncp7NcpHdlc18HandleHdlcSendDoneEv
                0x000000000000059e       0x20 lib/libopenthread-rcp.a(ncp_hdlc.cpp.obj)
                0x000000000000059e                ot::Ncp::NcpHdlc::HandleHdlcSendDone()
 .text.otNcpHdlcSendDone
                0x00000000000005be       0x12 lib/libopenthread-rcp.a(ncp_hdlc.cpp.obj)
                0x00000000000005be                otNcpHdlcSendDone
 .text.otNcpHdlcReceive
                0x00000000000005d0       0x20 lib/libopenthread-rcp.a(ncp_hdlc.cpp.obj)
                0x00000000000005d0                otNcpHdlcReceive
 .text._ZN2ot3Ncp7NcpHdlc11HandleErrorE7otErrorPht
                0x00000000000005f0       0x8c lib/libopenthread-rcp.a(ncp_hdlc.cpp.obj)
                0x00000000000005f0                ot::Ncp::NcpHdlc::HandleError(otError, unsigned char*, unsigned short)
 .text._ZN2ot3Ncp7NcpHdlc11HandleFrameE7otError
                0x000000000000067c       0x34 lib/libopenthread-rcp.a(ncp_hdlc.cpp.obj)
                0x000000000000067c                ot::Ncp::NcpHdlc::HandleFrame(otError)
 .text._ZN2ot3Ncp7NcpHdlc11HandleFrameEPv7otError
                0x00000000000006b0        0x4 lib/libopenthread-rcp.a(ncp_hdlc.cpp.obj)
                0x00000000000006b0                ot::Ncp::NcpHdlc::HandleFrame(void*, otError)
 .text._ZN2ot6Spinel7Encoder10WriteUint8Eh.isra.0
                0x00000000000006b4        0x4 lib/libopenthread-rcp.a(ncp_base.cpp.obj)
 .text._ZN2ot3Ncp7NcpBase25ThreadErrorToSpinelStatusE7otError
                0x00000000000006b8       0x6c lib/libopenthread-rcp.a(ncp_base.cpp.obj)
                0x00000000000006b8                ot::Ncp::NcpBase::ThreadErrorToSpinelStatus(otError)
 .text._ZN2ot3Ncp7NcpBaseC2EPNS_8InstanceE
                0x0000000000000724       0xf8 lib/libopenthread-rcp.a(ncp_base.cpp.obj)
                0x0000000000000724                ot::Ncp::NcpBase::NcpBase(ot::Instance*)
                0x0000000000000724                ot::Ncp::NcpBase::NcpBase(ot::Instance*)
 .text._ZN2ot3Ncp7NcpBase14GetNcpInstanceEv
                0x000000000000081c        0xc lib/libopenthread-rcp.a(ncp_base.cpp.obj)
                0x000000000000081c                ot::Ncp::NcpBase::GetNcpInstance()
 .text._ZN2ot3Ncp7NcpBase14ShouldWakeHostEv
                0x0000000000000828       0x14 lib/libopenthread-rcp.a(ncp_base.cpp.obj)
                0x0000000000000828                ot::Ncp::NcpBase::ShouldWakeHost()
 .text._ZN2ot3Ncp7NcpBase19ShouldDeferHostSendEv
                0x000000000000083c       0x14 lib/libopenthread-rcp.a(ncp_base.cpp.obj)
                0x000000000000083c                ot::Ncp::NcpBase::ShouldDeferHostSend()
 .text._ZN2ot3Ncp7NcpBase26IncrementFrameErrorCounterEv
                0x0000000000000850       0x10 lib/libopenthread-rcp.a(ncp_base.cpp.obj)
                0x0000000000000850                ot::Ncp::NcpBase::IncrementFrameErrorCounter()
 .text._ZN2ot3Ncp7NcpBase11StreamWriteEiPKhi
                0x0000000000000860       0x7e lib/libopenthread-rcp.a(ncp_base.cpp.obj)
                0x0000000000000860                ot::Ncp::NcpBase::StreamWrite(int, unsigned char const*, int)
 *fill*         0x00000000000008de        0x2 ff
 .text._ZN2ot3Ncp7NcpBase15ConvertLogLevelEi
                0x00000000000008e0       0x14 lib/libopenthread-rcp.a(ncp_base.cpp.obj)
                0x00000000000008e0                ot::Ncp::NcpBase::ConvertLogLevel(int)
 .text._ZN2ot3Ncp7NcpBase15EnqueueResponseEhNS1_12ResponseTypeEj
                0x00000000000008f4       0xc8 lib/libopenthread-rcp.a(ncp_base.cpp.obj)
                0x00000000000008f4                ot::Ncp::NcpBase::EnqueueResponse(unsigned char, ot::Ncp::NcpBase::ResponseType, unsigned int)
 .text._ZN2ot3Ncp7NcpBase25PrepareLastStatusResponseEhm
                0x00000000000009bc        0x8 lib/libopenthread-rcp.a(ncp_base.cpp.obj)
                0x00000000000009bc                ot::Ncp::NcpBase::PrepareLastStatusResponse(unsigned char, unsigned long)
 .text._ZN2ot3Ncp7NcpBase20WriteLastStatusFrameEhm
                0x00000000000009c4       0x34 lib/libopenthread-rcp.a(ncp_base.cpp.obj)
                0x00000000000009c4                ot::Ncp::NcpBase::WriteLastStatusFrame(unsigned char, unsigned long)
 .text._ZN2ot3Ncp7NcpBase25WritePropertyValueIsFrameEhmb
                0x00000000000009f8       0x72 lib/libopenthread-rcp.a(ncp_base.cpp.obj)
                0x00000000000009f8                ot::Ncp::NcpBase::WritePropertyValueIsFrame(unsigned char, unsigned long, bool)
 .text._ZN2ot3Ncp7NcpBase19SendQueuedResponsesEv
                0x0000000000000a6a       0x8c lib/libopenthread-rcp.a(ncp_base.cpp.obj)
                0x0000000000000a6a                ot::Ncp::NcpBase::SendQueuedResponses()
 *fill*         0x0000000000000af6        0x2 ff
 .text._ZN2ot3Ncp7NcpBase18UpdateChangedPropsEv
                0x0000000000000af8       0xc8 lib/libopenthread-rcp.a(ncp_base.cpp.obj)
                0x0000000000000af8                ot::Ncp::NcpBase::UpdateChangedProps()
 .text._ZN2ot3Ncp7NcpBase18UpdateChangedPropsERNS_7TaskletE
                0x0000000000000bc0        0xc lib/libopenthread-rcp.a(ncp_base.cpp.obj)
                0x0000000000000bc0                ot::Ncp::NcpBase::UpdateChangedProps(ot::Tasklet&)
 .text._ZN2ot3Ncp7NcpBase31HandleFrameRemovedFromNcpBufferEPKv
                0x0000000000000bcc       0x5a lib/libopenthread-rcp.a(ncp_base.cpp.obj)
                0x0000000000000bcc                ot::Ncp::NcpBase::HandleFrameRemovedFromNcpBuffer(void const*)
 .text._ZN2ot3Ncp7NcpBase31HandleFrameRemovedFromNcpBufferEPvPKvNS_6Spinel6Buffer8PriorityEPS6_
                0x0000000000000c26        0x4 lib/libopenthread-rcp.a(ncp_base.cpp.obj)
                0x0000000000000c26                ot::Ncp::NcpBase::HandleFrameRemovedFromNcpBuffer(void*, void const*, ot::Spinel::Buffer::Priority, ot::Spinel::Buffer*)
 .text._ZN2ot3Ncp7NcpBase38WritePropertyValueInsertedRemovedFrameEhjmPKht
                0x0000000000000c2a       0x2e lib/libopenthread-rcp.a(ncp_base.cpp.obj)
                0x0000000000000c2a                ot::Ncp::NcpBase::WritePropertyValueInsertedRemovedFrame(unsigned char, unsigned int, unsigned long, unsigned char const*, unsigned short)
 .text._ZN2ot3Ncp7NcpBase33HandleCommandPropertyInsertRemoveEhmj
                0x0000000000000c58       0xc2 lib/libopenthread-rcp.a(ncp_base.cpp.obj)
                0x0000000000000c58                ot::Ncp::NcpBase::HandleCommandPropertyInsertRemove(unsigned char, unsigned long, unsigned int)
 .text._ZN2ot3Ncp7NcpBase19CommandHandler_NOOPEh
                0x0000000000000d1a        0xa lib/libopenthread-rcp.a(ncp_base.cpp.obj)
                0x0000000000000d1a                ot::Ncp::NcpBase::CommandHandler_NOOP(unsigned char)
 .text._ZN2ot3Ncp7NcpBase20CommandHandler_RESETEh
                0x0000000000000d24       0x74 lib/libopenthread-rcp.a(ncp_base.cpp.obj)
                0x0000000000000d24                ot::Ncp::NcpBase::CommandHandler_RESET(unsigned char)
 .text._ZN2ot3Ncp7NcpBase17HandlePropertyGetILm32EEE7otErrorv
                0x0000000000000d98       0x16 lib/libopenthread-rcp.a(ncp_base.cpp.obj)
                0x0000000000000d98                otError ot::Ncp::NcpBase::HandlePropertyGet<32ul>()
 .text._ZN2ot3Ncp7NcpBase17HandlePropertyGetILm33EEE7otErrorv
                0x0000000000000dae       0x16 lib/libopenthread-rcp.a(ncp_base.cpp.obj)
                0x0000000000000dae                otError ot::Ncp::NcpBase::HandlePropertyGet<33ul>()
 .text._ZN2ot3Ncp7NcpBase17HandlePropertySetILm33EEE7otErrorv
                0x0000000000000dc4       0x42 lib/libopenthread-rcp.a(ncp_base.cpp.obj)
                0x0000000000000dc4                otError ot::Ncp::NcpBase::HandlePropertySet<33ul>()
 .text._ZN2ot3Ncp7NcpBase17HandlePropertyGetILm56EEE7otErrorv
                0x0000000000000e06       0x1e lib/libopenthread-rcp.a(ncp_base.cpp.obj)
                0x0000000000000e06                otError ot::Ncp::NcpBase::HandlePropertyGet<56ul>()
 .text._ZN2ot3Ncp7NcpBase17HandlePropertySetILm56EEE7otErrorv
                0x0000000000000e24       0x36 lib/libopenthread-rcp.a(ncp_base.cpp.obj)
                0x0000000000000e24                otError ot::Ncp::NcpBase::HandlePropertySet<56ul>()
 .text._ZN2ot3Ncp7NcpBase17HandlePropertyGetILm54EEE7otErrorv
                0x0000000000000e5a       0x18 lib/libopenthread-rcp.a(ncp_base.cpp.obj)
                0x0000000000000e5a                otError ot::Ncp::NcpBase::HandlePropertyGet<54ul>()
 .text._ZN2ot3Ncp7NcpBase17HandlePropertySetILm54EEE7otErrorv
                0x0000000000000e72       0x1e lib/libopenthread-rcp.a(ncp_base.cpp.obj)
                0x0000000000000e72                otError ot::Ncp::NcpBase::HandlePropertySet<54ul>()
 .text._ZN2ot3Ncp7NcpBase17HandlePropertyGetILm52EEE7otErrorv
                0x0000000000000e90       0x18 lib/libopenthread-rcp.a(ncp_base.cpp.obj)
                0x0000000000000e90                otError ot::Ncp::NcpBase::HandlePropertyGet<52ul>()
 .text._ZN2ot3Ncp7NcpBase17HandlePropertySetILm52EEE7otErrorv
                0x0000000000000ea8       0x1c lib/libopenthread-rcp.a(ncp_base.cpp.obj)
                0x0000000000000ea8                otError ot::Ncp::NcpBase::HandlePropertySet<52ul>()
 .text._ZN2ot3Ncp7NcpBase17HandlePropertyGetILm53EEE7otErrorv
                0x0000000000000ec4       0x18 lib/libopenthread-rcp.a(ncp_base.cpp.obj)
                0x0000000000000ec4                otError ot::Ncp::NcpBase::HandlePropertyGet<53ul>()
 .text._ZN2ot3Ncp7NcpBase17HandlePropertyGetILm55EEE7otErrorv
                0x0000000000000edc        0xe lib/libopenthread-rcp.a(ncp_base.cpp.obj)
                0x0000000000000edc                otError ot::Ncp::NcpBase::HandlePropertyGet<55ul>()
 .text._ZN2ot3Ncp7NcpBase17HandlePropertySetILm55EEE7otErrorv
                0x0000000000000eea       0x46 lib/libopenthread-rcp.a(ncp_base.cpp.obj)
                0x0000000000000eea                otError ot::Ncp::NcpBase::HandlePropertySet<55ul>()
 .text._ZN2ot3Ncp7NcpBase17HandlePropertyGetILm2052EEE7otErrorv
                0x0000000000000f30       0x16 lib/libopenthread-rcp.a(ncp_base.cpp.obj)
                0x0000000000000f30                otError ot::Ncp::NcpBase::HandlePropertyGet<2052ul>()
 .text._ZN2ot3Ncp7NcpBase17HandlePropertyGetILm2053EEE7otErrorv
                0x0000000000000f46       0x16 lib/libopenthread-rcp.a(ncp_base.cpp.obj)
                0x0000000000000f46                otError ot::Ncp::NcpBase::HandlePropertyGet<2053ul>()
 .text._ZN2ot3Ncp7NcpBase17EncodeChannelMaskEm
                0x0000000000000f5c       0x2a lib/libopenthread-rcp.a(ncp_base.cpp.obj)
                0x0000000000000f5c                ot::Ncp::NcpBase::EncodeChannelMask(unsigned long)
 .text._ZN2ot3Ncp7NcpBase17DecodeChannelMaskERm
                0x0000000000000f86       0x46 lib/libopenthread-rcp.a(ncp_base.cpp.obj)
                0x0000000000000f86                ot::Ncp::NcpBase::DecodeChannelMask(unsigned long&)
 .text._ZN2ot3Ncp7NcpBase17HandlePropertyGetILm49EEE7otErrorv
                0x0000000000000fcc        0x8 lib/libopenthread-rcp.a(ncp_base.cpp.obj)
                0x0000000000000fcc                otError ot::Ncp::NcpBase::HandlePropertyGet<49ul>()
 .text._ZN2ot3Ncp7NcpBase17HandlePropertySetILm49EEE7otErrorv
                0x0000000000000fd4       0x1a lib/libopenthread-rcp.a(ncp_base.cpp.obj)
                0x0000000000000fd4                otError ot::Ncp::NcpBase::HandlePropertySet<49ul>()
 .text._ZN2ot3Ncp7NcpBase17HandlePropertyGetILm50EEE7otErrorv
                0x0000000000000fee        0xa lib/libopenthread-rcp.a(ncp_base.cpp.obj)
                0x0000000000000fee                otError ot::Ncp::NcpBase::HandlePropertyGet<50ul>()
 .text._ZN2ot3Ncp7NcpBase17HandlePropertySetILm50EEE7otErrorv
                0x0000000000000ff8        0xa lib/libopenthread-rcp.a(ncp_base.cpp.obj)
                0x0000000000000ff8                otError ot::Ncp::NcpBase::HandlePropertySet<50ul>()
 .text._ZN2ot3Ncp7NcpBase17HandlePropertyGetILm48EEE7otErrorv
                0x0000000000001002       0x28 lib/libopenthread-rcp.a(ncp_base.cpp.obj)
                0x0000000000001002                otError ot::Ncp::NcpBase::HandlePropertyGet<48ul>()
 *fill*         0x000000000000102a        0x2 ff
 .text._ZN2ot3Ncp7NcpBase17HandlePropertySetILm48EEE7otErrorv
                0x000000000000102c       0x78 lib/libopenthread-rcp.a(ncp_base.cpp.obj)
                0x000000000000102c                otError ot::Ncp::NcpBase::HandlePropertySet<48ul>()
 .text._ZN2ot3Ncp7NcpBase20HandlePropertyInsertILm4104EEE7otErrorv
                0x00000000000010a4       0x1e lib/libopenthread-rcp.a(ncp_base.cpp.obj)
                0x00000000000010a4                otError ot::Ncp::NcpBase::HandlePropertyInsert<4104ul>()
 .text._ZN2ot3Ncp7NcpBase20HandlePropertyRemoveILm4104EEE7otErrorv
                0x00000000000010c2       0x1e lib/libopenthread-rcp.a(ncp_base.cpp.obj)
                0x00000000000010c2                otError ot::Ncp::NcpBase::HandlePropertyRemove<4104ul>()
 .text._ZN2ot3Ncp7NcpBase17HandlePropertyGetILm0EEE7otErrorv
                0x00000000000010e0        0xa lib/libopenthread-rcp.a(ncp_base.cpp.obj)
                0x00000000000010e0                otError ot::Ncp::NcpBase::HandlePropertyGet<0ul>()
 .text._ZN2ot3Ncp7NcpBase17HandlePropertyGetILm1EEE7otErrorv
                0x00000000000010ea       0x1e lib/libopenthread-rcp.a(ncp_base.cpp.obj)
                0x00000000000010ea                otError ot::Ncp::NcpBase::HandlePropertyGet<1ul>()
 .text._ZN2ot3Ncp7NcpBase17HandlePropertyGetILm3EEE7otErrorv
                0x0000000000001108        0x8 lib/libopenthread-rcp.a(ncp_base.cpp.obj)
                0x0000000000001108                otError ot::Ncp::NcpBase::HandlePropertyGet<3ul>()
 .text._ZN2ot3Ncp7NcpBase17HandlePropertyGetILm4EEE7otErrorv
                0x0000000000001110        0x8 lib/libopenthread-rcp.a(ncp_base.cpp.obj)
                0x0000000000001110                otError ot::Ncp::NcpBase::HandlePropertyGet<4ul>()
 .text._ZN2ot3Ncp7NcpBase17HandlePropertyGetILm5EEE7otErrorv
                0x0000000000001118       0x48 lib/libopenthread-rcp.a(ncp_base.cpp.obj)
                0x0000000000001118                otError ot::Ncp::NcpBase::HandlePropertyGet<5ul>()
 .text._ZN2ot3Ncp7NcpBase17HandlePropertyGetILm2EEE7otErrorv
                0x0000000000001160       0x16 lib/libopenthread-rcp.a(ncp_base.cpp.obj)
                0x0000000000001160                otError ot::Ncp::NcpBase::HandlePropertyGet<2ul>()
 .text._ZN2ot3Ncp7NcpBase17HandlePropertyGetILm6EEE7otErrorv
                0x0000000000001176        0x8 lib/libopenthread-rcp.a(ncp_base.cpp.obj)
                0x0000000000001176                otError ot::Ncp::NcpBase::HandlePropertyGet<6ul>()
 .text._ZN2ot3Ncp7NcpBase17HandlePropertyGetILm13EEE7otErrorv
                0x000000000000117e        0x8 lib/libopenthread-rcp.a(ncp_base.cpp.obj)
                0x000000000000117e                otError ot::Ncp::NcpBase::HandlePropertyGet<13ul>()
 .text._ZN2ot3Ncp7NcpBase17HandlePropertyGetILm7EEE7otErrorv
                0x0000000000001186        0x8 lib/libopenthread-rcp.a(ncp_base.cpp.obj)
                0x0000000000001186                otError ot::Ncp::NcpBase::HandlePropertyGet<7ul>()
 .text._ZN2ot3Ncp7NcpBase17HandlePropertySetILm7EEE7otErrorv
                0x000000000000118e        0x4 lib/libopenthread-rcp.a(ncp_base.cpp.obj)
                0x000000000000118e                otError ot::Ncp::NcpBase::HandlePropertySet<7ul>()
 .text._ZN2ot3Ncp7NcpBase17HandlePropertyGetILm8EEE7otErrorv
                0x0000000000001192       0x1a lib/libopenthread-rcp.a(ncp_base.cpp.obj)
                0x0000000000001192                otError ot::Ncp::NcpBase::HandlePropertyGet<8ul>()
 .text._ZN2ot3Ncp7NcpBase17HandlePropertyGetILm9EEE7otErrorv
                0x00000000000011ac        0x8 lib/libopenthread-rcp.a(ncp_base.cpp.obj)
                0x00000000000011ac                otError ot::Ncp::NcpBase::HandlePropertyGet<9ul>()
 .text._ZN2ot3Ncp7NcpBase17HandlePropertyGetILm12EEE7otErrorv
                0x00000000000011b4        0xa lib/libopenthread-rcp.a(ncp_base.cpp.obj)
                0x00000000000011b4                otError ot::Ncp::NcpBase::HandlePropertyGet<12ul>()
 *fill*         0x00000000000011be        0x2 ff
 .text._ZN2ot3Ncp7NcpBase46HandlePropertySet_SPINEL_PROP_HOST_POWER_STATEEh
                0x00000000000011c0       0x8c lib/libopenthread-rcp.a(ncp_base.cpp.obj)
                0x00000000000011c0                ot::Ncp::NcpBase::HandlePropertySet_SPINEL_PROP_HOST_POWER_STATE(unsigned char)
 .text._ZN2ot3Ncp7NcpBase37HandlePropertySetForSpecialPropertiesEhmR7otError
                0x000000000000124c       0x20 lib/libopenthread-rcp.a(ncp_base.cpp.obj)
                0x000000000000124c                ot::Ncp::NcpBase::HandlePropertySetForSpecialProperties(unsigned char, unsigned long, otError&)
 .text._ZN2ot3Ncp7NcpBase24HandleCommandPropertySetEhm
                0x000000000000126c       0x82 lib/libopenthread-rcp.a(ncp_base.cpp.obj)
                0x000000000000126c                ot::Ncp::NcpBase::HandleCommandPropertySet(unsigned char, unsigned long)
 .text._ZN2ot3Ncp7NcpBase32CommandHandler_PROP_VALUE_updateEhj
                0x00000000000012ee       0x66 lib/libopenthread-rcp.a(ncp_base.cpp.obj)
                0x00000000000012ee                ot::Ncp::NcpBase::CommandHandler_PROP_VALUE_update(unsigned char, unsigned int)
 .text._ZN2ot3Ncp7NcpBase13HandleCommandEh
                0x0000000000001354       0x4a lib/libopenthread-rcp.a(ncp_base.cpp.obj)
                0x0000000000001354                ot::Ncp::NcpBase::HandleCommand(unsigned char)
 .text._ZN2ot3Ncp7NcpBase13HandleReceiveEPKht
                0x000000000000139e       0xb8 lib/libopenthread-rcp.a(ncp_base.cpp.obj)
                0x000000000000139e                ot::Ncp::NcpBase::HandleReceive(unsigned char const*, unsigned short)
 .text._ZN2ot3Ncp7NcpBase17HandlePropertyGetILm38EEE7otErrorv
                0x0000000000001456       0x16 lib/libopenthread-rcp.a(ncp_base.cpp.obj)
                0x0000000000001456                otError ot::Ncp::NcpBase::HandlePropertyGet<38ul>()
 .text._ZN2ot3Ncp7NcpBase17HandlePropertyGetILm39EEE7otErrorv
                0x000000000000146c       0x16 lib/libopenthread-rcp.a(ncp_base.cpp.obj)
                0x000000000000146c                otError ot::Ncp::NcpBase::HandlePropertyGet<39ul>()
 *fill*         0x0000000000001482        0x2 ff
 .text._ZN2ot3Ncp7NcpBase17HandlePropertyGetILm35EEE7otErrorv
                0x0000000000001484       0x4c lib/libopenthread-rcp.a(ncp_base.cpp.obj)
                0x0000000000001484                otError ot::Ncp::NcpBase::HandlePropertyGet<35ul>()
 .text._ZN2ot3Ncp7NcpBase17HandlePropertyGetILm36EEE7otErrorv
                0x00000000000014d0       0x2e lib/libopenthread-rcp.a(ncp_base.cpp.obj)
                0x00000000000014d0                otError ot::Ncp::NcpBase::HandlePropertyGet<36ul>()
 .text._ZN2ot3Ncp7NcpBase17HandlePropertySetILm36EEE7otErrorv
                0x00000000000014fe       0x24 lib/libopenthread-rcp.a(ncp_base.cpp.obj)
                0x00000000000014fe                otError ot::Ncp::NcpBase::HandlePropertySet<36ul>()
 .text._ZN2ot3Ncp7NcpBase17HandlePropertyGetILm37EEE7otErrorv
                0x0000000000001522       0x2e lib/libopenthread-rcp.a(ncp_base.cpp.obj)
                0x0000000000001522                otError ot::Ncp::NcpBase::HandlePropertyGet<37ul>()
 .text._ZN2ot3Ncp7NcpBase17HandlePropertySetILm37EEE7otErrorv
                0x0000000000001550       0x24 lib/libopenthread-rcp.a(ncp_base.cpp.obj)
                0x0000000000001550                otError ot::Ncp::NcpBase::HandlePropertySet<37ul>()
 .text._ZN2ot3Ncp7NcpBase17HandlePropertyGetILm42EEE7otErrorv
                0x0000000000001574       0x2e lib/libopenthread-rcp.a(ncp_base.cpp.obj)
                0x0000000000001574                otError ot::Ncp::NcpBase::HandlePropertyGet<42ul>()
 .text._ZN2ot3Ncp7NcpBase17HandlePropertySetILm42EEE7otErrorv
                0x00000000000015a2       0x24 lib/libopenthread-rcp.a(ncp_base.cpp.obj)
                0x00000000000015a2                otError ot::Ncp::NcpBase::HandlePropertySet<42ul>()
 .text._ZN2ot3Ncp7NcpBase17HandlePropertySetILm43EEE7otErrorv
                0x00000000000015c6       0x32 lib/libopenthread-rcp.a(ncp_base.cpp.obj)
                0x00000000000015c6                otError ot::Ncp::NcpBase::HandlePropertySet<43ul>()
 .text._ZN2ot3Ncp7NcpBase17HandlePropertyGetILm44EEE7otErrorv
                0x00000000000015f8       0x2e lib/libopenthread-rcp.a(ncp_base.cpp.obj)
                0x00000000000015f8                otError ot::Ncp::NcpBase::HandlePropertyGet<44ul>()
 .text._ZN2ot3Ncp7NcpBase17HandlePropertySetILm44EEE7otErrorv
                0x0000000000001626       0x1e lib/libopenthread-rcp.a(ncp_base.cpp.obj)
                0x0000000000001626                otError ot::Ncp::NcpBase::HandlePropertySet<44ul>()
 .text._ZN2ot3Ncp7NcpBase17HandlePropertyGetILm16384EEE7otErrorv
                0x0000000000001644        0x2 lib/libopenthread-rcp.a(ncp_base.cpp.obj)
                0x0000000000001644                otError ot::Ncp::NcpBase::HandlePropertyGet<16384ul>()
 .text._ZN2ot3Ncp7NcpBase17HandlePropertyGetILm16386EEE7otErrorv
                0x0000000000001646        0x2 lib/libopenthread-rcp.a(ncp_base.cpp.obj)
                0x0000000000001646                otError ot::Ncp::NcpBase::HandlePropertyGet<16386ul>()
 .text._ZN2ot3Ncp7NcpBase17HandlePropertyGetILm16385EEE7otErrorv
                0x0000000000001648       0x18 lib/libopenthread-rcp.a(ncp_base.cpp.obj)
                0x0000000000001648                otError ot::Ncp::NcpBase::HandlePropertyGet<16385ul>()
 .text._ZN2ot3Ncp7NcpBase17HandlePropertySetILm16387EEE7otErrorv
                0x0000000000001660       0x44 lib/libopenthread-rcp.a(ncp_base.cpp.obj)
                0x0000000000001660                otError ot::Ncp::NcpBase::HandlePropertySet<16387ul>()
 .text._ZN2ot3Ncp7NcpBase17HandlePropertyGetILm16387EEE7otErrorv
                0x00000000000016a4       0x10 lib/libopenthread-rcp.a(ncp_base.cpp.obj)
                0x00000000000016a4                otError ot::Ncp::NcpBase::HandlePropertyGet<16387ul>()
 .text._ZN2ot3Ncp7NcpBase17HandlePropertyGetILm34EEE7otErrorv
                0x00000000000016b4       0x16 lib/libopenthread-rcp.a(ncp_base.cpp.obj)
                0x00000000000016b4                otError ot::Ncp::NcpBase::HandlePropertyGet<34ul>()
 .text._ZN2ot3Ncp7NcpBase17HandlePropertyGetILm41EEE7otErrorv
                0x00000000000016ca       0x16 lib/libopenthread-rcp.a(ncp_base.cpp.obj)
                0x00000000000016ca                otError ot::Ncp::NcpBase::HandlePropertyGet<41ul>()
 .text._ZN2ot3Ncp7NcpBase17DecodeLinkMetricsEP13otLinkMetricsb
                0x00000000000016e0       0x5c lib/libopenthread-rcp.a(ncp_base.cpp.obj)
                0x00000000000016e0                ot::Ncp::NcpBase::DecodeLinkMetrics(otLinkMetrics*, bool)
 .text.otNcpStreamWrite
                0x000000000000173c       0x20 lib/libopenthread-rcp.a(ncp_base.cpp.obj)
                0x000000000000173c                otNcpStreamWrite
 .text._ZN2ot3Ncp7NcpBase19FindPropertyHandlerEPKNS1_12HandlerEntryEjm.part.0
                0x000000000000175c       0x40 lib/libopenthread-rcp.a(ncp_base_dispatcher.cpp.obj)
 .text._ZN2ot3Ncp7NcpBase22FindGetPropertyHandlerEm
                0x000000000000179c       0x18 lib/libopenthread-rcp.a(ncp_base_dispatcher.cpp.obj)
                0x000000000000179c                ot::Ncp::NcpBase::FindGetPropertyHandler(unsigned long)
 .text._ZN2ot3Ncp7NcpBase22FindSetPropertyHandlerEm
                0x00000000000017b4       0x18 lib/libopenthread-rcp.a(ncp_base_dispatcher.cpp.obj)
                0x00000000000017b4                ot::Ncp::NcpBase::FindSetPropertyHandler(unsigned long)
 .text._ZN2ot3Ncp7NcpBase25FindInsertPropertyHandlerEm
                0x00000000000017cc       0x18 lib/libopenthread-rcp.a(ncp_base_dispatcher.cpp.obj)
                0x00000000000017cc                ot::Ncp::NcpBase::FindInsertPropertyHandler(unsigned long)
 .text._ZN2ot3Ncp7NcpBase25FindRemovePropertyHandlerEm
                0x00000000000017e4       0x18 lib/libopenthread-rcp.a(ncp_base_dispatcher.cpp.obj)
                0x00000000000017e4                ot::Ncp::NcpBase::FindRemovePropertyHandler(unsigned long)
 .text._ZN2ot6Spinel7Encoder10WriteUint8Eh.isra.0
                0x00000000000017fc        0x4 lib/libopenthread-rcp.a(ncp_base_radio.cpp.obj)
 .text._ZN2ot3Ncp7NcpBase17HandlePropertyGetILm176EEE7otErrorv
                0x0000000000001800        0x8 lib/libopenthread-rcp.a(ncp_base_radio.cpp.obj)
                0x0000000000001800                otError ot::Ncp::NcpBase::HandlePropertyGet<176ul>()
 .text._ZN2ot3Ncp7NcpBase14PackRadioFrameEP12otRadioFrame7otError
                0x0000000000001808      0x11e lib/libopenthread-rcp.a(ncp_base_radio.cpp.obj)
                0x0000000000001808                ot::Ncp::NcpBase::PackRadioFrame(otRadioFrame*, otError)
 .text._ZN2ot3Ncp7NcpBase18LinkRawReceiveDoneEP12otRadioFrame7otError
                0x0000000000001926       0x32 lib/libopenthread-rcp.a(ncp_base_radio.cpp.obj)
                0x0000000000001926                ot::Ncp::NcpBase::LinkRawReceiveDone(otRadioFrame*, otError)
 .text._ZN2ot3Ncp7NcpBase18LinkRawReceiveDoneEP10otInstanceP12otRadioFrame7otError
                0x0000000000001958        0xc lib/libopenthread-rcp.a(ncp_base_radio.cpp.obj)
                0x0000000000001958                ot::Ncp::NcpBase::LinkRawReceiveDone(otInstance*, otRadioFrame*, otError)
 .text._ZN2ot3Ncp7NcpBase19LinkRawTransmitDoneEP12otRadioFrameS3_7otError
                0x0000000000001964       0xd2 lib/libopenthread-rcp.a(ncp_base_radio.cpp.obj)
                0x0000000000001964                ot::Ncp::NcpBase::LinkRawTransmitDone(otRadioFrame*, otRadioFrame*, otError)
 *fill*         0x0000000000001a36        0x2 ff
 .text._ZN2ot3Ncp7NcpBase19LinkRawTransmitDoneEP10otInstanceP12otRadioFrameS5_7otError
                0x0000000000001a38        0xc lib/libopenthread-rcp.a(ncp_base_radio.cpp.obj)
                0x0000000000001a38                ot::Ncp::NcpBase::LinkRawTransmitDone(otInstance*, otRadioFrame*, otRadioFrame*, otError)
 .text._ZN2ot3Ncp7NcpBase21LinkRawEnergyScanDoneEa
                0x0000000000001a44       0x6c lib/libopenthread-rcp.a(ncp_base_radio.cpp.obj)
                0x0000000000001a44                ot::Ncp::NcpBase::LinkRawEnergyScanDone(signed char)
 .text._ZN2ot3Ncp7NcpBase21LinkRawEnergyScanDoneEP10otInstancea
                0x0000000000001ab0        0xc lib/libopenthread-rcp.a(ncp_base_radio.cpp.obj)
                0x0000000000001ab0                ot::Ncp::NcpBase::LinkRawEnergyScanDone(otInstance*, signed char)
 .text._ZN2ot3Ncp7NcpBase17HandlePropertyGetILm4619EEE7otErrorv
                0x0000000000001abc       0x18 lib/libopenthread-rcp.a(ncp_base_radio.cpp.obj)
                0x0000000000001abc                otError ot::Ncp::NcpBase::HandlePropertyGet<4619ul>()
 .text._ZN2ot3Ncp7NcpBase17HandlePropertyGetILm4867EEE7otErrorv
                0x0000000000001ad4        0xe lib/libopenthread-rcp.a(ncp_base_radio.cpp.obj)
                0x0000000000001ad4                otError ot::Ncp::NcpBase::HandlePropertyGet<4867ul>()
 .text._ZN2ot3Ncp7NcpBase17HandlePropertyGetILm2050EEE7otErrorv
                0x0000000000001ae2       0x1a lib/libopenthread-rcp.a(ncp_base_radio.cpp.obj)
                0x0000000000001ae2                otError ot::Ncp::NcpBase::HandlePropertyGet<2050ul>()
 .text._ZN2ot3Ncp7NcpBase17HandlePropertySetILm4867EEE7otErrorv
                0x0000000000001afc       0x26 lib/libopenthread-rcp.a(ncp_base_radio.cpp.obj)
                0x0000000000001afc                otError ot::Ncp::NcpBase::HandlePropertySet<4867ul>()
 .text._ZN2ot3Ncp7NcpBase17HandlePropertySetILm4868EEE7otErrorv
                0x0000000000001b22       0x44 lib/libopenthread-rcp.a(ncp_base_radio.cpp.obj)
                0x0000000000001b22                otError ot::Ncp::NcpBase::HandlePropertySet<4868ul>()
 .text._ZN2ot3Ncp7NcpBase17HandlePropertySetILm4869EEE7otErrorv
                0x0000000000001b66       0x42 lib/libopenthread-rcp.a(ncp_base_radio.cpp.obj)
                0x0000000000001b66                otError ot::Ncp::NcpBase::HandlePropertySet<4869ul>()
 .text._ZN2ot3Ncp7NcpBase20HandlePropertyRemoveILm4868EEE7otErrorv
                0x0000000000001ba8       0x1e lib/libopenthread-rcp.a(ncp_base_radio.cpp.obj)
                0x0000000000001ba8                otError ot::Ncp::NcpBase::HandlePropertyRemove<4868ul>()
 .text._ZN2ot3Ncp7NcpBase20HandlePropertyRemoveILm4869EEE7otErrorv
                0x0000000000001bc6       0x1c lib/libopenthread-rcp.a(ncp_base_radio.cpp.obj)
                0x0000000000001bc6                otError ot::Ncp::NcpBase::HandlePropertyRemove<4869ul>()
 .text._ZN2ot3Ncp7NcpBase20HandlePropertyInsertILm4868EEE7otErrorv
                0x0000000000001be2       0x1e lib/libopenthread-rcp.a(ncp_base_radio.cpp.obj)
                0x0000000000001be2                otError ot::Ncp::NcpBase::HandlePropertyInsert<4868ul>()
 .text._ZN2ot3Ncp7NcpBase20HandlePropertyInsertILm4869EEE7otErrorv
                0x0000000000001c00       0x20 lib/libopenthread-rcp.a(ncp_base_radio.cpp.obj)
                0x0000000000001c00                otError ot::Ncp::NcpBase::HandlePropertyInsert<4869ul>()
 .text._ZN2ot3Ncp7NcpBase17HandlePropertySetILm32EEE7otErrorv
                0x0000000000001c20       0x34 lib/libopenthread-rcp.a(ncp_base_radio.cpp.obj)
                0x0000000000001c20                otError ot::Ncp::NcpBase::HandlePropertySet<32ul>()
 .text._ZN2ot3Ncp7NcpBase17HandlePropertySetILm53EEE7otErrorv
                0x0000000000001c54       0x1e lib/libopenthread-rcp.a(ncp_base_radio.cpp.obj)
                0x0000000000001c54                otError ot::Ncp::NcpBase::HandlePropertySet<53ul>()
 .text._ZN2ot3Ncp7NcpBase24DecodeStreamRawTxRequestER12otRadioFrame
                0x0000000000001c72       0xea lib/libopenthread-rcp.a(ncp_base_radio.cpp.obj)
                0x0000000000001c72                ot::Ncp::NcpBase::DecodeStreamRawTxRequest(otRadioFrame&)
 .text._ZN2ot3Ncp7NcpBase40HandlePropertySet_SPINEL_PROP_STREAM_RAWEh
                0x0000000000001d5c       0x5c lib/libopenthread-rcp.a(ncp_base_radio.cpp.obj)
                0x0000000000001d5c                ot::Ncp::NcpBase::HandlePropertySet_SPINEL_PROP_STREAM_RAW(unsigned char)
 .text._ZN2ot3Ncp7NcpBase17HandlePropertySetILm2048EEE7otErrorv
                0x0000000000001db8       0x92 lib/libopenthread-rcp.a(ncp_base_radio.cpp.obj)
                0x0000000000001db8                otError ot::Ncp::NcpBase::HandlePropertySet<2048ul>()
 .text._ZN2ot3Ncp7NcpBase17HandlePropertySetILm2049EEE7otErrorv
                0x0000000000001e4a       0x1a lib/libopenthread-rcp.a(ncp_base_radio.cpp.obj)
                0x0000000000001e4a                otError ot::Ncp::NcpBase::HandlePropertySet<2049ul>()
 .text._ZN2ot3Ncp7NcpBase17HandlePropertySetILm2051EEE7otErrorv
                0x0000000000001e64       0x46 lib/libopenthread-rcp.a(ncp_base_radio.cpp.obj)
                0x0000000000001e64                otError ot::Ncp::NcpBase::HandlePropertySet<2051ul>()
 .text._ZNK2ot3Ncp15ChangedPropsSet13GetNumEntriesEv
                0x0000000000001eaa        0x4 lib/libopenthread-rcp.a(changed_props_set.cpp.obj)
                0x0000000000001eaa                ot::Ncp::ChangedPropsSet::GetNumEntries() const
 *fill*         0x0000000000001eae        0x2 ff
 .text._ZN2ot3Ncp15ChangedPropsSet3AddEmm
                0x0000000000001eb0       0x6c lib/libopenthread-rcp.a(changed_props_set.cpp.obj)
                0x0000000000001eb0                ot::Ncp::ChangedPropsSet::Add(unsigned long, unsigned long)
 .text._ZN2ot3Ncp15ChangedPropsSet20EnablePropertyFilterEmb
                0x0000000000001f1c       0x84 lib/libopenthread-rcp.a(changed_props_set.cpp.obj)
                0x0000000000001f1c                ot::Ncp::ChangedPropsSet::EnablePropertyFilter(unsigned long, bool)
 .text._ZNK2ot3Ncp15ChangedPropsSet18IsPropertyFilteredEm
                0x0000000000001fa0       0x48 lib/libopenthread-rcp.a(changed_props_set.cpp.obj)
                0x0000000000001fa0                ot::Ncp::ChangedPropsSet::IsPropertyFiltered(unsigned long) const
 .text.App_NotifyWakeup
                0x0000000000001fe8        0x2 lib/libopenthread-k32w061.a(alarm.c.obj)
                0x0000000000001fe8                App_NotifyWakeup
 *fill*         0x0000000000001fea        0x2 ff
 .text.TMR_ScheduleActivityCallback
                0x0000000000001fec       0x18 lib/libopenthread-k32w061.a(alarm.c.obj)
 .text.MicroTimerCallback
                0x0000000000002004       0x18 lib/libopenthread-k32w061.a(alarm.c.obj)
                0x0000000000002004                MicroTimerCallback
 .text.K32WAlarmInit
                0x000000000000201c       0x24 lib/libopenthread-k32w061.a(alarm.c.obj)
                0x000000000000201c                K32WAlarmInit
 .text.K32WAlarmProcess
                0x0000000000002040       0x38 lib/libopenthread-k32w061.a(alarm.c.obj)
                0x0000000000002040                K32WAlarmProcess
 .text.otPlatAlarmMilliStop
                0x0000000000002078       0x14 lib/libopenthread-k32w061.a(alarm.c.obj)
                0x0000000000002078                otPlatAlarmMilliStop
 .text.otPlatAlarmMilliGetNow
                0x000000000000208c       0x12 lib/libopenthread-k32w061.a(alarm.c.obj)
                0x000000000000208c                otPlatAlarmMilliGetNow
 *fill*         0x000000000000209e        0x2 ff
 .text.otPlatAlarmMicroStop
                0x00000000000020a0       0x14 lib/libopenthread-k32w061.a(alarm.c.obj)
                0x00000000000020a0                otPlatAlarmMicroStop
 .text.otPlatAlarmMicroGetNow
                0x00000000000020b4        0x8 lib/libopenthread-k32w061.a(alarm.c.obj)
                0x00000000000020b4                otPlatAlarmMicroGetNow
 .text.alarmStartAt
                0x00000000000020bc       0xa0 lib/libopenthread-k32w061.a(alarm.c.obj)
                0x00000000000020bc                alarmStartAt
 .text.otPlatAlarmMilliStartAt
                0x000000000000215c       0x28 lib/libopenthread-k32w061.a(alarm.c.obj)
                0x000000000000215c                otPlatAlarmMilliStartAt
 .text.otPlatAlarmMicroStartAt
                0x0000000000002184       0x28 lib/libopenthread-k32w061.a(alarm.c.obj)
                0x0000000000002184                otPlatAlarmMicroStartAt
 .text.otPlatTimeGet
                0x00000000000021ac        0x4 lib/libopenthread-k32w061.a(alarm.c.obj)
                0x00000000000021ac                otPlatTimeGet
 .text.otPlatReset
                0x00000000000021b0        0x8 lib/libopenthread-k32w061.a(misc.c.obj)
                0x00000000000021b0                otPlatReset
 .text.otPlatGetResetReason
                0x00000000000021b8       0x3e lib/libopenthread-k32w061.a(misc.c.obj)
                0x00000000000021b8                otPlatGetResetReason
 .text.otPlatWakeHost
                0x00000000000021f6        0x2 lib/libopenthread-k32w061.a(misc.c.obj)
                0x00000000000021f6                otPlatWakeHost
 .text.otSysInit
                0x00000000000021f8       0x34 lib/libopenthread-k32w061.a(system.c.obj)
                0x00000000000021f8                otSysInit
 .text.otSysPseudoResetWasRequested
                0x000000000000222c        0x4 lib/libopenthread-k32w061.a(system.c.obj)
                0x000000000000222c                otSysPseudoResetWasRequested
 .text.otSysProcessDrivers
                0x0000000000002230       0x18 lib/libopenthread-k32w061.a(system.c.obj)
                0x0000000000002230                otSysProcessDrivers
 .text.otSysEventSignalPending
                0x0000000000002248        0x2 lib/libopenthread-k32w061.a(system.c.obj)
                0x0000000000002248                otSysEventSignalPending
 *fill*         0x000000000000224a        0x2 ff
 .text.otPlatUartEnable
                0x000000000000224c       0x64 lib/libopenthread-k32w061.a(uart.c.obj)
                0x000000000000224c                otPlatUartEnable
 .text.otPlatUartSend
                0x00000000000022b0       0x3c lib/libopenthread-k32w061.a(uart.c.obj)
                0x00000000000022b0                otPlatUartSend
 .text.SerialProcess
                0x00000000000022ec        0x4 lib/libopenthread-k32w061.a(uart.c.obj)
                0x00000000000022ec                SerialProcess
 .text.K32WUartProcess
                0x00000000000022f0       0x14 lib/libopenthread-k32w061.a(uart.c.obj)
                0x00000000000022f0                K32WUartProcess
 .text.txDone   0x0000000000002304       0x14 lib/libopenthread-k32w061.a(uart.c.obj)
                0x0000000000002304                txDone
 .text.SerialMngr_TxCbApp
                0x0000000000002318       0x18 lib/libopenthread-k32w061.a(uart.c.obj)
 .text.SerialMngr_RxCbApp
                0x0000000000002330       0x30 lib/libopenthread-k32w061.a(uart.c.obj)
 .text.otEncodingReadUint64Le
                0x0000000000002360        0x8 lib/libopenthread-k32w061.a(radio.c.obj)
 .text.K32WGetVsIeGen
                0x0000000000002368       0x44 lib/libopenthread-k32w061.a(radio.c.obj)
 .text.K32WGetVsIeLen
                0x00000000000023ac       0x2e lib/libopenthread-k32w061.a(radio.c.obj)
 *fill*         0x00000000000023da        0x2 ff
 .text.K32WEncFrame
                0x00000000000023dc       0x30 lib/libopenthread-k32w061.a(radio.c.obj)
 .text.K32WEnableReceive
                0x000000000000240c       0x48 lib/libopenthread-k32w061.a(radio.c.obj)
 .text.K32WFrameConversion.isra.0
                0x0000000000002454       0x36 lib/libopenthread-k32w061.a(radio.c.obj)
 .text.App_AllowDeviceToSleep
                0x000000000000248a        0x2 lib/libopenthread-k32w061.a(radio.c.obj)
                0x000000000000248a                App_AllowDeviceToSleep
 .text.App_DisallowDeviceToSleep
                0x000000000000248c        0x2 lib/libopenthread-k32w061.a(radio.c.obj)
                0x000000000000248c                App_DisallowDeviceToSleep
 *fill*         0x000000000000248e        0x2 ff
 .text.K32WISR  0x0000000000002490      0x29c lib/libopenthread-k32w061.a(radio.c.obj)
 .text.K32WRadioInit
                0x000000000000272c       0x34 lib/libopenthread-k32w061.a(radio.c.obj)
                0x000000000000272c                K32WRadioInit
 .text.otPlatRadioGetIeeeEui64
                0x0000000000002760       0x2c lib/libopenthread-k32w061.a(radio.c.obj)
                0x0000000000002760                otPlatRadioGetIeeeEui64
 .text.otPlatRadioSetPanId
                0x000000000000278c       0x10 lib/libopenthread-k32w061.a(radio.c.obj)
                0x000000000000278c                otPlatRadioSetPanId
 .text.otPlatRadioSetExtendedAddress
                0x000000000000279c       0x30 lib/libopenthread-k32w061.a(radio.c.obj)
                0x000000000000279c                otPlatRadioSetExtendedAddress
 .text.otPlatRadioSetShortAddress
                0x00000000000027cc       0x10 lib/libopenthread-k32w061.a(radio.c.obj)
                0x00000000000027cc                otPlatRadioSetShortAddress
 .text.otPlatRadioEnable
                0x00000000000027dc       0xb4 lib/libopenthread-k32w061.a(radio.c.obj)
                0x00000000000027dc                otPlatRadioEnable
 .text.otPlatRadioDisable
                0x0000000000002890       0x3c lib/libopenthread-k32w061.a(radio.c.obj)
                0x0000000000002890                otPlatRadioDisable
 .text.otPlatRadioIsEnabled
                0x00000000000028cc       0x10 lib/libopenthread-k32w061.a(radio.c.obj)
                0x00000000000028cc                otPlatRadioIsEnabled
 .text.otPlatRadioSleep
                0x00000000000028dc       0x40 lib/libopenthread-k32w061.a(radio.c.obj)
                0x00000000000028dc                otPlatRadioSleep
 .text.otPlatRadioReceive
                0x000000000000291c       0x94 lib/libopenthread-k32w061.a(radio.c.obj)
                0x000000000000291c                otPlatRadioReceive
 .text.K32WRadioProcess
                0x00000000000029b0      0x13c lib/libopenthread-k32w061.a(radio.c.obj)
                0x00000000000029b0                K32WRadioProcess
 .text.otPlatRadioEnableSrcMatch
                0x0000000000002aec        0xc lib/libopenthread-k32w061.a(radio.c.obj)
                0x0000000000002aec                otPlatRadioEnableSrcMatch
 .text.otPlatRadioAddSrcMatchShortEntry
                0x0000000000002af8       0x7c lib/libopenthread-k32w061.a(radio.c.obj)
                0x0000000000002af8                otPlatRadioAddSrcMatchShortEntry
 .text.otPlatRadioAddSrcMatchExtEntry
                0x0000000000002b74       0xa0 lib/libopenthread-k32w061.a(radio.c.obj)
                0x0000000000002b74                otPlatRadioAddSrcMatchExtEntry
 .text.otPlatRadioClearSrcMatchShortEntry
                0x0000000000002c14       0x6c lib/libopenthread-k32w061.a(radio.c.obj)
                0x0000000000002c14                otPlatRadioClearSrcMatchShortEntry
 .text.otPlatRadioClearSrcMatchExtEntry
                0x0000000000002c80       0x98 lib/libopenthread-k32w061.a(radio.c.obj)
                0x0000000000002c80                otPlatRadioClearSrcMatchExtEntry
 .text.otPlatRadioClearSrcMatchShortEntries
                0x0000000000002d18       0x10 lib/libopenthread-k32w061.a(radio.c.obj)
                0x0000000000002d18                otPlatRadioClearSrcMatchShortEntries
 .text.otPlatRadioClearSrcMatchExtEntries
                0x0000000000002d28       0x10 lib/libopenthread-k32w061.a(radio.c.obj)
                0x0000000000002d28                otPlatRadioClearSrcMatchExtEntries
 .text.otPlatRadioGetTransmitBuffer
                0x0000000000002d38        0x8 lib/libopenthread-k32w061.a(radio.c.obj)
                0x0000000000002d38                otPlatRadioGetTransmitBuffer
 .text.otPlatRadioTransmit
                0x0000000000002d40      0x170 lib/libopenthread-k32w061.a(radio.c.obj)
                0x0000000000002d40                otPlatRadioTransmit
 .text.otPlatRadioGetRssi
                0x0000000000002eb0       0x60 lib/libopenthread-k32w061.a(radio.c.obj)
                0x0000000000002eb0                otPlatRadioGetRssi
 .text.otPlatRadioGetCaps
                0x0000000000002f10        0x4 lib/libopenthread-k32w061.a(radio.c.obj)
                0x0000000000002f10                otPlatRadioGetCaps
 .text.otPlatRadioGetPromiscuous
                0x0000000000002f14       0x10 lib/libopenthread-k32w061.a(radio.c.obj)
                0x0000000000002f14                otPlatRadioGetPromiscuous
 .text.otPlatRadioSetPromiscuous
                0x0000000000002f24       0x28 lib/libopenthread-k32w061.a(radio.c.obj)
                0x0000000000002f24                otPlatRadioSetPromiscuous
 .text.otPlatRadioEnergyScan
                0x0000000000002f4c        0x4 lib/libopenthread-k32w061.a(radio.c.obj)
                0x0000000000002f4c                otPlatRadioEnergyScan
 .text.otPlatRadioGetTransmitPower
                0x0000000000002f50       0x14 lib/libopenthread-k32w061.a(radio.c.obj)
                0x0000000000002f50                otPlatRadioGetTransmitPower
 .text.otPlatRadioSetTransmitPower
                0x0000000000002f64       0x60 lib/libopenthread-k32w061.a(radio.c.obj)
                0x0000000000002f64                otPlatRadioSetTransmitPower
 .text.otPlatRadioGetCcaEnergyDetectThreshold
                0x0000000000002fc4       0x1a lib/libopenthread-k32w061.a(radio.c.obj)
                0x0000000000002fc4                otPlatRadioGetCcaEnergyDetectThreshold
 .text.otPlatRadioSetCcaEnergyDetectThreshold
                0x0000000000002fde       0x1e lib/libopenthread-k32w061.a(radio.c.obj)
                0x0000000000002fde                otPlatRadioSetCcaEnergyDetectThreshold
 .text.otPlatRadioGetReceiveSensitivity
                0x0000000000002ffc        0x6 lib/libopenthread-k32w061.a(radio.c.obj)
                0x0000000000002ffc                otPlatRadioGetReceiveSensitivity
 .text.otPlatRadioSetMacKey
                0x0000000000003002        0xc lib/libopenthread-k32w061.a(radio.c.obj)
                0x0000000000003002                otPlatRadioSetMacKey
 *fill*         0x000000000000300e        0x2 ff
 .text.otPlatRadioSetMacFrameCounter
                0x0000000000003010       0x10 lib/libopenthread-k32w061.a(radio.c.obj)
                0x0000000000003010                otPlatRadioSetMacFrameCounter
 .text.otPlatRadioGetCslUncertainty
                0x0000000000003020        0x4 lib/libopenthread-k32w061.a(radio.c.obj)
                0x0000000000003020                otPlatRadioGetCslUncertainty
 .text.otPlatRadioGetNow
                0x0000000000003024        0x4 lib/libopenthread-k32w061.a(radio.c.obj)
                0x0000000000003024                otPlatRadioGetNow
 .text.otPlatRadioConfigureEnhAckProbing
                0x0000000000003028        0xa lib/libopenthread-k32w061.a(radio.c.obj)
                0x0000000000003028                otPlatRadioConfigureEnhAckProbing
 .text.otPlatRadioGetCslAccuracy
                0x0000000000003032        0x4 lib/libopenthread-k32w061.a(radio.c.obj)
                0x0000000000003032                otPlatRadioGetCslAccuracy
 *fill*         0x0000000000003036        0x2 ff
 .text._ZL32GetLinkMetricsDataInfoActiveListv
                0x0000000000003038       0x30 lib/libopenthread-k32w061.a(link_metrics.cpp.obj)
 .text._ZL26GetLinkMetricsDataInfoPoolv
                0x0000000000003068       0x58 lib/libopenthread-k32w061.a(link_metrics.cpp.obj)
 .text.otLinkMetricsConfigureEnhAckProbing
                0x00000000000030c0       0xb0 lib/libopenthread-k32w061.a(link_metrics.cpp.obj)
                0x00000000000030c0                otLinkMetricsConfigureEnhAckProbing
 .text._Z30GetLinkMetricsInfoByMacAddressPK12otMacAddress
                0x0000000000003170       0x42 lib/libopenthread-k32w061.a(link_metrics.cpp.obj)
                0x0000000000003170                GetLinkMetricsInfoByMacAddress(otMacAddress const*)
 *fill*         0x00000000000031b2        0x2 ff
 .text.otLinkMetricsEnhAckGenData
                0x00000000000031b4       0x7c lib/libopenthread-k32w061.a(link_metrics.cpp.obj)
                0x00000000000031b4                otLinkMetricsEnhAckGenData
 .text.otLinkMetricsEnhAckGetDataLen
                0x0000000000003230       0x1e lib/libopenthread-k32w061.a(link_metrics.cpp.obj)
                0x0000000000003230                otLinkMetricsEnhAckGetDataLen
 .text._ZL15GetOtMacAddressRKN2ot3Mac7AddressEP12otMacAddress
                0x000000000000324e       0x24 lib/libopenthread-k32w061.a(mac_frame.cpp.obj)
 .text.otMacFrameIsData
                0x0000000000003272       0x10 lib/libopenthread-k32w061.a(mac_frame.cpp.obj)
                0x0000000000003272                otMacFrameIsData
 .text.otMacFrameIsCommand
                0x0000000000003282       0x10 lib/libopenthread-k32w061.a(mac_frame.cpp.obj)
                0x0000000000003282                otMacFrameIsCommand
 .text.otMacFrameIsDataRequest
                0x0000000000003292        0x4 lib/libopenthread-k32w061.a(mac_frame.cpp.obj)
                0x0000000000003292                otMacFrameIsDataRequest
 .text.otMacFrameIsAckRequested
                0x0000000000003296        0xa lib/libopenthread-k32w061.a(mac_frame.cpp.obj)
                0x0000000000003296                otMacFrameIsAckRequested
 .text.otMacFrameGetSrcAddr
                0x00000000000032a0       0x22 lib/libopenthread-k32w061.a(mac_frame.cpp.obj)
                0x00000000000032a0                otMacFrameGetSrcAddr
 .text.otMacFrameGetDstAddr
                0x00000000000032c2       0x22 lib/libopenthread-k32w061.a(mac_frame.cpp.obj)
                0x00000000000032c2                otMacFrameGetDstAddr
 .text.otMacFrameProcessTransmitAesCcm
                0x00000000000032e4        0x4 lib/libopenthread-k32w061.a(mac_frame.cpp.obj)
                0x00000000000032e4                otMacFrameProcessTransmitAesCcm
 .text.otMacFrameIsVersion2015
                0x00000000000032e8       0x14 lib/libopenthread-k32w061.a(mac_frame.cpp.obj)
                0x00000000000032e8                otMacFrameIsVersion2015
 .text.otMacFrameIsSecurityEnabled
                0x00000000000032fc        0xa lib/libopenthread-k32w061.a(mac_frame.cpp.obj)
                0x00000000000032fc                otMacFrameIsSecurityEnabled
 .text.otMacFrameIsKeyIdMode1
                0x0000000000003306       0x22 lib/libopenthread-k32w061.a(mac_frame.cpp.obj)
                0x0000000000003306                otMacFrameIsKeyIdMode1
 .text.otMacFrameGenerateEnhAckProbingIe
                0x0000000000003328       0x32 lib/libopenthread-k32w061.a(mac_frame.cpp.obj)
                0x0000000000003328                otMacFrameGenerateEnhAckProbingIe
 *fill*         0x000000000000335a        0x2 ff
 .text.K32WRandomInit
                0x000000000000335c       0x38 lib/libopenthread-k32w061.a(entropy.c.obj)
                0x000000000000335c                K32WRandomInit
 .text.otPlatEntropyGet
                0x0000000000003394       0x20 lib/libopenthread-k32w061.a(entropy.c.obj)
                0x0000000000003394                otPlatEntropyGet
 .text.otInstanceInitSingle
                0x00000000000033b4        0x4 lib/libopenthread-radio.a(instance_api.cpp.obj)
                0x00000000000033b4                otInstanceInitSingle
 .text.otInstanceIsInitialized
                0x00000000000033b8        0x4 lib/libopenthread-radio.a(instance_api.cpp.obj)
                0x00000000000033b8                otInstanceIsInitialized
 .text.otInstanceFinalize
                0x00000000000033bc        0x4 lib/libopenthread-radio.a(instance_api.cpp.obj)
                0x00000000000033bc                otInstanceFinalize
 .text.otInstanceReset
                0x00000000000033c0        0x4 lib/libopenthread-radio.a(instance_api.cpp.obj)
                0x00000000000033c0                otInstanceReset
 .text.otInstanceResetRadioStack
                0x00000000000033c4        0x4 lib/libopenthread-radio.a(instance_api.cpp.obj)
                0x00000000000033c4                otInstanceResetRadioStack
 .text.otGetVersionString
                0x00000000000033c8        0x8 lib/libopenthread-radio.a(instance_api.cpp.obj)
                0x00000000000033c8                otGetVersionString
 .text.otLinkRawSetReceiveDone
                0x00000000000033d0        0x6 lib/libopenthread-radio.a(link_raw_api.cpp.obj)
                0x00000000000033d0                otLinkRawSetReceiveDone
 .text.otLinkRawIsEnabled
                0x00000000000033d6        0xa lib/libopenthread-radio.a(link_raw_api.cpp.obj)
                0x00000000000033d6                otLinkRawIsEnabled
 .text.otLinkRawSetShortAddress
                0x00000000000033e0        0x6 lib/libopenthread-radio.a(link_raw_api.cpp.obj)
                0x00000000000033e0                otLinkRawSetShortAddress
 *fill*         0x00000000000033e6        0x2 ff
 .text.otLinkRawGetPromiscuous
                0x00000000000033e8        0xc lib/libopenthread-radio.a(link_raw_api.cpp.obj)
                0x00000000000033e8                otLinkRawGetPromiscuous
 .text.otLinkRawSetPromiscuous
                0x00000000000033f4       0x18 lib/libopenthread-radio.a(link_raw_api.cpp.obj)
                0x00000000000033f4                otLinkRawSetPromiscuous
 .text.otLinkRawSleep
                0x000000000000340c       0x14 lib/libopenthread-radio.a(link_raw_api.cpp.obj)
                0x000000000000340c                otLinkRawSleep
 .text.otLinkRawReceive
                0x0000000000003420        0x6 lib/libopenthread-radio.a(link_raw_api.cpp.obj)
                0x0000000000003420                otLinkRawReceive
 .text.otLinkRawGetTransmitBuffer
                0x0000000000003426        0x4 lib/libopenthread-radio.a(link_raw_api.cpp.obj)
                0x0000000000003426                otLinkRawGetTransmitBuffer
 .text.otLinkRawTransmit
                0x000000000000342a        0x6 lib/libopenthread-radio.a(link_raw_api.cpp.obj)
                0x000000000000342a                otLinkRawTransmit
 .text.otLinkRawGetCaps
                0x0000000000003430        0x6 lib/libopenthread-radio.a(link_raw_api.cpp.obj)
                0x0000000000003430                otLinkRawGetCaps
 .text.otLinkRawEnergyScan
                0x0000000000003436        0x6 lib/libopenthread-radio.a(link_raw_api.cpp.obj)
                0x0000000000003436                otLinkRawEnergyScan
 .text.otLinkRawSrcMatchEnable
                0x000000000000343c       0x18 lib/libopenthread-radio.a(link_raw_api.cpp.obj)
                0x000000000000343c                otLinkRawSrcMatchEnable
 .text.otLinkRawSrcMatchAddShortEntry
                0x0000000000003454       0x14 lib/libopenthread-radio.a(link_raw_api.cpp.obj)
                0x0000000000003454                otLinkRawSrcMatchAddShortEntry
 .text.otLinkRawSrcMatchAddExtEntry
                0x0000000000003468       0x24 lib/libopenthread-radio.a(link_raw_api.cpp.obj)
                0x0000000000003468                otLinkRawSrcMatchAddExtEntry
 .text.otLinkRawSrcMatchClearShortEntry
                0x000000000000348c       0x14 lib/libopenthread-radio.a(link_raw_api.cpp.obj)
                0x000000000000348c                otLinkRawSrcMatchClearShortEntry
 .text.otLinkRawSrcMatchClearExtEntry
                0x00000000000034a0       0x24 lib/libopenthread-radio.a(link_raw_api.cpp.obj)
                0x00000000000034a0                otLinkRawSrcMatchClearExtEntry
 .text.otLinkRawSrcMatchClearShortEntries
                0x00000000000034c4       0x18 lib/libopenthread-radio.a(link_raw_api.cpp.obj)
                0x00000000000034c4                otLinkRawSrcMatchClearShortEntries
 .text.otLinkRawSrcMatchClearExtEntries
                0x00000000000034dc       0x18 lib/libopenthread-radio.a(link_raw_api.cpp.obj)
                0x00000000000034dc                otLinkRawSrcMatchClearExtEntries
 .text.otLinkRawSetMacKey
                0x00000000000034f4        0x6 lib/libopenthread-radio.a(link_raw_api.cpp.obj)
                0x00000000000034f4                otLinkRawSetMacKey
 .text.otLinkRawSetMacFrameCounter
                0x00000000000034fa        0x6 lib/libopenthread-radio.a(link_raw_api.cpp.obj)
                0x00000000000034fa                otLinkRawSetMacFrameCounter
 .text.otLinkRawGetRadioTime
                0x0000000000003500        0x4 lib/libopenthread-radio.a(link_raw_api.cpp.obj)
                0x0000000000003500                otLinkRawGetRadioTime
 .text.otLinkGetChannel
                0x0000000000003504        0x4 lib/libopenthread-radio.a(link_raw_api.cpp.obj)
                0x0000000000003504                otLinkGetChannel
 .text.otLinkSetChannel
                0x0000000000003508        0x6 lib/libopenthread-radio.a(link_raw_api.cpp.obj)
                0x0000000000003508                otLinkSetChannel
 .text.otLinkGetPanId
                0x000000000000350e        0x4 lib/libopenthread-radio.a(link_raw_api.cpp.obj)
                0x000000000000350e                otLinkGetPanId
 .text.otLinkSetPanId
                0x0000000000003512        0x6 lib/libopenthread-radio.a(link_raw_api.cpp.obj)
                0x0000000000003512                otLinkSetPanId
 .text.otLinkGetExtendedAddress
                0x0000000000003518        0x4 lib/libopenthread-radio.a(link_raw_api.cpp.obj)
                0x0000000000003518                otLinkGetExtendedAddress
 .text.otLinkSetExtendedAddress
                0x000000000000351c        0x6 lib/libopenthread-radio.a(link_raw_api.cpp.obj)
                0x000000000000351c                otLinkSetExtendedAddress
 .text.otLinkGetShortAddress
                0x0000000000003522        0x4 lib/libopenthread-radio.a(link_raw_api.cpp.obj)
                0x0000000000003522                otLinkGetShortAddress
 .text.otLinkGetFactoryAssignedIeeeEui64
                0x0000000000003526        0x4 lib/libopenthread-radio.a(link_raw_api.cpp.obj)
                0x0000000000003526                otLinkGetFactoryAssignedIeeeEui64
 .text.otLoggingGetLevel
                0x000000000000352a        0x4 lib/libopenthread-radio.a(logging_api.cpp.obj)
                0x000000000000352a                otLoggingGetLevel
 .text.otLogInfoPlat
                0x000000000000352e        0x6 lib/libopenthread-radio.a(logging_api.cpp.obj)
                0x000000000000352e                otLogInfoPlat
 .text.otTaskletsProcess
                0x0000000000003534       0x16 lib/libopenthread-radio.a(tasklet_api.cpp.obj)
                0x0000000000003534                otTaskletsProcess
 .text._ZN2ot8InstanceC2Ev
                0x000000000000354a       0x24 lib/libopenthread-radio.a(instance.cpp.obj)
                0x000000000000354a                ot::Instance::Instance()
                0x000000000000354a                ot::Instance::Instance()
 *fill*         0x000000000000356e        0x2 ff
 .text._ZN2ot8Instance10InitSingleEv
                0x0000000000003570       0x20 lib/libopenthread-radio.a(instance.cpp.obj)
                0x0000000000003570                ot::Instance::InitSingle()
 .text._ZN2ot8Instance5ResetEv
                0x0000000000003590        0x4 lib/libopenthread-radio.a(instance.cpp.obj)
                0x0000000000003590                ot::Instance::Reset()
 .text._ZN2ot8Instance15ResetRadioStackEv
                0x0000000000003594       0x16 lib/libopenthread-radio.a(instance.cpp.obj)
                0x0000000000003594                ot::Instance::ResetRadioStack()
 .text._ZN2ot8Instance8FinalizeEv
                0x00000000000035aa       0x24 lib/libopenthread-radio.a(instance.cpp.obj)
                0x00000000000035aa                ot::Instance::Finalize()
 *fill*         0x00000000000035ce        0x2 ff
 .text._ZN2ot6Random7ManagerD2Ev
                0x00000000000035d0       0x14 lib/libopenthread-radio.a(random.cpp.obj)
                0x00000000000035d0                ot::Random::Manager::~Manager()
                0x00000000000035d0                ot::Random::Manager::~Manager()
 .text._ZN2ot6Random7Manager13NonCryptoPrng4InitEm
                0x00000000000035e4       0x14 lib/libopenthread-radio.a(random.cpp.obj)
                0x00000000000035e4                ot::Random::Manager::NonCryptoPrng::Init(unsigned long)
 .text._ZN2ot6Random7ManagerC2Ev
                0x00000000000035f8       0x40 lib/libopenthread-radio.a(random.cpp.obj)
                0x00000000000035f8                ot::Random::Manager::Manager()
                0x00000000000035f8                ot::Random::Manager::Manager()
 .text._ZN2ot6Random7Manager13NonCryptoPrng7GetNextEv
                0x0000000000003638       0x1c lib/libopenthread-radio.a(random.cpp.obj)
                0x0000000000003638                ot::Random::Manager::NonCryptoPrng::GetNext()
 .text._ZN2ot6Random7Manager18NonCryptoGetUint32Ev
                0x0000000000003654       0x18 lib/libopenthread-radio.a(random.cpp.obj)
                0x0000000000003654                ot::Random::Manager::NonCryptoGetUint32()
 .text._ZN2ot6Random9NonCrypto16GetUint32InRangeEmm
                0x000000000000366c       0x1c lib/libopenthread-radio.a(random.cpp.obj)
                0x000000000000366c                ot::Random::NonCrypto::GetUint32InRange(unsigned long, unsigned long)
 .text._ZN2ot7Tasklet9Scheduler11PostTaskletERS0_
                0x0000000000003688       0x1c lib/libopenthread-radio.a(tasklet.cpp.obj)
                0x0000000000003688                ot::Tasklet::Scheduler::PostTasklet(ot::Tasklet&)
 .text._ZN2ot7Tasklet4PostEv
                0x00000000000036a4       0x14 lib/libopenthread-radio.a(tasklet.cpp.obj)
                0x00000000000036a4                ot::Tasklet::Post()
 .text._ZN2ot7Tasklet9Scheduler21ProcessQueuedTaskletsEv
                0x00000000000036b8       0x22 lib/libopenthread-radio.a(tasklet.cpp.obj)
                0x00000000000036b8                ot::Tasklet::Scheduler::ProcessQueuedTasklets()
 .text._ZNK2ot5Timer14DoesFireBeforeERKS0_NS_4TimeE
                0x00000000000036da       0x1e lib/libopenthread-radio.a(timer.cpp.obj)
                0x00000000000036da                ot::Timer::DoesFireBefore(ot::Timer const&, ot::Time) const
 .text._ZN2ot5Timer9Scheduler8SetAlarmERKNS1_8AlarmApiE
                0x00000000000036f8       0x34 lib/libopenthread-radio.a(timer.cpp.obj)
                0x00000000000036f8                ot::Timer::Scheduler::SetAlarm(ot::Timer::Scheduler::AlarmApi const&)
 .text._ZN2ot5Timer9Scheduler6RemoveERS0_RKNS1_8AlarmApiE
                0x000000000000372c       0x4a lib/libopenthread-radio.a(timer.cpp.obj)
                0x000000000000372c                ot::Timer::Scheduler::Remove(ot::Timer&, ot::Timer::Scheduler::AlarmApi const&)
 .text._ZN2ot5Timer9Scheduler3AddERS0_RKNS1_8AlarmApiE
                0x0000000000003776       0x5e lib/libopenthread-radio.a(timer.cpp.obj)
                0x0000000000003776                ot::Timer::Scheduler::Add(ot::Timer&, ot::Timer::Scheduler::AlarmApi const&)
 .text._ZN2ot5Timer9Scheduler13ProcessTimersERKNS1_8AlarmApiE
                0x00000000000037d4       0x36 lib/libopenthread-radio.a(timer.cpp.obj)
                0x00000000000037d4                ot::Timer::Scheduler::ProcessTimers(ot::Timer::Scheduler::AlarmApi const&)
 *fill*         0x000000000000380a        0x2 ff
 .text.otPlatAlarmMilliFired
                0x000000000000380c       0x20 lib/libopenthread-radio.a(timer.cpp.obj)
                0x000000000000380c                otPlatAlarmMilliFired
 .text._ZN2ot10TimerMicro6FireAtENS_4TimeE
                0x000000000000382c       0x14 lib/libopenthread-radio.a(timer.cpp.obj)
                0x000000000000382c                ot::TimerMicro::FireAt(ot::Time)
 .text._ZN2ot10TimerMicro7StartAtENS_4TimeEm
                0x0000000000003840        0xc lib/libopenthread-radio.a(timer.cpp.obj)
                0x0000000000003840                ot::TimerMicro::StartAt(ot::Time, unsigned long)
 .text._ZN2ot10TimerMicro5StartEm
                0x000000000000384c       0x18 lib/libopenthread-radio.a(timer.cpp.obj)
                0x000000000000384c                ot::TimerMicro::Start(unsigned long)
 .text._ZN2ot10TimerMicro4StopEv
                0x0000000000003864       0x14 lib/libopenthread-radio.a(timer.cpp.obj)
                0x0000000000003864                ot::TimerMicro::Stop()
 .text.otPlatAlarmMicroFired
                0x0000000000003878       0x20 lib/libopenthread-radio.a(timer.cpp.obj)
                0x0000000000003878                otPlatAlarmMicroFired
 .text._ZN2ot3Mac7LinkRaw4InitEv
                0x0000000000003898       0x18 lib/libopenthread-radio.a(link_raw.cpp.obj)
                0x0000000000003898                ot::Mac::LinkRaw::Init()
 .text._ZN2ot3Mac7LinkRawC2ERNS_8InstanceE
                0x00000000000038b0       0x26 lib/libopenthread-radio.a(link_raw.cpp.obj)
                0x00000000000038b0                ot::Mac::LinkRaw::LinkRaw(ot::Instance&)
                0x00000000000038b0                ot::Mac::LinkRaw::LinkRaw(ot::Instance&)
 .text._ZN2ot3Mac7LinkRaw14SetReceiveDoneEPFvP10otInstanceP12otRadioFrame7otErrorE
                0x00000000000038d6       0x1c lib/libopenthread-radio.a(link_raw.cpp.obj)
                0x00000000000038d6                ot::Mac::LinkRaw::SetReceiveDone(void (*)(otInstance*, otRadioFrame*, otError))
 .text._ZN2ot3Mac7LinkRaw8SetPanIdEt
                0x00000000000038f2       0x1a lib/libopenthread-radio.a(link_raw.cpp.obj)
                0x00000000000038f2                ot::Mac::LinkRaw::SetPanId(unsigned short)
 .text._ZN2ot3Mac7LinkRaw10SetChannelEh
                0x000000000000390c        0xe lib/libopenthread-radio.a(link_raw.cpp.obj)
                0x000000000000390c                ot::Mac::LinkRaw::SetChannel(unsigned char)
 .text._ZN2ot3Mac7LinkRaw13SetExtAddressERKNS0_10ExtAddressE
                0x000000000000391a       0x14 lib/libopenthread-radio.a(link_raw.cpp.obj)
                0x000000000000391a                ot::Mac::LinkRaw::SetExtAddress(ot::Mac::ExtAddress const&)
 .text._ZN2ot3Mac7LinkRaw15SetShortAddressEt
                0x000000000000392e       0x14 lib/libopenthread-radio.a(link_raw.cpp.obj)
                0x000000000000392e                ot::Mac::LinkRaw::SetShortAddress(unsigned short)
 .text._ZN2ot3Mac7LinkRaw7ReceiveEv
                0x0000000000003942       0x10 lib/libopenthread-radio.a(link_raw.cpp.obj)
                0x0000000000003942                ot::Mac::LinkRaw::Receive()
 *fill*         0x0000000000003952        0x2 ff
 .text._ZN2ot3Mac7LinkRaw17InvokeReceiveDoneEPNS0_7RxFrameE7otError
                0x0000000000003954       0x18 lib/libopenthread-radio.a(link_raw.cpp.obj)
                0x0000000000003954                ot::Mac::LinkRaw::InvokeReceiveDone(ot::Mac::RxFrame*, otError)
 .text._ZN2ot3Mac7LinkRaw8TransmitEPFvP10otInstanceP12otRadioFrameS5_7otErrorE
                0x000000000000396c       0x1a lib/libopenthread-radio.a(link_raw.cpp.obj)
                0x000000000000396c                ot::Mac::LinkRaw::Transmit(void (*)(otInstance*, otRadioFrame*, otRadioFrame*, otError))
 *fill*         0x0000000000003986        0x2 ff
 .text._ZN2ot3Mac7LinkRaw18InvokeTransmitDoneERNS0_7TxFrameEPNS0_7RxFrameE7otError
                0x0000000000003988       0x18 lib/libopenthread-radio.a(link_raw.cpp.obj)
                0x0000000000003988                ot::Mac::LinkRaw::InvokeTransmitDone(ot::Mac::TxFrame&, ot::Mac::RxFrame*, otError)
 .text._ZN2ot3Mac7LinkRaw10EnergyScanEhtPFvP10otInstanceaE
                0x00000000000039a0       0x1a lib/libopenthread-radio.a(link_raw.cpp.obj)
                0x00000000000039a0                ot::Mac::LinkRaw::EnergyScan(unsigned char, unsigned short, void (*)(otInstance*, signed char))
 *fill*         0x00000000000039ba        0x2 ff
 .text._ZN2ot3Mac7LinkRaw20InvokeEnergyScanDoneEa
                0x00000000000039bc       0x1c lib/libopenthread-radio.a(link_raw.cpp.obj)
                0x00000000000039bc                ot::Mac::LinkRaw::InvokeEnergyScanDone(signed char)
 .text._ZN2ot3Mac7LinkRaw9SetMacKeyEhhRKNS0_3KeyES4_S4_
                0x00000000000039d8       0x72 lib/libopenthread-radio.a(link_raw.cpp.obj)
                0x00000000000039d8                ot::Mac::LinkRaw::SetMacKey(unsigned char, unsigned char, ot::Mac::Key const&, ot::Mac::Key const&, ot::Mac::Key const&)
 .text._ZN2ot3Mac7LinkRaw18SetMacFrameCounterEm
                0x0000000000003a4a       0x14 lib/libopenthread-radio.a(link_raw.cpp.obj)
                0x0000000000003a4a                ot::Mac::LinkRaw::SetMacFrameCounter(unsigned long)
 .text._ZNK2ot3Mac5Frame20GetFrameControlFieldEv
                0x0000000000003a5e        0x6 lib/libopenthread-radio.a(mac_frame.cpp.obj)
                0x0000000000003a5e                ot::Mac::Frame::GetFrameControlField() const
 .text._ZN2ot3Mac5Frame17IsDstPanIdPresentEt
                0x0000000000003a64       0x5a lib/libopenthread-radio.a(mac_frame.cpp.obj)
                0x0000000000003a64                ot::Mac::Frame::IsDstPanIdPresent(unsigned short)
 .text._ZNK2ot3Mac5Frame17IsDstPanIdPresentEv
                0x0000000000003abe        0xe lib/libopenthread-radio.a(mac_frame.cpp.obj)
                0x0000000000003abe                ot::Mac::Frame::IsDstPanIdPresent() const
 .text._ZNK2ot3Mac5Frame16FindDstAddrIndexEv
                0x0000000000003acc       0x10 lib/libopenthread-radio.a(mac_frame.cpp.obj)
                0x0000000000003acc                ot::Mac::Frame::FindDstAddrIndex() const
 .text._ZNK2ot3Mac5Frame10GetDstAddrERNS0_7AddressE
                0x0000000000003adc       0x4e lib/libopenthread-radio.a(mac_frame.cpp.obj)
                0x0000000000003adc                ot::Mac::Frame::GetDstAddr(ot::Mac::Address&) const
 .text._ZN2ot3Mac5Frame17IsSrcPanIdPresentEt
                0x0000000000003b2a       0x2a lib/libopenthread-radio.a(mac_frame.cpp.obj)
                0x0000000000003b2a                ot::Mac::Frame::IsSrcPanIdPresent(unsigned short)
 .text._ZNK2ot3Mac5Frame16FindSrcAddrIndexEv
                0x0000000000003b54       0x3e lib/libopenthread-radio.a(mac_frame.cpp.obj)
                0x0000000000003b54                ot::Mac::Frame::FindSrcAddrIndex() const
 .text._ZNK2ot3Mac5Frame10GetSrcAddrERNS0_7AddressE
                0x0000000000003b92       0x4e lib/libopenthread-radio.a(mac_frame.cpp.obj)
                0x0000000000003b92                ot::Mac::Frame::GetSrcAddr(ot::Mac::Address&) const
 .text._ZN2ot3Mac5Frame18GetKeySourceLengthEh
                0x0000000000003be0       0x12 lib/libopenthread-radio.a(mac_frame.cpp.obj)
                0x0000000000003be0                ot::Mac::Frame::GetKeySourceLength(unsigned char)
 .text._ZN2ot3Mac5Frame16CalculateMicSizeEh
                0x0000000000003bf2       0x26 lib/libopenthread-radio.a(mac_frame.cpp.obj)
                0x0000000000003bf2                ot::Mac::Frame::CalculateMicSize(unsigned char)
 .text._ZN2ot3Mac5Frame27CalculateSecurityHeaderSizeEh
                0x0000000000003c18       0x24 lib/libopenthread-radio.a(mac_frame.cpp.obj)
                0x0000000000003c18                ot::Mac::Frame::CalculateSecurityHeaderSize(unsigned char)
 .text._ZN2ot3Mac5Frame22CalculateAddrFieldSizeEt
                0x0000000000003c3c       0x5e lib/libopenthread-radio.a(mac_frame.cpp.obj)
                0x0000000000003c3c                ot::Mac::Frame::CalculateAddrFieldSize(unsigned short)
 .text._ZNK2ot3Mac5Frame18SkipAddrFieldIndexEv
                0x0000000000003c9a       0x18 lib/libopenthread-radio.a(mac_frame.cpp.obj)
                0x0000000000003c9a                ot::Mac::Frame::SkipAddrFieldIndex() const
 .text._ZNK2ot3Mac5Frame23FindSecurityHeaderIndexEv
                0x0000000000003cb2       0x16 lib/libopenthread-radio.a(mac_frame.cpp.obj)
                0x0000000000003cb2                ot::Mac::Frame::FindSecurityHeaderIndex() const
 .text._ZNK2ot3Mac5Frame16GetSecurityLevelERh
                0x0000000000003cc8       0x20 lib/libopenthread-radio.a(mac_frame.cpp.obj)
                0x0000000000003cc8                ot::Mac::Frame::GetSecurityLevel(unsigned char&) const
 .text._ZNK2ot3Mac5Frame12GetKeyIdModeERh
                0x0000000000003ce8       0x20 lib/libopenthread-radio.a(mac_frame.cpp.obj)
                0x0000000000003ce8                ot::Mac::Frame::GetKeyIdMode(unsigned char&) const
 .text._ZNK2ot3Mac5Frame15GetFrameCounterERm
                0x0000000000003d08       0x20 lib/libopenthread-radio.a(mac_frame.cpp.obj)
                0x0000000000003d08                ot::Mac::Frame::GetFrameCounter(unsigned long&) const
 .text._ZN2ot3Mac5Frame15SetFrameCounterEm
                0x0000000000003d28       0x32 lib/libopenthread-radio.a(mac_frame.cpp.obj)
                0x0000000000003d28                ot::Mac::Frame::SetFrameCounter(unsigned long)
 .text._ZNK2ot3Mac5Frame8GetKeyIdERh
                0x0000000000003d5a       0x2c lib/libopenthread-radio.a(mac_frame.cpp.obj)
                0x0000000000003d5a                ot::Mac::Frame::GetKeyId(unsigned char&) const
 .text._ZN2ot3Mac5Frame8SetKeyIdEh
                0x0000000000003d86       0x26 lib/libopenthread-radio.a(mac_frame.cpp.obj)
                0x0000000000003d86                ot::Mac::Frame::SetKeyId(unsigned char)
 .text._ZNK2ot3Mac5Frame15GetFooterLengthEv
                0x0000000000003dac       0x1e lib/libopenthread-radio.a(mac_frame.cpp.obj)
                0x0000000000003dac                ot::Mac::Frame::GetFooterLength() const
 .text._ZNK2ot3Mac5Frame23SkipSecurityHeaderIndexEv
                0x0000000000003dca       0x3c lib/libopenthread-radio.a(mac_frame.cpp.obj)
                0x0000000000003dca                ot::Mac::Frame::SkipSecurityHeaderIndex() const
 .text._ZNK2ot3Mac5Frame16FindPayloadIndexEv
                0x0000000000003e06       0x72 lib/libopenthread-radio.a(mac_frame.cpp.obj)
                0x0000000000003e06                ot::Mac::Frame::FindPayloadIndex() const
 .text._ZNK2ot3Mac5Frame12GetCommandIdERh
                0x0000000000003e78       0x32 lib/libopenthread-radio.a(mac_frame.cpp.obj)
                0x0000000000003e78                ot::Mac::Frame::GetCommandId(unsigned char&) const
 .text._ZNK2ot3Mac5Frame20IsDataRequestCommandEv
                0x0000000000003eaa       0x2e lib/libopenthread-radio.a(mac_frame.cpp.obj)
                0x0000000000003eaa                ot::Mac::Frame::IsDataRequestCommand() const
 .text._ZNK2ot3Mac5Frame10GetPayloadEv
                0x0000000000003ed8       0x14 lib/libopenthread-radio.a(mac_frame.cpp.obj)
                0x0000000000003ed8                ot::Mac::Frame::GetPayload() const
 .text._ZNK2ot3Mac5Frame15GetHeaderLengthEv
                0x0000000000003eec       0x10 lib/libopenthread-radio.a(mac_frame.cpp.obj)
                0x0000000000003eec                ot::Mac::Frame::GetHeaderLength() const
 .text._ZNK2ot3Mac5Frame16GetPayloadLengthEv
                0x0000000000003efc       0x1a lib/libopenthread-radio.a(mac_frame.cpp.obj)
                0x0000000000003efc                ot::Mac::Frame::GetPayloadLength() const
 .text._ZNK2ot3Mac5Frame9GetFooterEv
                0x0000000000003f16       0x12 lib/libopenthread-radio.a(mac_frame.cpp.obj)
                0x0000000000003f16                ot::Mac::Frame::GetFooter() const
 .text._ZN2ot3Mac7TxFrame21ProcessTransmitAesCcmERKNS0_10ExtAddressE
                0x0000000000003f28       0xca lib/libopenthread-radio.a(mac_frame.cpp.obj)
                0x0000000000003f28                ot::Mac::TxFrame::ProcessTransmitAesCcm(ot::Mac::ExtAddress const&)
 .text._ZN2ot3Mac10ExtAddress11CopyAddressEPhPKhNS1_13CopyByteOrderE
                0x0000000000003ff2       0x26 lib/libopenthread-radio.a(mac_types.cpp.obj)
                0x0000000000003ff2                ot::Mac::ExtAddress::CopyAddress(unsigned char*, unsigned char const*, ot::Mac::ExtAddress::CopyByteOrder)
 .text._ZN2ot3Mac11KeyMaterial5ClearEv
                0x0000000000004018        0x8 lib/libopenthread-radio.a(mac_types.cpp.obj)
                0x0000000000004018                ot::Mac::KeyMaterial::Clear()
 .text._ZN2ot3Mac11KeyMaterial7SetFromERKNS0_3KeyEb
                0x0000000000004020       0x1c lib/libopenthread-radio.a(mac_types.cpp.obj)
                0x0000000000004020                ot::Mac::KeyMaterial::SetFrom(ot::Mac::Key const&, bool)
 .text._ZNK2ot3Mac11KeyMaterial18ConvertToCryptoKeyERNS_6Crypto3KeyE
                0x000000000000403c        0x8 lib/libopenthread-radio.a(mac_types.cpp.obj)
                0x000000000000403c                ot::Mac::KeyMaterial::ConvertToCryptoKey(ot::Crypto::Key&) const
 .text._ZN2ot3Mac6SubMac4InitEv
                0x0000000000004044       0x56 lib/libopenthread-radio.a(sub_mac.cpp.obj)
                0x0000000000004044                ot::Mac::SubMac::Init()
 *fill*         0x000000000000409a        0x2 ff
 .text._ZN2ot3Mac6SubMacC2ERNS_8InstanceE
                0x000000000000409c       0x6c lib/libopenthread-radio.a(sub_mac.cpp.obj)
                0x000000000000409c                ot::Mac::SubMac::SubMac(ot::Instance&)
                0x000000000000409c                ot::Mac::SubMac::SubMac(ot::Instance&)
 .text._ZNK2ot3Mac6SubMac7GetCapsEv
                0x0000000000004108        0x8 lib/libopenthread-radio.a(sub_mac.cpp.obj)
                0x0000000000004108                ot::Mac::SubMac::GetCaps() const
 .text._ZN2ot3Mac6SubMac8SetPanIdEt
                0x0000000000004110        0xc lib/libopenthread-radio.a(sub_mac.cpp.obj)
                0x0000000000004110                ot::Mac::SubMac::SetPanId(unsigned short)
 .text._ZN2ot3Mac6SubMac15SetShortAddressEt
                0x000000000000411c        0xc lib/libopenthread-radio.a(sub_mac.cpp.obj)
                0x000000000000411c                ot::Mac::SubMac::SetShortAddress(unsigned short)
 .text._ZN2ot3Mac6SubMac13SetExtAddressERKNS0_10ExtAddressE
                0x0000000000004128       0x28 lib/libopenthread-radio.a(sub_mac.cpp.obj)
                0x0000000000004128                ot::Mac::SubMac::SetExtAddress(ot::Mac::ExtAddress const&)
 .text._ZN2ot3Mac6SubMac6EnableEv
                0x0000000000004150       0x2c lib/libopenthread-radio.a(sub_mac.cpp.obj)
                0x0000000000004150                ot::Mac::SubMac::Enable()
 .text._ZN2ot3Mac6SubMac7DisableEv
                0x000000000000417c       0x28 lib/libopenthread-radio.a(sub_mac.cpp.obj)
                0x000000000000417c                ot::Mac::SubMac::Disable()
 .text._ZN2ot3Mac6SubMac7ReceiveEh
                0x00000000000041a4       0x1c lib/libopenthread-radio.a(sub_mac.cpp.obj)